[0.570s] Invoking command in '/home/tejaswi/autonomous_docking_ros2/build/turtlebot3_gazebo': CMAKE_PREFIX_PATH=${CMAKE_PREFIX_PATH}:/home/tejaswi/ros2_ws/install/crazylidar:/home/tejaswi/ros2_ws/install/crazyflie_py:/opt/ros/humble /usr/bin/cmake /home/tejaswi/autonomous_docking_ros2/src/turtlebot3_gazebo -DAMENT_CMAKE_SYMLINK_INSTALL=1 -DCMAKE_INSTALL_PREFIX=/home/tejaswi/autonomous_docking_ros2/install/turtlebot3_gazebo
[0.636s] -- The C compiler identification is GNU 11.4.0
[0.702s] -- The CXX compiler identification is GNU 11.4.0
[0.712s] -- Detecting C compiler ABI info
[0.794s] -- Detecting C compiler ABI info - done
[0.811s] -- Check for working C compiler: /usr/bin/cc - skipped
[0.811s] -- Detecting C compile features
[0.812s] -- Detecting C compile features - done
[0.817s] -- Detecting CXX compiler ABI info
[0.911s] -- Detecting CXX compiler ABI info - done
[0.923s] -- Check for working CXX compiler: /usr/bin/c++ - skipped
[0.923s] -- Detecting CXX compile features
[0.924s] -- Detecting CXX compile features - done
[0.928s] -- Found ament_cmake: 1.3.11 (/opt/ros/humble/share/ament_cmake/cmake)
[1.176s] -- Found Python3: /usr/bin/python3 (found version "3.10.12") found components: Interpreter 
[1.279s] -- Override CMake install command with custom implementation using symlinks instead of copying resources
[1.343s] -- Found PkgConfig: /usr/bin/pkg-config (found version "0.29.2") 
[1.348s] -- Checking for module 'bullet>=2.82'
[1.363s] --   Found bullet, version 3.05
[1.492s] -- Found fcl: /usr/include (found suitable version "0.7.0", minimum required is "0.5.0") 
[1.553s] -- Found assimp: /usr/include (found version "5.2.0") 
[1.581s] -- Found DART: /usr/include (Required is at least version "6.6") found components: dart 
[1.822s] -- Found Boost: /usr/lib/x86_64-linux-gnu/cmake/Boost-1.74.0/BoostConfig.cmake (found suitable version "1.74.0", minimum required is "1.40.0") found components: thread system filesystem program_options regex iostreams date_time 
[1.848s] -- Found Protobuf: /usr/lib/x86_64-linux-gnu/libprotobuf.so (found version "3.12.4") 
[1.858s] -- Looking for ignition-math6 -- found version 6.15.1
[1.867s] -- Searching for dependencies of ignition-math6
[1.868s] -- Looking for OGRE...
[1.869s] -- OGRE_PREFIX_WATCH changed.
[1.876s] -- Checking for module 'OGRE'
[1.896s] --   Found OGRE, version 1.9.0
[1.941s] -- Found Ogre Ghadamon (1.9.0)
[1.957s] -- Found OGRE: optimized;/usr/lib/x86_64-linux-gnu/libOgreMain.so;debug;/usr/lib/x86_64-linux-gnu/libOgreMain.so
[1.971s] -- Looking for OGRE_Paging...
[1.985s] -- Found OGRE_Paging: optimized;/usr/lib/x86_64-linux-gnu/libOgrePaging.so;debug;/usr/lib/x86_64-linux-gnu/libOgrePaging.so
[1.985s] -- Looking for OGRE_Terrain...
[1.995s] -- Found OGRE_Terrain: optimized;/usr/lib/x86_64-linux-gnu/libOgreTerrain.so;debug;/usr/lib/x86_64-linux-gnu/libOgreTerrain.so
[1.995s] -- Looking for OGRE_Property...
[2.003s] -- Found OGRE_Property: optimized;/usr/lib/x86_64-linux-gnu/libOgreProperty.so;debug;/usr/lib/x86_64-linux-gnu/libOgreProperty.so
[2.003s] -- Looking for OGRE_RTShaderSystem...
[2.013s] -- Found OGRE_RTShaderSystem: optimized;/usr/lib/x86_64-linux-gnu/libOgreRTShaderSystem.so;debug;/usr/lib/x86_64-linux-gnu/libOgreRTShaderSystem.so
[2.013s] -- Looking for OGRE_Volume...
[2.022s] -- Found OGRE_Volume: optimized;/usr/lib/x86_64-linux-gnu/libOgreVolume.so;debug;/usr/lib/x86_64-linux-gnu/libOgreVolume.so
[2.022s] -- Looking for OGRE_Overlay...
[2.032s] -- Found OGRE_Overlay: optimized;/usr/lib/x86_64-linux-gnu/libOgreOverlay.so;debug;/usr/lib/x86_64-linux-gnu/libOgreOverlay.so
[2.190s] -- Looking for ignition-math6 -- found version 6.15.1
[2.200s] -- Looking for ignition-transport8 -- found version 8.2.1
[2.201s] -- Searching for dependencies of ignition-transport8
[2.223s] -- Found Protobuf: /usr/lib/x86_64-linux-gnu/libprotobuf.so (found suitable version "3.12.4", minimum required is "3") 
[2.239s] -- Config-file not installed for ZeroMQ -- checking for pkg-config
[2.245s] -- Checking for module 'libzmq >= 4'
[2.261s] --   Found libzmq , version 4.3.4
[2.305s] -- Found ZeroMQ: TRUE (Required is at least version "4") 
[2.312s] -- Checking for module 'uuid'
[2.329s] --   Found uuid, version 2.37.2
[2.371s] -- Found UUID: TRUE  
[2.375s] -- Looking for ignition-msgs5 -- found version 5.8.1
[2.375s] -- Searching for dependencies of ignition-msgs5
[2.405s] -- Looking for ignition-math6 -- found version 6.15.1
[2.412s] -- Checking for module 'tinyxml2'
[2.429s] --   Found tinyxml2, version 9.0.0
[2.469s] -- Looking for ignition-msgs5 -- found version 5.8.1
[2.479s] -- Looking for ignition-common3 -- found version 3.14.0
[2.480s] -- Searching for dependencies of ignition-common3
[2.480s] -- Looking for dlfcn.h - found
[2.481s] -- Looking for libdl - found
[2.483s] -- Found DL: TRUE  
[2.498s] -- Found tinyobjloader: /usr/lib/x86_64-linux-gnu/cmake/tinyobjloader/tinyobjloader-config.cmake (found version "2.0.0") 
[2.498s] -- Searching for <ignition-common3> component [graphics]
[2.501s] -- Looking for ignition-common3-graphics -- found version 3.14.0
[2.501s] -- Searching for dependencies of ignition-common3-graphics
[2.501s] -- Looking for ignition-math6 -- found version 6.15.1
[2.505s] -- Looking for ignition-fuel_tools4 -- found version 4.4.0
[2.505s] -- Searching for dependencies of ignition-fuel_tools4
[2.609s] -- Found CURL: /usr/lib/x86_64-linux-gnu/libcurl.so (found version "7.81.0")  
[2.620s] -- Checking for module 'jsoncpp'
[2.638s] --   Found jsoncpp, version 1.9.5
[2.678s] -- Found JSONCPP: TRUE  
[2.685s] -- Checking for module 'libzip'
[2.699s] --   Found libzip, version 1.7.3
[2.736s] -- Found ZIP: TRUE  
[2.736s] -- Looking for ignition-common3 -- found version 3.14.0
[2.737s] -- Looking for ignition-math6 -- found version 6.15.1
[2.737s] -- Looking for ignition-msgs5 -- found version 5.8.1
[2.745s] -- Found gazebo_ros_pkgs: 3.9.0 (/opt/ros/humble/share/gazebo_ros_pkgs/cmake)
[2.754s] -- Found geometry_msgs: 4.8.0 (/opt/ros/humble/share/geometry_msgs/cmake)
[2.790s] -- Found rosidl_generator_c: 3.1.6 (/opt/ros/humble/share/rosidl_generator_c/cmake)
[2.797s] -- Found rosidl_adapter: 3.1.6 (/opt/ros/humble/share/rosidl_adapter/cmake)
[2.805s] -- Found rosidl_generator_cpp: 3.1.6 (/opt/ros/humble/share/rosidl_generator_cpp/cmake)
[2.822s] -- Using all available rosidl_typesupport_c: rosidl_typesupport_fastrtps_c;rosidl_typesupport_introspection_c
[2.843s] -- Using all available rosidl_typesupport_cpp: rosidl_typesupport_fastrtps_cpp;rosidl_typesupport_introspection_cpp
[2.881s] -- Found nav_msgs: 4.8.0 (/opt/ros/humble/share/nav_msgs/cmake)
[2.899s] -- Found rclcpp: 16.0.12 (/opt/ros/humble/share/rclcpp/cmake)
[2.944s] -- Found rmw_implementation_cmake: 6.1.2 (/opt/ros/humble/share/rmw_implementation_cmake/cmake)
[2.948s] -- Found rmw_cyclonedds_cpp: 1.3.4 (/opt/ros/humble/share/rmw_cyclonedds_cpp/cmake)
[2.970s] -- Using RMW implementation 'rmw_cyclonedds_cpp' as default
[2.981s] -- Found Threads: TRUE  
[3.019s] -- Found sensor_msgs: 4.8.0 (/opt/ros/humble/share/sensor_msgs/cmake)
[3.042s] -- Found tf2: 0.25.13 (/opt/ros/humble/share/tf2/cmake)
[3.122s] -- Configuring done
[3.170s] -- Generating done
[3.172s] -- Build files have been written to: /home/tejaswi/autonomous_docking_ros2/build/turtlebot3_gazebo
[3.186s] Invoked command in '/home/tejaswi/autonomous_docking_ros2/build/turtlebot3_gazebo' returned '0': CMAKE_PREFIX_PATH=${CMAKE_PREFIX_PATH}:/home/tejaswi/ros2_ws/install/crazylidar:/home/tejaswi/ros2_ws/install/crazyflie_py:/opt/ros/humble /usr/bin/cmake /home/tejaswi/autonomous_docking_ros2/src/turtlebot3_gazebo -DAMENT_CMAKE_SYMLINK_INSTALL=1 -DCMAKE_INSTALL_PREFIX=/home/tejaswi/autonomous_docking_ros2/install/turtlebot3_gazebo
[3.188s] Invoking command in '/home/tejaswi/autonomous_docking_ros2/build/turtlebot3_gazebo': CMAKE_PREFIX_PATH=${CMAKE_PREFIX_PATH}:/home/tejaswi/ros2_ws/install/crazylidar:/home/tejaswi/ros2_ws/install/crazyflie_py:/opt/ros/humble /usr/bin/cmake --build /home/tejaswi/autonomous_docking_ros2/build/turtlebot3_gazebo -- -j8 -l8
[3.250s] [ 16%] [32mBuilding CXX object CMakeFiles/traffic_light_plugin.dir/src/traffic_light_plugin.cpp.o[0m
[3.250s] [ 16%] [32mBuilding CXX object CMakeFiles/obstacle2.dir/src/obstacle2.cpp.o[0m
[3.250s] [ 25%] [32mBuilding CXX object CMakeFiles/turtlebot3_drive.dir/src/turtlebot3_drive.cpp.o[0m
[3.250s] [ 33%] [32mBuilding CXX object CMakeFiles/obstacles.dir/src/obstacles.cpp.o[0m
[3.252s] [ 41%] [32mBuilding CXX object CMakeFiles/traffic_bar_plugin.dir/src/traffic_bar_plugin.cpp.o[0m
[3.253s] [ 50%] [32mBuilding CXX object CMakeFiles/obstacle1.dir/src/obstacle1.cpp.o[0m
