[0.083s] DEBUG:colcon:Command line arguments: ['/usr/bin/colcon', 'build']
[0.083s] DEBUG:colcon:Parsed command line arguments: Namespace(log_base=None, log_level=None, verb_name='build', build_base='build', install_base='install', merge_install=False, symlink_install=False, test_result_base=None, continue_on_error=False, executor='parallel', parallel_workers=8, event_handlers=None, ignore_user_meta=False, metas=['./colcon.meta'], base_paths=['.'], packages_ignore=None, packages_ignore_regex=None, paths=None, packages_up_to=None, packages_up_to_regex=None, packages_above=None, packages_above_and_dependencies=None, packages_above_depth=None, packages_select_by_dep=None, packages_skip_by_dep=None, packages_skip_up_to=None, packages_select_build_failed=False, packages_skip_build_finished=False, packages_select_test_failures=False, packages_skip_test_passed=False, packages_select=None, packages_skip=None, packages_select_regex=None, packages_skip_regex=None, packages_start=None, packages_end=None, allow_overriding=[], cmake_args=None, cmake_target=None, cmake_target_skip_unavailable=False, cmake_clean_cache=False, cmake_clean_first=False, cmake_force_configure=False, ament_cmake_args=None, catkin_cmake_args=None, catkin_skip_building_tests=False, verb_parser=<colcon_defaults.argument_parser.defaults.DefaultArgumentsDecorator object at 0x7aca111579a0>, verb_extension=<colcon_core.verb.build.BuildVerb object at 0x7aca111573d0>, main=<bound method BuildVerb.main of <colcon_core.verb.build.BuildVerb object at 0x7aca111573d0>>)
[0.226s] Level 1:colcon.colcon_core.package_discovery:discover_packages(colcon_meta) check parameters
[0.226s] Level 1:colcon.colcon_core.package_discovery:discover_packages(recursive) check parameters
[0.226s] Level 1:colcon.colcon_core.package_discovery:discover_packages(ignore) check parameters
[0.226s] Level 1:colcon.colcon_core.package_discovery:discover_packages(path) check parameters
[0.226s] Level 1:colcon.colcon_core.package_discovery:discover_packages(colcon_meta) discover
[0.226s] Level 1:colcon.colcon_core.package_discovery:discover_packages(recursive) discover
[0.226s] INFO:colcon.colcon_core.package_discovery:Crawling recursively for packages in '/home/tejaswi/autonomous_docking_ros2'
[0.226s] Level 1:colcon.colcon_core.package_identification:_identify(.) by extensions ['ignore', 'ignore_ament_install']
[0.226s] Level 1:colcon.colcon_core.package_identification:_identify(.) by extension 'ignore'
[0.226s] Level 1:colcon.colcon_core.package_identification:_identify(.) by extension 'ignore_ament_install'
[0.226s] Level 1:colcon.colcon_core.package_identification:_identify(.) by extensions ['colcon_pkg']
[0.226s] Level 1:colcon.colcon_core.package_identification:_identify(.) by extension 'colcon_pkg'
[0.226s] Level 1:colcon.colcon_core.package_identification:_identify(.) by extensions ['colcon_meta']
[0.226s] Level 1:colcon.colcon_core.package_identification:_identify(.) by extension 'colcon_meta'
[0.226s] Level 1:colcon.colcon_core.package_identification:_identify(.) by extensions ['ros']
[0.226s] Level 1:colcon.colcon_core.package_identification:_identify(.) by extension 'ros'
[0.235s] Level 1:colcon.colcon_core.package_identification:_identify(.) by extensions ['cmake', 'python']
[0.235s] Level 1:colcon.colcon_core.package_identification:_identify(.) by extension 'cmake'
[0.235s] Level 1:colcon.colcon_core.package_identification:_identify(.) by extension 'python'
[0.235s] Level 1:colcon.colcon_core.package_identification:_identify(.) by extensions ['python_setup_py']
[0.235s] Level 1:colcon.colcon_core.package_identification:_identify(.) by extension 'python_setup_py'
[0.235s] Level 1:colcon.colcon_core.package_identification:_identify(build) by extensions ['ignore', 'ignore_ament_install']
[0.236s] Level 1:colcon.colcon_core.package_identification:_identify(build) by extension 'ignore'
[0.236s] Level 1:colcon.colcon_core.package_identification:_identify(build) ignored
[0.236s] Level 1:colcon.colcon_core.package_identification:_identify(install) by extensions ['ignore', 'ignore_ament_install']
[0.236s] Level 1:colcon.colcon_core.package_identification:_identify(install) by extension 'ignore'
[0.236s] Level 1:colcon.colcon_core.package_identification:_identify(install) ignored
[0.236s] Level 1:colcon.colcon_core.package_identification:_identify(log) by extensions ['ignore', 'ignore_ament_install']
[0.236s] Level 1:colcon.colcon_core.package_identification:_identify(log) by extension 'ignore'
[0.236s] Level 1:colcon.colcon_core.package_identification:_identify(log) ignored
[0.236s] Level 1:colcon.colcon_core.package_identification:_identify(src) by extensions ['ignore', 'ignore_ament_install']
[0.236s] Level 1:colcon.colcon_core.package_identification:_identify(src) by extension 'ignore'
[0.236s] Level 1:colcon.colcon_core.package_identification:_identify(src) by extension 'ignore_ament_install'
[0.236s] Level 1:colcon.colcon_core.package_identification:_identify(src) by extensions ['colcon_pkg']
[0.236s] Level 1:colcon.colcon_core.package_identification:_identify(src) by extension 'colcon_pkg'
[0.236s] Level 1:colcon.colcon_core.package_identification:_identify(src) by extensions ['colcon_meta']
[0.236s] Level 1:colcon.colcon_core.package_identification:_identify(src) by extension 'colcon_meta'
[0.236s] Level 1:colcon.colcon_core.package_identification:_identify(src) by extensions ['ros']
[0.236s] Level 1:colcon.colcon_core.package_identification:_identify(src) by extension 'ros'
[0.236s] Level 1:colcon.colcon_core.package_identification:_identify(src) by extensions ['cmake', 'python']
[0.236s] Level 1:colcon.colcon_core.package_identification:_identify(src) by extension 'cmake'
[0.236s] Level 1:colcon.colcon_core.package_identification:_identify(src) by extension 'python'
[0.236s] Level 1:colcon.colcon_core.package_identification:_identify(src) by extensions ['python_setup_py']
[0.236s] Level 1:colcon.colcon_core.package_identification:_identify(src) by extension 'python_setup_py'
[0.236s] Level 1:colcon.colcon_core.package_identification:_identify(src/aruco_detector) by extensions ['ignore', 'ignore_ament_install']
[0.237s] Level 1:colcon.colcon_core.package_identification:_identify(src/aruco_detector) by extension 'ignore'
[0.237s] Level 1:colcon.colcon_core.package_identification:_identify(src/aruco_detector) by extension 'ignore_ament_install'
[0.237s] Level 1:colcon.colcon_core.package_identification:_identify(src/aruco_detector) by extensions ['colcon_pkg']
[0.237s] Level 1:colcon.colcon_core.package_identification:_identify(src/aruco_detector) by extension 'colcon_pkg'
[0.237s] Level 1:colcon.colcon_core.package_identification:_identify(src/aruco_detector) by extensions ['colcon_meta']
[0.237s] Level 1:colcon.colcon_core.package_identification:_identify(src/aruco_detector) by extension 'colcon_meta'
[0.237s] Level 1:colcon.colcon_core.package_identification:_identify(src/aruco_detector) by extensions ['ros']
[0.237s] Level 1:colcon.colcon_core.package_identification:_identify(src/aruco_detector) by extension 'ros'
[0.247s] DEBUG:colcon.colcon_core.package_identification:Package 'src/aruco_detector' with type 'ros.ament_python' and name 'aruco_detector'
[0.247s] Level 1:colcon.colcon_core.package_identification:_identify(src/docking_controller) by extensions ['ignore', 'ignore_ament_install']
[0.247s] Level 1:colcon.colcon_core.package_identification:_identify(src/docking_controller) by extension 'ignore'
[0.247s] Level 1:colcon.colcon_core.package_identification:_identify(src/docking_controller) by extension 'ignore_ament_install'
[0.247s] Level 1:colcon.colcon_core.package_identification:_identify(src/docking_controller) by extensions ['colcon_pkg']
[0.247s] Level 1:colcon.colcon_core.package_identification:_identify(src/docking_controller) by extension 'colcon_pkg'
[0.247s] Level 1:colcon.colcon_core.package_identification:_identify(src/docking_controller) by extensions ['colcon_meta']
[0.247s] Level 1:colcon.colcon_core.package_identification:_identify(src/docking_controller) by extension 'colcon_meta'
[0.247s] Level 1:colcon.colcon_core.package_identification:_identify(src/docking_controller) by extensions ['ros']
[0.247s] Level 1:colcon.colcon_core.package_identification:_identify(src/docking_controller) by extension 'ros'
[0.248s] DEBUG:colcon.colcon_core.package_identification:Package 'src/docking_controller' with type 'ros.ament_python' and name 'docking_controller'
[0.248s] Level 1:colcon.colcon_core.package_identification:_identify(src/turtlebot3_docking_sim) by extensions ['ignore', 'ignore_ament_install']
[0.248s] Level 1:colcon.colcon_core.package_identification:_identify(src/turtlebot3_docking_sim) by extension 'ignore'
[0.248s] Level 1:colcon.colcon_core.package_identification:_identify(src/turtlebot3_docking_sim) by extension 'ignore_ament_install'
[0.248s] Level 1:colcon.colcon_core.package_identification:_identify(src/turtlebot3_docking_sim) by extensions ['colcon_pkg']
[0.248s] Level 1:colcon.colcon_core.package_identification:_identify(src/turtlebot3_docking_sim) by extension 'colcon_pkg'
[0.248s] Level 1:colcon.colcon_core.package_identification:_identify(src/turtlebot3_docking_sim) by extensions ['colcon_meta']
[0.248s] Level 1:colcon.colcon_core.package_identification:_identify(src/turtlebot3_docking_sim) by extension 'colcon_meta'
[0.248s] Level 1:colcon.colcon_core.package_identification:_identify(src/turtlebot3_docking_sim) by extensions ['ros']
[0.248s] Level 1:colcon.colcon_core.package_identification:_identify(src/turtlebot3_docking_sim) by extension 'ros'
[0.249s] DEBUG:colcon.colcon_core.package_identification:Package 'src/turtlebot3_docking_sim' with type 'ros.ament_cmake' and name 'turtlebot3_docking_sim'
[0.249s] Level 1:colcon.colcon_core.package_discovery:discover_packages(recursive) using defaults
[0.249s] Level 1:colcon.colcon_core.package_discovery:discover_packages(ignore) discover
[0.249s] Level 1:colcon.colcon_core.package_discovery:discover_packages(ignore) using defaults
[0.249s] Level 1:colcon.colcon_core.package_discovery:discover_packages(path) discover
[0.249s] Level 1:colcon.colcon_core.package_discovery:discover_packages(path) using defaults
[0.265s] Level 1:colcon.colcon_core.package_discovery:discover_packages(prefix_path) check parameters
[0.265s] Level 1:colcon.colcon_core.package_discovery:discover_packages(prefix_path) discover
[0.267s] DEBUG:colcon.colcon_installed_package_information.package_discovery:Found 8 installed packages in /home/tejaswi/ros2_ws/install
[0.268s] DEBUG:colcon.colcon_installed_package_information.package_discovery:Found 425 installed packages in /opt/ros/humble
[0.270s] Level 1:colcon.colcon_core.package_discovery:discover_packages(prefix_path) using defaults
[0.307s] Level 5:colcon.colcon_core.verb:set package 'aruco_detector' build argument 'cmake_args' from command line to 'None'
[0.307s] Level 5:colcon.colcon_core.verb:set package 'aruco_detector' build argument 'cmake_target' from command line to 'None'
[0.307s] Level 5:colcon.colcon_core.verb:set package 'aruco_detector' build argument 'cmake_target_skip_unavailable' from command line to 'False'
[0.307s] Level 5:colcon.colcon_core.verb:set package 'aruco_detector' build argument 'cmake_clean_cache' from command line to 'False'
[0.307s] Level 5:colcon.colcon_core.verb:set package 'aruco_detector' build argument 'cmake_clean_first' from command line to 'False'
[0.307s] Level 5:colcon.colcon_core.verb:set package 'aruco_detector' build argument 'cmake_force_configure' from command line to 'False'
[0.307s] Level 5:colcon.colcon_core.verb:set package 'aruco_detector' build argument 'ament_cmake_args' from command line to 'None'
[0.307s] Level 5:colcon.colcon_core.verb:set package 'aruco_detector' build argument 'catkin_cmake_args' from command line to 'None'
[0.307s] Level 5:colcon.colcon_core.verb:set package 'aruco_detector' build argument 'catkin_skip_building_tests' from command line to 'False'
[0.307s] DEBUG:colcon.colcon_core.verb:Building package 'aruco_detector' with the following arguments: {'ament_cmake_args': None, 'build_base': '/home/tejaswi/autonomous_docking_ros2/build/aruco_detector', 'catkin_cmake_args': None, 'catkin_skip_building_tests': False, 'cmake_args': None, 'cmake_clean_cache': False, 'cmake_clean_first': False, 'cmake_force_configure': False, 'cmake_target': None, 'cmake_target_skip_unavailable': False, 'install_base': '/home/tejaswi/autonomous_docking_ros2/install/aruco_detector', 'merge_install': False, 'path': '/home/tejaswi/autonomous_docking_ros2/src/aruco_detector', 'symlink_install': False, 'test_result_base': None}
[0.307s] Level 5:colcon.colcon_core.verb:set package 'docking_controller' build argument 'cmake_args' from command line to 'None'
[0.307s] Level 5:colcon.colcon_core.verb:set package 'docking_controller' build argument 'cmake_target' from command line to 'None'
[0.307s] Level 5:colcon.colcon_core.verb:set package 'docking_controller' build argument 'cmake_target_skip_unavailable' from command line to 'False'
[0.307s] Level 5:colcon.colcon_core.verb:set package 'docking_controller' build argument 'cmake_clean_cache' from command line to 'False'
[0.307s] Level 5:colcon.colcon_core.verb:set package 'docking_controller' build argument 'cmake_clean_first' from command line to 'False'
[0.307s] Level 5:colcon.colcon_core.verb:set package 'docking_controller' build argument 'cmake_force_configure' from command line to 'False'
[0.308s] Level 5:colcon.colcon_core.verb:set package 'docking_controller' build argument 'ament_cmake_args' from command line to 'None'
[0.308s] Level 5:colcon.colcon_core.verb:set package 'docking_controller' build argument 'catkin_cmake_args' from command line to 'None'
[0.308s] Level 5:colcon.colcon_core.verb:set package 'docking_controller' build argument 'catkin_skip_building_tests' from command line to 'False'
[0.308s] DEBUG:colcon.colcon_core.verb:Building package 'docking_controller' with the following arguments: {'ament_cmake_args': None, 'build_base': '/home/tejaswi/autonomous_docking_ros2/build/docking_controller', 'catkin_cmake_args': None, 'catkin_skip_building_tests': False, 'cmake_args': None, 'cmake_clean_cache': False, 'cmake_clean_first': False, 'cmake_force_configure': False, 'cmake_target': None, 'cmake_target_skip_unavailable': False, 'install_base': '/home/tejaswi/autonomous_docking_ros2/install/docking_controller', 'merge_install': False, 'path': '/home/tejaswi/autonomous_docking_ros2/src/docking_controller', 'symlink_install': False, 'test_result_base': None}
[0.308s] Level 5:colcon.colcon_core.verb:set package 'turtlebot3_docking_sim' build argument 'cmake_args' from command line to 'None'
[0.308s] Level 5:colcon.colcon_core.verb:set package 'turtlebot3_docking_sim' build argument 'cmake_target' from command line to 'None'
[0.308s] Level 5:colcon.colcon_core.verb:set package 'turtlebot3_docking_sim' build argument 'cmake_target_skip_unavailable' from command line to 'False'
[0.308s] Level 5:colcon.colcon_core.verb:set package 'turtlebot3_docking_sim' build argument 'cmake_clean_cache' from command line to 'False'
[0.308s] Level 5:colcon.colcon_core.verb:set package 'turtlebot3_docking_sim' build argument 'cmake_clean_first' from command line to 'False'
[0.308s] Level 5:colcon.colcon_core.verb:set package 'turtlebot3_docking_sim' build argument 'cmake_force_configure' from command line to 'False'
[0.308s] Level 5:colcon.colcon_core.verb:set package 'turtlebot3_docking_sim' build argument 'ament_cmake_args' from command line to 'None'
[0.308s] Level 5:colcon.colcon_core.verb:set package 'turtlebot3_docking_sim' build argument 'catkin_cmake_args' from command line to 'None'
[0.308s] Level 5:colcon.colcon_core.verb:set package 'turtlebot3_docking_sim' build argument 'catkin_skip_building_tests' from command line to 'False'
[0.308s] DEBUG:colcon.colcon_core.verb:Building package 'turtlebot3_docking_sim' with the following arguments: {'ament_cmake_args': None, 'build_base': '/home/tejaswi/autonomous_docking_ros2/build/turtlebot3_docking_sim', 'catkin_cmake_args': None, 'catkin_skip_building_tests': False, 'cmake_args': None, 'cmake_clean_cache': False, 'cmake_clean_first': False, 'cmake_force_configure': False, 'cmake_target': None, 'cmake_target_skip_unavailable': False, 'install_base': '/home/tejaswi/autonomous_docking_ros2/install/turtlebot3_docking_sim', 'merge_install': False, 'path': '/home/tejaswi/autonomous_docking_ros2/src/turtlebot3_docking_sim', 'symlink_install': False, 'test_result_base': None}
[0.308s] INFO:colcon.colcon_core.executor:Executing jobs using 'parallel' executor
[0.309s] DEBUG:colcon.colcon_parallel_executor.executor.parallel:run_until_complete
[0.309s] INFO:colcon.colcon_ros.task.ament_python.build:Building ROS package in '/home/tejaswi/autonomous_docking_ros2/src/aruco_detector' with build type 'ament_python'
[0.309s] Level 1:colcon.colcon_core.shell:create_environment_hook('aruco_detector', 'ament_prefix_path')
[0.311s] INFO:colcon.colcon_core.plugin_system:Skipping extension 'colcon_core.shell.bat': Not used on non-Windows systems
[0.311s] INFO:colcon.colcon_core.shell:Creating environment hook '/home/tejaswi/autonomous_docking_ros2/install/aruco_detector/share/aruco_detector/hook/ament_prefix_path.ps1'
[0.312s] INFO:colcon.colcon_core.shell:Creating environment descriptor '/home/tejaswi/autonomous_docking_ros2/install/aruco_detector/share/aruco_detector/hook/ament_prefix_path.dsv'
[0.312s] INFO:colcon.colcon_core.shell:Creating environment hook '/home/tejaswi/autonomous_docking_ros2/install/aruco_detector/share/aruco_detector/hook/ament_prefix_path.sh'
[0.313s] INFO:colcon.colcon_core.shell:Skip shell extension 'powershell' for command environment: Not usable outside of PowerShell
[0.313s] DEBUG:colcon.colcon_core.shell:Skip shell extension 'dsv' for command environment
[0.316s] INFO:colcon.colcon_ros.task.ament_python.build:Building ROS package in '/home/tejaswi/autonomous_docking_ros2/src/docking_controller' with build type 'ament_python'
[0.316s] Level 1:colcon.colcon_core.shell:create_environment_hook('docking_controller', 'ament_prefix_path')
[0.316s] INFO:colcon.colcon_core.shell:Creating environment hook '/home/tejaswi/autonomous_docking_ros2/install/docking_controller/share/docking_controller/hook/ament_prefix_path.ps1'
[0.316s] INFO:colcon.colcon_core.shell:Creating environment descriptor '/home/tejaswi/autonomous_docking_ros2/install/docking_controller/share/docking_controller/hook/ament_prefix_path.dsv'
[0.317s] INFO:colcon.colcon_core.shell:Creating environment hook '/home/tejaswi/autonomous_docking_ros2/install/docking_controller/share/docking_controller/hook/ament_prefix_path.sh'
[0.317s] INFO:colcon.colcon_core.shell:Skip shell extension 'powershell' for command environment: Not usable outside of PowerShell
[0.317s] DEBUG:colcon.colcon_core.shell:Skip shell extension 'dsv' for command environment
[0.320s] INFO:colcon.colcon_ros.task.ament_cmake.build:Building ROS package in '/home/tejaswi/autonomous_docking_ros2/src/turtlebot3_docking_sim' with build type 'ament_cmake'
[0.320s] INFO:colcon.colcon_cmake.task.cmake.build:Building CMake package in '/home/tejaswi/autonomous_docking_ros2/src/turtlebot3_docking_sim'
[0.320s] INFO:colcon.colcon_core.shell:Skip shell extension 'powershell' for command environment: Not usable outside of PowerShell
[0.320s] DEBUG:colcon.colcon_core.shell:Skip shell extension 'dsv' for command environment
[0.543s] INFO:colcon.colcon_core.task.python.build:Building Python package in '/home/tejaswi/autonomous_docking_ros2/src/aruco_detector'
[0.544s] INFO:colcon.colcon_core.shell:Skip shell extension 'powershell' for command environment: Not usable outside of PowerShell
[0.544s] DEBUG:colcon.colcon_core.shell:Skip shell extension 'dsv' for command environment
[0.767s] INFO:colcon.colcon_core.task.python.build:Building Python package in '/home/tejaswi/autonomous_docking_ros2/src/docking_controller'
[0.768s] INFO:colcon.colcon_core.shell:Skip shell extension 'powershell' for command environment: Not usable outside of PowerShell
[0.768s] DEBUG:colcon.colcon_core.shell:Skip shell extension 'dsv' for command environment
[0.773s] DEBUG:colcon.colcon_core.event_handler.log_command:Invoking command in '/home/tejaswi/autonomous_docking_ros2/build/turtlebot3_docking_sim': CMAKE_PREFIX_PATH=${CMAKE_PREFIX_PATH}:/home/tejaswi/ros2_ws/install/crazylidar:/home/tejaswi/ros2_ws/install/crazyflie_py:/opt/ros/humble /usr/bin/cmake /home/tejaswi/autonomous_docking_ros2/src/turtlebot3_docking_sim -DCMAKE_INSTALL_PREFIX=/home/tejaswi/autonomous_docking_ros2/install/turtlebot3_docking_sim
[1.186s] DEBUG:colcon.colcon_core.event_handler.log_command:Invoking command in '/home/tejaswi/autonomous_docking_ros2/src/docking_controller': PYTHONPATH=/home/tejaswi/autonomous_docking_ros2/build/docking_controller/prefix_override:/usr/lib/python3/dist-packages/colcon_core/task/python/colcon_distutils_commands:/home/tejaswi/autonomous_docking_ros2/install/docking_controller/lib/python3.10/site-packages:${PYTHONPATH} /usr/bin/python3 -W ignore:setup.py install is deprecated setup.py egg_info --egg-base ../../build/docking_controller build --build-base /home/tejaswi/autonomous_docking_ros2/build/docking_controller/build install --record /home/tejaswi/autonomous_docking_ros2/build/docking_controller/install.log --single-version-externally-managed install_data
[1.188s] DEBUG:colcon.colcon_core.event_handler.log_command:Invoking command in '/home/tejaswi/autonomous_docking_ros2/src/aruco_detector': PYTHONPATH=/home/tejaswi/autonomous_docking_ros2/build/aruco_detector/prefix_override:/usr/lib/python3/dist-packages/colcon_core/task/python/colcon_distutils_commands:/home/tejaswi/autonomous_docking_ros2/install/aruco_detector/lib/python3.10/site-packages:${PYTHONPATH} /usr/bin/python3 -W ignore:setup.py install is deprecated setup.py egg_info --egg-base ../../build/aruco_detector build --build-base /home/tejaswi/autonomous_docking_ros2/build/aruco_detector/build install --record /home/tejaswi/autonomous_docking_ros2/build/aruco_detector/install.log --single-version-externally-managed install_data
[1.477s] DEBUG:colcon.colcon_core.event_handler.log_command:Invoked command in '/home/tejaswi/autonomous_docking_ros2/src/docking_controller' returned '0': PYTHONPATH=/home/tejaswi/autonomous_docking_ros2/build/docking_controller/prefix_override:/usr/lib/python3/dist-packages/colcon_core/task/python/colcon_distutils_commands:/home/tejaswi/autonomous_docking_ros2/install/docking_controller/lib/python3.10/site-packages:${PYTHONPATH} /usr/bin/python3 -W ignore:setup.py install is deprecated setup.py egg_info --egg-base ../../build/docking_controller build --build-base /home/tejaswi/autonomous_docking_ros2/build/docking_controller/build install --record /home/tejaswi/autonomous_docking_ros2/build/docking_controller/install.log --single-version-externally-managed install_data
[1.479s] Level 1:colcon.colcon_core.environment:checking '/home/tejaswi/autonomous_docking_ros2/install/docking_controller' for CMake module files
[1.479s] Level 1:colcon.colcon_core.environment:checking '/home/tejaswi/autonomous_docking_ros2/install/docking_controller' for CMake config files
[1.480s] Level 1:colcon.colcon_core.environment:checking '/home/tejaswi/autonomous_docking_ros2/install/docking_controller/lib'
[1.480s] Level 1:colcon.colcon_core.environment:checking '/home/tejaswi/autonomous_docking_ros2/install/docking_controller/bin'
[1.480s] Level 1:colcon.colcon_core.environment:checking '/home/tejaswi/autonomous_docking_ros2/install/docking_controller/lib/pkgconfig/docking_controller.pc'
[1.480s] Level 1:colcon.colcon_core.environment:checking '/home/tejaswi/autonomous_docking_ros2/install/docking_controller/lib/python3.10/site-packages'
[1.480s] Level 1:colcon.colcon_core.shell:create_environment_hook('docking_controller', 'pythonpath')
[1.481s] INFO:colcon.colcon_core.shell:Creating environment hook '/home/tejaswi/autonomous_docking_ros2/install/docking_controller/share/docking_controller/hook/pythonpath.ps1'
[1.481s] INFO:colcon.colcon_core.shell:Creating environment descriptor '/home/tejaswi/autonomous_docking_ros2/install/docking_controller/share/docking_controller/hook/pythonpath.dsv'
[1.481s] INFO:colcon.colcon_core.shell:Creating environment hook '/home/tejaswi/autonomous_docking_ros2/install/docking_controller/share/docking_controller/hook/pythonpath.sh'
[1.482s] Level 1:colcon.colcon_core.environment:checking '/home/tejaswi/autonomous_docking_ros2/install/docking_controller/bin'
[1.482s] Level 1:colcon.colcon_core.environment:create_environment_scripts_only(docking_controller)
[1.482s] INFO:colcon.colcon_core.shell:Creating package script '/home/tejaswi/autonomous_docking_ros2/install/docking_controller/share/docking_controller/package.ps1'
[1.483s] INFO:colcon.colcon_core.shell:Creating package descriptor '/home/tejaswi/autonomous_docking_ros2/install/docking_controller/share/docking_controller/package.dsv'
[1.484s] INFO:colcon.colcon_core.shell:Creating package script '/home/tejaswi/autonomous_docking_ros2/install/docking_controller/share/docking_controller/package.sh'
[1.484s] INFO:colcon.colcon_core.shell:Creating package script '/home/tejaswi/autonomous_docking_ros2/install/docking_controller/share/docking_controller/package.bash'
[1.485s] INFO:colcon.colcon_core.shell:Creating package script '/home/tejaswi/autonomous_docking_ros2/install/docking_controller/share/docking_controller/package.zsh'
[1.486s] Level 1:colcon.colcon_core.environment:create_file_with_runtime_dependencies(/home/tejaswi/autonomous_docking_ros2/install/docking_controller/share/colcon-core/packages/docking_controller)
[1.487s] Level 1:colcon.colcon_core.environment:checking '/home/tejaswi/autonomous_docking_ros2/install/aruco_detector' for CMake module files
[1.487s] DEBUG:colcon.colcon_core.event_handler.log_command:Invoked command in '/home/tejaswi/autonomous_docking_ros2/src/aruco_detector' returned '0': PYTHONPATH=/home/tejaswi/autonomous_docking_ros2/build/aruco_detector/prefix_override:/usr/lib/python3/dist-packages/colcon_core/task/python/colcon_distutils_commands:/home/tejaswi/autonomous_docking_ros2/install/aruco_detector/lib/python3.10/site-packages:${PYTHONPATH} /usr/bin/python3 -W ignore:setup.py install is deprecated setup.py egg_info --egg-base ../../build/aruco_detector build --build-base /home/tejaswi/autonomous_docking_ros2/build/aruco_detector/build install --record /home/tejaswi/autonomous_docking_ros2/build/aruco_detector/install.log --single-version-externally-managed install_data
[1.488s] Level 1:colcon.colcon_core.environment:checking '/home/tejaswi/autonomous_docking_ros2/install/aruco_detector' for CMake config files
[1.488s] Level 1:colcon.colcon_core.environment:checking '/home/tejaswi/autonomous_docking_ros2/install/aruco_detector/lib'
[1.488s] Level 1:colcon.colcon_core.environment:checking '/home/tejaswi/autonomous_docking_ros2/install/aruco_detector/bin'
[1.488s] Level 1:colcon.colcon_core.environment:checking '/home/tejaswi/autonomous_docking_ros2/install/aruco_detector/lib/pkgconfig/aruco_detector.pc'
[1.488s] Level 1:colcon.colcon_core.environment:checking '/home/tejaswi/autonomous_docking_ros2/install/aruco_detector/lib/python3.10/site-packages'
[1.488s] Level 1:colcon.colcon_core.shell:create_environment_hook('aruco_detector', 'pythonpath')
[1.489s] INFO:colcon.colcon_core.shell:Creating environment hook '/home/tejaswi/autonomous_docking_ros2/install/aruco_detector/share/aruco_detector/hook/pythonpath.ps1'
[1.489s] INFO:colcon.colcon_core.shell:Creating environment descriptor '/home/tejaswi/autonomous_docking_ros2/install/aruco_detector/share/aruco_detector/hook/pythonpath.dsv'
[1.490s] INFO:colcon.colcon_core.shell:Creating environment hook '/home/tejaswi/autonomous_docking_ros2/install/aruco_detector/share/aruco_detector/hook/pythonpath.sh'
[1.490s] Level 1:colcon.colcon_core.environment:checking '/home/tejaswi/autonomous_docking_ros2/install/aruco_detector/bin'
[1.490s] Level 1:colcon.colcon_core.environment:create_environment_scripts_only(aruco_detector)
[1.491s] INFO:colcon.colcon_core.shell:Creating package script '/home/tejaswi/autonomous_docking_ros2/install/aruco_detector/share/aruco_detector/package.ps1'
[1.491s] INFO:colcon.colcon_core.shell:Creating package descriptor '/home/tejaswi/autonomous_docking_ros2/install/aruco_detector/share/aruco_detector/package.dsv'
[1.492s] INFO:colcon.colcon_core.shell:Creating package script '/home/tejaswi/autonomous_docking_ros2/install/aruco_detector/share/aruco_detector/package.sh'
[1.492s] INFO:colcon.colcon_core.shell:Creating package script '/home/tejaswi/autonomous_docking_ros2/install/aruco_detector/share/aruco_detector/package.bash'
[1.492s] INFO:colcon.colcon_core.shell:Creating package script '/home/tejaswi/autonomous_docking_ros2/install/aruco_detector/share/aruco_detector/package.zsh'
[1.493s] Level 1:colcon.colcon_core.environment:create_file_with_runtime_dependencies(/home/tejaswi/autonomous_docking_ros2/install/aruco_detector/share/colcon-core/packages/aruco_detector)
[2.781s] DEBUG:colcon.colcon_core.event_handler.log_command:Invoked command in '/home/tejaswi/autonomous_docking_ros2/build/turtlebot3_docking_sim' returned '0': CMAKE_PREFIX_PATH=${CMAKE_PREFIX_PATH}:/home/tejaswi/ros2_ws/install/crazylidar:/home/tejaswi/ros2_ws/install/crazyflie_py:/opt/ros/humble /usr/bin/cmake /home/tejaswi/autonomous_docking_ros2/src/turtlebot3_docking_sim -DCMAKE_INSTALL_PREFIX=/home/tejaswi/autonomous_docking_ros2/install/turtlebot3_docking_sim
[2.781s] DEBUG:colcon.colcon_core.event_handler.log_command:Invoking command in '/home/tejaswi/autonomous_docking_ros2/build/turtlebot3_docking_sim': CMAKE_PREFIX_PATH=${CMAKE_PREFIX_PATH}:/home/tejaswi/ros2_ws/install/crazylidar:/home/tejaswi/ros2_ws/install/crazyflie_py:/opt/ros/humble /usr/bin/cmake --build /home/tejaswi/autonomous_docking_ros2/build/turtlebot3_docking_sim -- -j8 -l8
[2.814s] DEBUG:colcon.colcon_core.event_handler.log_command:Invoked command in '/home/tejaswi/autonomous_docking_ros2/build/turtlebot3_docking_sim' returned '0': CMAKE_PREFIX_PATH=${CMAKE_PREFIX_PATH}:/home/tejaswi/ros2_ws/install/crazylidar:/home/tejaswi/ros2_ws/install/crazyflie_py:/opt/ros/humble /usr/bin/cmake --build /home/tejaswi/autonomous_docking_ros2/build/turtlebot3_docking_sim -- -j8 -l8
[2.850s] DEBUG:colcon.colcon_core.event_handler.log_command:Invoking command in '/home/tejaswi/autonomous_docking_ros2/build/turtlebot3_docking_sim': CMAKE_PREFIX_PATH=${CMAKE_PREFIX_PATH}:/home/tejaswi/ros2_ws/install/crazylidar:/home/tejaswi/ros2_ws/install/crazyflie_py:/opt/ros/humble /usr/bin/cmake --install /home/tejaswi/autonomous_docking_ros2/build/turtlebot3_docking_sim
[2.859s] Level 1:colcon.colcon_core.environment:create_environment_scripts_only(turtlebot3_docking_sim)
[2.860s] Level 1:colcon.colcon_core.environment:checking '/home/tejaswi/autonomous_docking_ros2/install/turtlebot3_docking_sim' for CMake module files
[2.860s] DEBUG:colcon.colcon_core.event_handler.log_command:Invoked command in '/home/tejaswi/autonomous_docking_ros2/build/turtlebot3_docking_sim' returned '0': CMAKE_PREFIX_PATH=${CMAKE_PREFIX_PATH}:/home/tejaswi/ros2_ws/install/crazylidar:/home/tejaswi/ros2_ws/install/crazyflie_py:/opt/ros/humble /usr/bin/cmake --install /home/tejaswi/autonomous_docking_ros2/build/turtlebot3_docking_sim
[2.861s] Level 1:colcon.colcon_core.environment:checking '/home/tejaswi/autonomous_docking_ros2/install/turtlebot3_docking_sim' for CMake config files
[2.861s] Level 1:colcon.colcon_core.shell:create_environment_hook('turtlebot3_docking_sim', 'cmake_prefix_path')
[2.861s] INFO:colcon.colcon_core.shell:Creating environment hook '/home/tejaswi/autonomous_docking_ros2/install/turtlebot3_docking_sim/share/turtlebot3_docking_sim/hook/cmake_prefix_path.ps1'
[2.862s] INFO:colcon.colcon_core.shell:Creating environment descriptor '/home/tejaswi/autonomous_docking_ros2/install/turtlebot3_docking_sim/share/turtlebot3_docking_sim/hook/cmake_prefix_path.dsv'
[2.862s] INFO:colcon.colcon_core.shell:Creating environment hook '/home/tejaswi/autonomous_docking_ros2/install/turtlebot3_docking_sim/share/turtlebot3_docking_sim/hook/cmake_prefix_path.sh'
[2.863s] Level 1:colcon.colcon_core.environment:checking '/home/tejaswi/autonomous_docking_ros2/install/turtlebot3_docking_sim/bin'
[2.863s] Level 1:colcon.colcon_core.environment:checking '/home/tejaswi/autonomous_docking_ros2/install/turtlebot3_docking_sim/lib/pkgconfig/turtlebot3_docking_sim.pc'
[2.863s] Level 1:colcon.colcon_core.environment:checking '/home/tejaswi/autonomous_docking_ros2/install/turtlebot3_docking_sim/lib/python3.10/site-packages'
[2.863s] Level 1:colcon.colcon_core.environment:checking '/home/tejaswi/autonomous_docking_ros2/install/turtlebot3_docking_sim/bin'
[2.864s] INFO:colcon.colcon_core.shell:Creating package script '/home/tejaswi/autonomous_docking_ros2/install/turtlebot3_docking_sim/share/turtlebot3_docking_sim/package.ps1'
[2.864s] INFO:colcon.colcon_core.shell:Creating package descriptor '/home/tejaswi/autonomous_docking_ros2/install/turtlebot3_docking_sim/share/turtlebot3_docking_sim/package.dsv'
[2.865s] INFO:colcon.colcon_core.shell:Creating package script '/home/tejaswi/autonomous_docking_ros2/install/turtlebot3_docking_sim/share/turtlebot3_docking_sim/package.sh'
[2.865s] INFO:colcon.colcon_core.shell:Creating package script '/home/tejaswi/autonomous_docking_ros2/install/turtlebot3_docking_sim/share/turtlebot3_docking_sim/package.bash'
[2.865s] INFO:colcon.colcon_core.shell:Creating package script '/home/tejaswi/autonomous_docking_ros2/install/turtlebot3_docking_sim/share/turtlebot3_docking_sim/package.zsh'
[2.866s] Level 1:colcon.colcon_core.environment:create_file_with_runtime_dependencies(/home/tejaswi/autonomous_docking_ros2/install/turtlebot3_docking_sim/share/colcon-core/packages/turtlebot3_docking_sim)
[2.893s] Level 1:colcon.colcon_core.environment:create_environment_scripts_only(turtlebot3_docking_sim)
[2.894s] Level 1:colcon.colcon_core.environment:checking '/home/tejaswi/autonomous_docking_ros2/install/turtlebot3_docking_sim' for CMake module files
[2.894s] Level 1:colcon.colcon_core.environment:checking '/home/tejaswi/autonomous_docking_ros2/install/turtlebot3_docking_sim' for CMake config files
[2.895s] Level 1:colcon.colcon_core.shell:create_environment_hook('turtlebot3_docking_sim', 'cmake_prefix_path')
[2.895s] INFO:colcon.colcon_core.shell:Creating environment hook '/home/tejaswi/autonomous_docking_ros2/install/turtlebot3_docking_sim/share/turtlebot3_docking_sim/hook/cmake_prefix_path.ps1'
[2.895s] INFO:colcon.colcon_core.shell:Creating environment descriptor '/home/tejaswi/autonomous_docking_ros2/install/turtlebot3_docking_sim/share/turtlebot3_docking_sim/hook/cmake_prefix_path.dsv'
[2.896s] INFO:colcon.colcon_core.shell:Creating environment hook '/home/tejaswi/autonomous_docking_ros2/install/turtlebot3_docking_sim/share/turtlebot3_docking_sim/hook/cmake_prefix_path.sh'
[2.897s] Level 1:colcon.colcon_core.environment:checking '/home/tejaswi/autonomous_docking_ros2/install/turtlebot3_docking_sim/bin'
[2.897s] Level 1:colcon.colcon_core.environment:checking '/home/tejaswi/autonomous_docking_ros2/install/turtlebot3_docking_sim/lib/pkgconfig/turtlebot3_docking_sim.pc'
[2.897s] Level 1:colcon.colcon_core.environment:checking '/home/tejaswi/autonomous_docking_ros2/install/turtlebot3_docking_sim/lib/python3.10/site-packages'
[2.897s] Level 1:colcon.colcon_core.environment:checking '/home/tejaswi/autonomous_docking_ros2/install/turtlebot3_docking_sim/bin'
[2.898s] INFO:colcon.colcon_core.shell:Creating package script '/home/tejaswi/autonomous_docking_ros2/install/turtlebot3_docking_sim/share/turtlebot3_docking_sim/package.ps1'
[2.899s] INFO:colcon.colcon_core.shell:Creating package descriptor '/home/tejaswi/autonomous_docking_ros2/install/turtlebot3_docking_sim/share/turtlebot3_docking_sim/package.dsv'
[2.899s] INFO:colcon.colcon_core.shell:Creating package script '/home/tejaswi/autonomous_docking_ros2/install/turtlebot3_docking_sim/share/turtlebot3_docking_sim/package.sh'
[2.900s] INFO:colcon.colcon_core.shell:Creating package script '/home/tejaswi/autonomous_docking_ros2/install/turtlebot3_docking_sim/share/turtlebot3_docking_sim/package.bash'
[2.900s] INFO:colcon.colcon_core.shell:Creating package script '/home/tejaswi/autonomous_docking_ros2/install/turtlebot3_docking_sim/share/turtlebot3_docking_sim/package.zsh'
[2.901s] Level 1:colcon.colcon_core.environment:create_file_with_runtime_dependencies(/home/tejaswi/autonomous_docking_ros2/install/turtlebot3_docking_sim/share/colcon-core/packages/turtlebot3_docking_sim)
[2.901s] DEBUG:colcon.colcon_parallel_executor.executor.parallel:closing loop
[2.902s] DEBUG:colcon.colcon_parallel_executor.executor.parallel:loop closed
[2.902s] DEBUG:colcon.colcon_parallel_executor.executor.parallel:run_until_complete finished with '0'
[2.902s] DEBUG:colcon.colcon_core.event_reactor:joining thread
[2.908s] INFO:colcon.colcon_core.plugin_system:Skipping extension 'colcon_notification.desktop_notification.terminal_notifier': Not used on non-Darwin systems
[2.908s] INFO:colcon.colcon_core.plugin_system:Skipping extension 'colcon_notification.desktop_notification.win32': Not used on non-Windows systems
[2.908s] INFO:colcon.colcon_notification.desktop_notification:Sending desktop notification using 'notify2'
[2.928s] DEBUG:colcon.colcon_core.event_reactor:joined thread
[2.928s] INFO:colcon.colcon_core.shell:Creating prefix script '/home/tejaswi/autonomous_docking_ros2/install/local_setup.ps1'
[2.929s] INFO:colcon.colcon_core.shell:Creating prefix util module '/home/tejaswi/autonomous_docking_ros2/install/_local_setup_util_ps1.py'
[2.930s] INFO:colcon.colcon_core.shell:Creating prefix chain script '/home/tejaswi/autonomous_docking_ros2/install/setup.ps1'
[2.931s] INFO:colcon.colcon_core.shell:Creating prefix script '/home/tejaswi/autonomous_docking_ros2/install/local_setup.sh'
[2.932s] INFO:colcon.colcon_core.shell:Creating prefix util module '/home/tejaswi/autonomous_docking_ros2/install/_local_setup_util_sh.py'
[2.932s] INFO:colcon.colcon_core.shell:Creating prefix chain script '/home/tejaswi/autonomous_docking_ros2/install/setup.sh'
[2.933s] INFO:colcon.colcon_core.shell:Creating prefix script '/home/tejaswi/autonomous_docking_ros2/install/local_setup.bash'
[2.934s] INFO:colcon.colcon_core.shell:Creating prefix chain script '/home/tejaswi/autonomous_docking_ros2/install/setup.bash'
[2.935s] INFO:colcon.colcon_core.shell:Creating prefix script '/home/tejaswi/autonomous_docking_ros2/install/local_setup.zsh'
[2.935s] INFO:colcon.colcon_core.shell:Creating prefix chain script '/home/tejaswi/autonomous_docking_ros2/install/setup.zsh'
