[0.926s] Invoking command in '/home/tejaswi/autonomous_docking_ros2/build/docking_controller': PYTHONPATH=/home/tejaswi/autonomous_docking_ros2/build/docking_controller/prefix_override:/usr/lib/python3/dist-packages/colcon_core/task/python/colcon_distutils_commands:/home/tejaswi/autonomous_docking_ros2/install/docking_controller/lib/python3.10/site-packages:${PYTHONPATH} /usr/bin/python3 -W ignore:setup.py install is deprecated setup.py develop --editable --build-directory /home/tejaswi/autonomous_docking_ros2/build/docking_controller/build --no-deps symlink_data
[1.172s] running develop
[1.172s] /usr/lib/python3/dist-packages/setuptools/command/easy_install.py:158: EasyInstallDeprecationWarning: easy_install command is deprecated. Use build and pip and other standards-based tools.
[1.172s]   warnings.warn(
[1.347s] running egg_info
[1.347s] writing docking_controller.egg-info/PKG-INFO
[1.347s] writing dependency_links to docking_controller.egg-info/dependency_links.txt
[1.347s] writing entry points to docking_controller.egg-info/entry_points.txt
[1.348s] writing requirements to docking_controller.egg-info/requires.txt
[1.348s] writing top-level names to docking_controller.egg-info/top_level.txt
[1.350s] reading manifest file 'docking_controller.egg-info/SOURCES.txt'
[1.350s] writing manifest file 'docking_controller.egg-info/SOURCES.txt'
[1.387s] running build_ext
[1.387s] Creating /home/tejaswi/autonomous_docking_ros2/install/docking_controller/lib/python3.10/site-packages/docking-controller.egg-link (link to .)
[1.388s] Installing controller_node script to /home/tejaswi/autonomous_docking_ros2/install/docking_controller/lib/docking_controller
[1.388s] Installing pose_estimator_node script to /home/tejaswi/autonomous_docking_ros2/install/docking_controller/lib/docking_controller
[1.389s] 
[1.389s] Installed /home/tejaswi/autonomous_docking_ros2/build/docking_controller
[1.389s] running symlink_data
[1.389s] creating /home/tejaswi/autonomous_docking_ros2/install/docking_controller/share/docking_controller/msg
[1.389s] symbolically linking /home/tejaswi/autonomous_docking_ros2/build/docking_controller/msg/MarkerPose.msg -> /home/tejaswi/autonomous_docking_ros2/install/docking_controller/share/docking_controller/msg
[1.426s] Invoked command in '/home/tejaswi/autonomous_docking_ros2/build/docking_controller' returned '0': PYTHONPATH=/home/tejaswi/autonomous_docking_ros2/build/docking_controller/prefix_override:/usr/lib/python3/dist-packages/colcon_core/task/python/colcon_distutils_commands:/home/tejaswi/autonomous_docking_ros2/install/docking_controller/lib/python3.10/site-packages:${PYTHONPATH} /usr/bin/python3 -W ignore:setup.py install is deprecated setup.py develop --editable --build-directory /home/tejaswi/autonomous_docking_ros2/build/docking_controller/build --no-deps symlink_data
