[2.614s] Invoking command in '/home/tejaswi/autonomous_docking_ros2/build/turtlebot3_gazebo': CMAKE_PREFIX_PATH=${CMAKE_PREFIX_PATH}:/home/tejaswi/ros2_ws/install/crazylidar:/home/tejaswi/ros2_ws/install/crazyflie_py:/opt/ros/humble /usr/bin/cmake --build /home/tejaswi/autonomous_docking_ros2/build/turtlebot3_gazebo -- -j8 -l8
[3.342s] [ 16%] Built target turtlebot3_drive
[3.715s] [ 33%] Built target obstacles
[3.888s] [ 50%] Built target obstacle2
[4.130s] [ 66%] Built target obstacle1
[4.328s] [ 83%] Built target traffic_bar_plugin
[4.490s] [100%] Built target traffic_light_plugin
[4.549s] Invoked command in '/home/tejaswi/autonomous_docking_ros2/build/turtlebot3_gazebo' returned '0': CMAKE_PREFIX_PATH=${CMAKE_PREFIX_PATH}:/home/tejaswi/ros2_ws/install/crazylidar:/home/tejaswi/ros2_ws/install/crazyflie_py:/opt/ros/humble /usr/bin/cmake --build /home/tejaswi/autonomous_docking_ros2/build/turtlebot3_gazebo -- -j8 -l8
[4.921s] Invoking command in '/home/tejaswi/autonomous_docking_ros2/build/turtlebot3_gazebo': CMAKE_PREFIX_PATH=${CMAKE_PREFIX_PATH}:/home/tejaswi/ros2_ws/install/crazylidar:/home/tejaswi/ros2_ws/install/crazyflie_py:/opt/ros/humble /usr/bin/cmake --install /home/tejaswi/autonomous_docking_ros2/build/turtlebot3_gazebo
[4.968s] -- Install configuration: ""
[4.972s] -- Execute custom install script
[4.972s] -- Up-to-date symlink: /home/tejaswi/autonomous_docking_ros2/install/turtlebot3_gazebo/lib/turtlebot3_gazebo/turtlebot3_drive
[4.976s] -- Up-to-date symlink: /home/tejaswi/autonomous_docking_ros2/install/turtlebot3_gazebo/share/turtlebot3_gazebo//launch/empty_world.launch.py
[4.979s] -- Up-to-date symlink: /home/tejaswi/autonomous_docking_ros2/install/turtlebot3_gazebo/share/turtlebot3_gazebo//launch/multi_robot.launch.py
[4.979s] -- Up-to-date symlink: /home/tejaswi/autonomous_docking_ros2/install/turtlebot3_gazebo/share/turtlebot3_gazebo//launch/multi_spawn_turtlebot3.launch.py
[4.981s] -- Up-to-date symlink: /home/tejaswi/autonomous_docking_ros2/install/turtlebot3_gazebo/share/turtlebot3_gazebo//launch/robot_state_publisher.launch.py
[4.991s] -- Up-to-date symlink: /home/tejaswi/autonomous_docking_ros2/install/turtlebot3_gazebo/share/turtlebot3_gazebo//launch/spawn_turtlebot3.launch.py
[4.992s] -- Up-to-date symlink: /home/tejaswi/autonomous_docking_ros2/install/turtlebot3_gazebo/share/turtlebot3_gazebo//launch/turtlebot3_autorace_2020.launch.py
[4.992s] -- Up-to-date symlink: /home/tejaswi/autonomous_docking_ros2/install/turtlebot3_gazebo/share/turtlebot3_gazebo//launch/turtlebot3_dqn_stage1.launch.py
[4.992s] -- Up-to-date symlink: /home/tejaswi/autonomous_docking_ros2/install/turtlebot3_gazebo/share/turtlebot3_gazebo//launch/turtlebot3_dqn_stage2.launch.py
[4.992s] -- Up-to-date symlink: /home/tejaswi/autonomous_docking_ros2/install/turtlebot3_gazebo/share/turtlebot3_gazebo//launch/turtlebot3_dqn_stage3.launch.py
[4.993s] -- Up-to-date symlink: /home/tejaswi/autonomous_docking_ros2/install/turtlebot3_gazebo/share/turtlebot3_gazebo//launch/turtlebot3_dqn_stage4.launch.py
[4.993s] -- Up-to-date symlink: /home/tejaswi/autonomous_docking_ros2/install/turtlebot3_gazebo/share/turtlebot3_gazebo//launch/turtlebot3_house.launch.py
[4.993s] -- Up-to-date symlink: /home/tejaswi/autonomous_docking_ros2/install/turtlebot3_gazebo/share/turtlebot3_gazebo//launch/turtlebot3_world.launch.py
[5.029s] -- Up-to-date symlink: /home/tejaswi/autonomous_docking_ros2/install/turtlebot3_gazebo/share/turtlebot3_gazebo//models/aruco_box_id_20/materials/scripts/aruco.material
[5.037s] -- Up-to-date symlink: /home/tejaswi/autonomous_docking_ros2/install/turtlebot3_gazebo/share/turtlebot3_gazebo//models/aruco_box_id_20/materials/textures/aruco_20.png
[5.038s] -- Up-to-date symlink: /home/tejaswi/autonomous_docking_ros2/install/turtlebot3_gazebo/share/turtlebot3_gazebo//models/aruco_box_id_20/materials/textures/aruco_gen.py
[5.047s] -- Up-to-date symlink: /home/tejaswi/autonomous_docking_ros2/install/turtlebot3_gazebo/share/turtlebot3_gazebo//models/aruco_box_id_20/model.config
[5.047s] -- Up-to-date symlink: /home/tejaswi/autonomous_docking_ros2/install/turtlebot3_gazebo/share/turtlebot3_gazebo//models/aruco_box_id_20/model.sdf
[5.047s] -- Up-to-date symlink: /home/tejaswi/autonomous_docking_ros2/install/turtlebot3_gazebo/share/turtlebot3_gazebo//models/aruco_box_id_25/materials/scripts/aruco.material
[5.048s] -- Up-to-date symlink: /home/tejaswi/autonomous_docking_ros2/install/turtlebot3_gazebo/share/turtlebot3_gazebo//models/aruco_box_id_25/materials/textures/aruco_25.png
[5.048s] -- Up-to-date symlink: /home/tejaswi/autonomous_docking_ros2/install/turtlebot3_gazebo/share/turtlebot3_gazebo//models/aruco_box_id_25/materials/textures/aruco_gen.py
[5.048s] -- Up-to-date symlink: /home/tejaswi/autonomous_docking_ros2/install/turtlebot3_gazebo/share/turtlebot3_gazebo//models/aruco_box_id_25/model.config
[5.048s] -- Up-to-date symlink: /home/tejaswi/autonomous_docking_ros2/install/turtlebot3_gazebo/share/turtlebot3_gazebo//models/aruco_box_id_25/model.sdf
[5.053s] -- Up-to-date symlink: /home/tejaswi/autonomous_docking_ros2/install/turtlebot3_gazebo/share/turtlebot3_gazebo//models/turtlebot3_autorace_2020/checker/materials/checker.png
[5.053s] -- Up-to-date symlink: /home/tejaswi/autonomous_docking_ros2/install/turtlebot3_gazebo/share/turtlebot3_gazebo//models/turtlebot3_autorace_2020/checker/materials/scripts/checker.material
[5.053s] -- Up-to-date symlink: /home/tejaswi/autonomous_docking_ros2/install/turtlebot3_gazebo/share/turtlebot3_gazebo//models/turtlebot3_autorace_2020/checker/materials/textures/checker.png
[5.057s] -- Up-to-date symlink: /home/tejaswi/autonomous_docking_ros2/install/turtlebot3_gazebo/share/turtlebot3_gazebo//models/turtlebot3_autorace_2020/checker/model.config
[5.059s] -- Up-to-date symlink: /home/tejaswi/autonomous_docking_ros2/install/turtlebot3_gazebo/share/turtlebot3_gazebo//models/turtlebot3_autorace_2020/checker/model.sdf
[5.067s] -- Up-to-date symlink: /home/tejaswi/autonomous_docking_ros2/install/turtlebot3_gazebo/share/turtlebot3_gazebo//models/turtlebot3_autorace_2020/course/materials/scripts/course.material
[5.068s] -- Up-to-date symlink: /home/tejaswi/autonomous_docking_ros2/install/turtlebot3_gazebo/share/turtlebot3_gazebo//models/turtlebot3_autorace_2020/course/materials/textures/course.png
[5.068s] -- Up-to-date symlink: /home/tejaswi/autonomous_docking_ros2/install/turtlebot3_gazebo/share/turtlebot3_gazebo//models/turtlebot3_autorace_2020/course/model.config
[5.068s] -- Up-to-date symlink: /home/tejaswi/autonomous_docking_ros2/install/turtlebot3_gazebo/share/turtlebot3_gazebo//models/turtlebot3_autorace_2020/course/model.sdf
[5.070s] -- Up-to-date symlink: /home/tejaswi/autonomous_docking_ros2/install/turtlebot3_gazebo/share/turtlebot3_gazebo//models/turtlebot3_autorace_2020/traffic_bar/materials/scripts/traffic_bar.material
[5.072s] -- Up-to-date symlink: /home/tejaswi/autonomous_docking_ros2/install/turtlebot3_gazebo/share/turtlebot3_gazebo//models/turtlebot3_autorace_2020/traffic_bar/materials/textures/traffic_bar.png
[5.073s] -- Up-to-date symlink: /home/tejaswi/autonomous_docking_ros2/install/turtlebot3_gazebo/share/turtlebot3_gazebo//models/turtlebot3_autorace_2020/traffic_bar/model.config
[5.082s] -- Up-to-date symlink: /home/tejaswi/autonomous_docking_ros2/install/turtlebot3_gazebo/share/turtlebot3_gazebo//models/turtlebot3_autorace_2020/traffic_bar/model.sdf
[5.082s] -- Up-to-date symlink: /home/tejaswi/autonomous_docking_ros2/install/turtlebot3_gazebo/share/turtlebot3_gazebo//models/turtlebot3_autorace_2020/traffic_construction/materials/scripts/traffic_construction.material
[5.083s] -- Up-to-date symlink: /home/tejaswi/autonomous_docking_ros2/install/turtlebot3_gazebo/share/turtlebot3_gazebo//models/turtlebot3_autorace_2020/traffic_construction/materials/textures/traffic_construction.png
[5.083s] -- Up-to-date symlink: /home/tejaswi/autonomous_docking_ros2/install/turtlebot3_gazebo/share/turtlebot3_gazebo//models/turtlebot3_autorace_2020/traffic_construction/model.config
[5.084s] -- Up-to-date symlink: /home/tejaswi/autonomous_docking_ros2/install/turtlebot3_gazebo/share/turtlebot3_gazebo//models/turtlebot3_autorace_2020/traffic_construction/model.sdf
[5.087s] -- Up-to-date symlink: /home/tejaswi/autonomous_docking_ros2/install/turtlebot3_gazebo/share/turtlebot3_gazebo//models/turtlebot3_autorace_2020/traffic_intersection/materials/scripts/traffic_intersection.material
[5.089s] -- Up-to-date symlink: /home/tejaswi/autonomous_docking_ros2/install/turtlebot3_gazebo/share/turtlebot3_gazebo//models/turtlebot3_autorace_2020/traffic_intersection/materials/textures/traffic_intersection.png
[5.089s] -- Up-to-date symlink: /home/tejaswi/autonomous_docking_ros2/install/turtlebot3_gazebo/share/turtlebot3_gazebo//models/turtlebot3_autorace_2020/traffic_intersection/model.config
[5.089s] -- Up-to-date symlink: /home/tejaswi/autonomous_docking_ros2/install/turtlebot3_gazebo/share/turtlebot3_gazebo//models/turtlebot3_autorace_2020/traffic_intersection/model.sdf
[5.092s] -- Up-to-date symlink: /home/tejaswi/autonomous_docking_ros2/install/turtlebot3_gazebo/share/turtlebot3_gazebo//models/turtlebot3_autorace_2020/traffic_left/materials/scripts/traffic_is_left.material
[5.093s] -- Up-to-date symlink: /home/tejaswi/autonomous_docking_ros2/install/turtlebot3_gazebo/share/turtlebot3_gazebo//models/turtlebot3_autorace_2020/traffic_left/materials/textures/traffic_left.png
[5.094s] -- Up-to-date symlink: /home/tejaswi/autonomous_docking_ros2/install/turtlebot3_gazebo/share/turtlebot3_gazebo//models/turtlebot3_autorace_2020/traffic_left/model.config
[5.094s] -- Up-to-date symlink: /home/tejaswi/autonomous_docking_ros2/install/turtlebot3_gazebo/share/turtlebot3_gazebo//models/turtlebot3_autorace_2020/traffic_left/model.sdf
[5.095s] -- Up-to-date symlink: /home/tejaswi/autonomous_docking_ros2/install/turtlebot3_gazebo/share/turtlebot3_gazebo//models/turtlebot3_autorace_2020/traffic_light/materials/scripts/traffic_light.material
[5.097s] -- Up-to-date symlink: /home/tejaswi/autonomous_docking_ros2/install/turtlebot3_gazebo/share/turtlebot3_gazebo//models/turtlebot3_autorace_2020/traffic_light/materials/textures/traffic_light.png
[5.098s] -- Up-to-date symlink: /home/tejaswi/autonomous_docking_ros2/install/turtlebot3_gazebo/share/turtlebot3_gazebo//models/turtlebot3_autorace_2020/traffic_light/materials/textures/traffic_light_green.png
[5.099s] -- Up-to-date symlink: /home/tejaswi/autonomous_docking_ros2/install/turtlebot3_gazebo/share/turtlebot3_gazebo//models/turtlebot3_autorace_2020/traffic_light/materials/textures/traffic_light_red.png
[5.099s] -- Up-to-date symlink: /home/tejaswi/autonomous_docking_ros2/install/turtlebot3_gazebo/share/turtlebot3_gazebo//models/turtlebot3_autorace_2020/traffic_light/materials/textures/traffic_light_yellow.png
[5.100s] -- Up-to-date symlink: /home/tejaswi/autonomous_docking_ros2/install/turtlebot3_gazebo/share/turtlebot3_gazebo//models/turtlebot3_autorace_2020/traffic_light/model.config
[5.101s] -- Up-to-date symlink: /home/tejaswi/autonomous_docking_ros2/install/turtlebot3_gazebo/share/turtlebot3_gazebo//models/turtlebot3_autorace_2020/traffic_light/model.sdf
[5.104s] -- Up-to-date symlink: /home/tejaswi/autonomous_docking_ros2/install/turtlebot3_gazebo/share/turtlebot3_gazebo//models/turtlebot3_autorace_2020/traffic_noentry/materials/scripts/traffic_noentry.material
[5.105s] -- Up-to-date symlink: /home/tejaswi/autonomous_docking_ros2/install/turtlebot3_gazebo/share/turtlebot3_gazebo//models/turtlebot3_autorace_2020/traffic_noentry/materials/textures/traffic_noentry.png
[5.106s] -- Up-to-date symlink: /home/tejaswi/autonomous_docking_ros2/install/turtlebot3_gazebo/share/turtlebot3_gazebo//models/turtlebot3_autorace_2020/traffic_noentry/model.config
[5.107s] -- Up-to-date symlink: /home/tejaswi/autonomous_docking_ros2/install/turtlebot3_gazebo/share/turtlebot3_gazebo//models/turtlebot3_autorace_2020/traffic_noentry/model.sdf
[5.113s] -- Up-to-date symlink: /home/tejaswi/autonomous_docking_ros2/install/turtlebot3_gazebo/share/turtlebot3_gazebo//models/turtlebot3_autorace_2020/traffic_parking/materials/scripts/traffic_parking.material
[5.113s] -- Up-to-date symlink: /home/tejaswi/autonomous_docking_ros2/install/turtlebot3_gazebo/share/turtlebot3_gazebo//models/turtlebot3_autorace_2020/traffic_parking/materials/textures/traffic_parking.png
[5.115s] -- Up-to-date symlink: /home/tejaswi/autonomous_docking_ros2/install/turtlebot3_gazebo/share/turtlebot3_gazebo//models/turtlebot3_autorace_2020/traffic_parking/model.config
[5.115s] -- Up-to-date symlink: /home/tejaswi/autonomous_docking_ros2/install/turtlebot3_gazebo/share/turtlebot3_gazebo//models/turtlebot3_autorace_2020/traffic_parking/model.sdf
[5.116s] -- Up-to-date symlink: /home/tejaswi/autonomous_docking_ros2/install/turtlebot3_gazebo/share/turtlebot3_gazebo//models/turtlebot3_autorace_2020/traffic_pl_left/materials/scripts/traffic_pl_left.material
[5.117s] -- Up-to-date symlink: /home/tejaswi/autonomous_docking_ros2/install/turtlebot3_gazebo/share/turtlebot3_gazebo//models/turtlebot3_autorace_2020/traffic_pl_left/materials/textures/traffic_pl_left.png
[5.118s] -- Up-to-date symlink: /home/tejaswi/autonomous_docking_ros2/install/turtlebot3_gazebo/share/turtlebot3_gazebo//models/turtlebot3_autorace_2020/traffic_pl_left/model.config
[5.119s] -- Up-to-date symlink: /home/tejaswi/autonomous_docking_ros2/install/turtlebot3_gazebo/share/turtlebot3_gazebo//models/turtlebot3_autorace_2020/traffic_pl_left/model.sdf
[5.138s] -- Up-to-date symlink: /home/tejaswi/autonomous_docking_ros2/install/turtlebot3_gazebo/share/turtlebot3_gazebo//models/turtlebot3_autorace_2020/traffic_right/materials/scripts/traffic_right.material
[5.140s] -- Up-to-date symlink: /home/tejaswi/autonomous_docking_ros2/install/turtlebot3_gazebo/share/turtlebot3_gazebo//models/turtlebot3_autorace_2020/traffic_right/materials/textures/traffic_right.png
[5.140s] -- Up-to-date symlink: /home/tejaswi/autonomous_docking_ros2/install/turtlebot3_gazebo/share/turtlebot3_gazebo//models/turtlebot3_autorace_2020/traffic_right/model.config
[5.141s] -- Up-to-date symlink: /home/tejaswi/autonomous_docking_ros2/install/turtlebot3_gazebo/share/turtlebot3_gazebo//models/turtlebot3_autorace_2020/traffic_right/model.sdf
[5.145s] -- Up-to-date symlink: /home/tejaswi/autonomous_docking_ros2/install/turtlebot3_gazebo/share/turtlebot3_gazebo//models/turtlebot3_autorace_2020/traffic_stop/materials/scripts/traffic_stop.material
[5.150s] -- Up-to-date symlink: /home/tejaswi/autonomous_docking_ros2/install/turtlebot3_gazebo/share/turtlebot3_gazebo//models/turtlebot3_autorace_2020/traffic_stop/materials/textures/traffic_stop.png
[5.151s] -- Up-to-date symlink: /home/tejaswi/autonomous_docking_ros2/install/turtlebot3_gazebo/share/turtlebot3_gazebo//models/turtlebot3_autorace_2020/traffic_stop/model.config
[5.151s] -- Up-to-date symlink: /home/tejaswi/autonomous_docking_ros2/install/turtlebot3_gazebo/share/turtlebot3_gazebo//models/turtlebot3_autorace_2020/traffic_stop/model.sdf
[5.156s] -- Up-to-date symlink: /home/tejaswi/autonomous_docking_ros2/install/turtlebot3_gazebo/share/turtlebot3_gazebo//models/turtlebot3_autorace_2020/traffic_tunnel/materials/scripts/tunnel.material
[5.161s] -- Up-to-date symlink: /home/tejaswi/autonomous_docking_ros2/install/turtlebot3_gazebo/share/turtlebot3_gazebo//models/turtlebot3_autorace_2020/traffic_tunnel/materials/textures/tunnel.png
[5.165s] -- Up-to-date symlink: /home/tejaswi/autonomous_docking_ros2/install/turtlebot3_gazebo/share/turtlebot3_gazebo//models/turtlebot3_autorace_2020/traffic_tunnel/model.config
[5.165s] -- Up-to-date symlink: /home/tejaswi/autonomous_docking_ros2/install/turtlebot3_gazebo/share/turtlebot3_gazebo//models/turtlebot3_autorace_2020/traffic_tunnel/model.sdf
[5.165s] -- Up-to-date symlink: /home/tejaswi/autonomous_docking_ros2/install/turtlebot3_gazebo/share/turtlebot3_gazebo//models/turtlebot3_burger/model-1_4.sdf
[5.166s] -- Up-to-date symlink: /home/tejaswi/autonomous_docking_ros2/install/turtlebot3_gazebo/share/turtlebot3_gazebo//models/turtlebot3_burger/model.config
[5.167s] -- Up-to-date symlink: /home/tejaswi/autonomous_docking_ros2/install/turtlebot3_gazebo/share/turtlebot3_gazebo//models/turtlebot3_burger/model.sdf
[5.168s] -- Up-to-date symlink: /home/tejaswi/autonomous_docking_ros2/install/turtlebot3_gazebo/share/turtlebot3_gazebo//models/turtlebot3_burger_cam/model-1_4.sdf
[5.169s] -- Up-to-date symlink: /home/tejaswi/autonomous_docking_ros2/install/turtlebot3_gazebo/share/turtlebot3_gazebo//models/turtlebot3_burger_cam/model.config
[5.169s] -- Up-to-date symlink: /home/tejaswi/autonomous_docking_ros2/install/turtlebot3_gazebo/share/turtlebot3_gazebo//models/turtlebot3_burger_cam/model.sdf
[5.170s] -- Up-to-date symlink: /home/tejaswi/autonomous_docking_ros2/install/turtlebot3_gazebo/share/turtlebot3_gazebo//models/turtlebot3_common/meshes/bases/burger_base.stl
[5.171s] -- Up-to-date symlink: /home/tejaswi/autonomous_docking_ros2/install/turtlebot3_gazebo/share/turtlebot3_gazebo//models/turtlebot3_common/meshes/bases/waffle_base.stl
[5.171s] -- Up-to-date symlink: /home/tejaswi/autonomous_docking_ros2/install/turtlebot3_gazebo/share/turtlebot3_gazebo//models/turtlebot3_common/meshes/bases/waffle_pi_base.stl
[5.172s] -- Up-to-date symlink: /home/tejaswi/autonomous_docking_ros2/install/turtlebot3_gazebo/share/turtlebot3_gazebo//models/turtlebot3_common/meshes/burger_base.dae
[5.172s] -- Up-to-date symlink: /home/tejaswi/autonomous_docking_ros2/install/turtlebot3_gazebo/share/turtlebot3_gazebo//models/turtlebot3_common/meshes/lds.dae
[5.172s] -- Up-to-date symlink: /home/tejaswi/autonomous_docking_ros2/install/turtlebot3_gazebo/share/turtlebot3_gazebo//models/turtlebot3_common/meshes/r200.dae
[5.173s] -- Up-to-date symlink: /home/tejaswi/autonomous_docking_ros2/install/turtlebot3_gazebo/share/turtlebot3_gazebo//models/turtlebot3_common/meshes/sensors/astra.dae
[5.175s] -- Up-to-date symlink: /home/tejaswi/autonomous_docking_ros2/install/turtlebot3_gazebo/share/turtlebot3_gazebo//models/turtlebot3_common/meshes/sensors/astra.jpg
[5.175s] -- Up-to-date symlink: /home/tejaswi/autonomous_docking_ros2/install/turtlebot3_gazebo/share/turtlebot3_gazebo//models/turtlebot3_common/meshes/sensors/lds.stl
[5.175s] -- Up-to-date symlink: /home/tejaswi/autonomous_docking_ros2/install/turtlebot3_gazebo/share/turtlebot3_gazebo//models/turtlebot3_common/meshes/sensors/r200.dae
[5.175s] -- Up-to-date symlink: /home/tejaswi/autonomous_docking_ros2/install/turtlebot3_gazebo/share/turtlebot3_gazebo//models/turtlebot3_common/meshes/sensors/r200.jpg
[5.176s] -- Up-to-date symlink: /home/tejaswi/autonomous_docking_ros2/install/turtlebot3_gazebo/share/turtlebot3_gazebo//models/turtlebot3_common/meshes/tire.dae
[5.183s] -- Up-to-date symlink: /home/tejaswi/autonomous_docking_ros2/install/turtlebot3_gazebo/share/turtlebot3_gazebo//models/turtlebot3_common/meshes/waffle_base.dae
[5.183s] -- Up-to-date symlink: /home/tejaswi/autonomous_docking_ros2/install/turtlebot3_gazebo/share/turtlebot3_gazebo//models/turtlebot3_common/meshes/waffle_pi_base.dae
[5.184s] -- Up-to-date symlink: /home/tejaswi/autonomous_docking_ros2/install/turtlebot3_gazebo/share/turtlebot3_gazebo//models/turtlebot3_common/meshes/wheels/left_tire.stl
[5.184s] -- Up-to-date symlink: /home/tejaswi/autonomous_docking_ros2/install/turtlebot3_gazebo/share/turtlebot3_gazebo//models/turtlebot3_common/meshes/wheels/right_tire.stl
[5.188s] -- Up-to-date symlink: /home/tejaswi/autonomous_docking_ros2/install/turtlebot3_gazebo/share/turtlebot3_gazebo//models/turtlebot3_common/model.config
[5.197s] -- Up-to-date symlink: /home/tejaswi/autonomous_docking_ros2/install/turtlebot3_gazebo/share/turtlebot3_gazebo//models/turtlebot3_dqn_world/goal_box/model.config
[5.197s] -- Up-to-date symlink: /home/tejaswi/autonomous_docking_ros2/install/turtlebot3_gazebo/share/turtlebot3_gazebo//models/turtlebot3_dqn_world/goal_box/model.sdf
[5.203s] -- Up-to-date symlink: /home/tejaswi/autonomous_docking_ros2/install/turtlebot3_gazebo/share/turtlebot3_gazebo//models/turtlebot3_dqn_world/inner_walls/model.config
[5.205s] -- Up-to-date symlink: /home/tejaswi/autonomous_docking_ros2/install/turtlebot3_gazebo/share/turtlebot3_gazebo//models/turtlebot3_dqn_world/inner_walls/model.sdf
[5.205s] -- Up-to-date symlink: /home/tejaswi/autonomous_docking_ros2/install/turtlebot3_gazebo/share/turtlebot3_gazebo//models/turtlebot3_dqn_world/model.config
[5.210s] -- Up-to-date symlink: /home/tejaswi/autonomous_docking_ros2/install/turtlebot3_gazebo/share/turtlebot3_gazebo//models/turtlebot3_dqn_world/model.sdf
[5.211s] -- Up-to-date symlink: /home/tejaswi/autonomous_docking_ros2/install/turtlebot3_gazebo/share/turtlebot3_gazebo//models/turtlebot3_dqn_world/obstacle1/model.config
[5.211s] -- Up-to-date symlink: /home/tejaswi/autonomous_docking_ros2/install/turtlebot3_gazebo/share/turtlebot3_gazebo//models/turtlebot3_dqn_world/obstacle1/model.sdf
[5.227s] -- Up-to-date symlink: /home/tejaswi/autonomous_docking_ros2/install/turtlebot3_gazebo/share/turtlebot3_gazebo//models/turtlebot3_dqn_world/obstacle2/model.config
[5.228s] -- Up-to-date symlink: /home/tejaswi/autonomous_docking_ros2/install/turtlebot3_gazebo/share/turtlebot3_gazebo//models/turtlebot3_dqn_world/obstacle2/model.sdf
[5.229s] -- Up-to-date symlink: /home/tejaswi/autonomous_docking_ros2/install/turtlebot3_gazebo/share/turtlebot3_gazebo//models/turtlebot3_dqn_world/obstacles/model.config
[5.229s] -- Up-to-date symlink: /home/tejaswi/autonomous_docking_ros2/install/turtlebot3_gazebo/share/turtlebot3_gazebo//models/turtlebot3_dqn_world/obstacles/model.sdf
[5.235s] -- Up-to-date symlink: /home/tejaswi/autonomous_docking_ros2/install/turtlebot3_gazebo/share/turtlebot3_gazebo//models/turtlebot3_house/model.config
[5.238s] -- Up-to-date symlink: /home/tejaswi/autonomous_docking_ros2/install/turtlebot3_gazebo/share/turtlebot3_gazebo//models/turtlebot3_house/model.sdf
[5.239s] -- Up-to-date symlink: /home/tejaswi/autonomous_docking_ros2/install/turtlebot3_gazebo/share/turtlebot3_gazebo//models/turtlebot3_waffle/model-1_4.sdf
[5.242s] -- Up-to-date symlink: /home/tejaswi/autonomous_docking_ros2/install/turtlebot3_gazebo/share/turtlebot3_gazebo//models/turtlebot3_waffle/model.config
[5.245s] -- Up-to-date symlink: /home/tejaswi/autonomous_docking_ros2/install/turtlebot3_gazebo/share/turtlebot3_gazebo//models/turtlebot3_waffle/model.sdf
[5.248s] -- Up-to-date symlink: /home/tejaswi/autonomous_docking_ros2/install/turtlebot3_gazebo/share/turtlebot3_gazebo//models/turtlebot3_waffle_pi/model-1_4_.sdf
[5.258s] -- Up-to-date symlink: /home/tejaswi/autonomous_docking_ros2/install/turtlebot3_gazebo/share/turtlebot3_gazebo//models/turtlebot3_waffle_pi/model.config
[5.262s] -- Up-to-date symlink: /home/tejaswi/autonomous_docking_ros2/install/turtlebot3_gazebo/share/turtlebot3_gazebo//models/turtlebot3_waffle_pi/model.sdf
[5.263s] -- Up-to-date symlink: /home/tejaswi/autonomous_docking_ros2/install/turtlebot3_gazebo/share/turtlebot3_gazebo//models/turtlebot3_world/meshes/hexagon.dae
[5.265s] -- Up-to-date symlink: /home/tejaswi/autonomous_docking_ros2/install/turtlebot3_gazebo/share/turtlebot3_gazebo//models/turtlebot3_world/meshes/wall.dae
[5.265s] -- Up-to-date symlink: /home/tejaswi/autonomous_docking_ros2/install/turtlebot3_gazebo/share/turtlebot3_gazebo//models/turtlebot3_world/model-1_4.sdf
[5.269s] -- Up-to-date symlink: /home/tejaswi/autonomous_docking_ros2/install/turtlebot3_gazebo/share/turtlebot3_gazebo//models/turtlebot3_world/model.config
[5.269s] -- Up-to-date symlink: /home/tejaswi/autonomous_docking_ros2/install/turtlebot3_gazebo/share/turtlebot3_gazebo//models/turtlebot3_world/model.sdf
[5.272s] -- Up-to-date symlink: /home/tejaswi/autonomous_docking_ros2/install/turtlebot3_gazebo/share/turtlebot3_gazebo//rviz/config.rviz
[5.273s] -- Up-to-date symlink: /home/tejaswi/autonomous_docking_ros2/install/turtlebot3_gazebo/share/turtlebot3_gazebo//rviz/tb3_gazebo.rviz
[5.277s] -- Up-to-date symlink: /home/tejaswi/autonomous_docking_ros2/install/turtlebot3_gazebo/share/turtlebot3_gazebo//urdf/common_properties.urdf
[5.278s] -- Up-to-date symlink: /home/tejaswi/autonomous_docking_ros2/install/turtlebot3_gazebo/share/turtlebot3_gazebo//urdf/turtlebot3_burger.urdf
[5.278s] -- Up-to-date symlink: /home/tejaswi/autonomous_docking_ros2/install/turtlebot3_gazebo/share/turtlebot3_gazebo//urdf/turtlebot3_burger_cam.urdf
[5.279s] -- Up-to-date symlink: /home/tejaswi/autonomous_docking_ros2/install/turtlebot3_gazebo/share/turtlebot3_gazebo//urdf/turtlebot3_waffle.urdf
[5.281s] -- Up-to-date symlink: /home/tejaswi/autonomous_docking_ros2/install/turtlebot3_gazebo/share/turtlebot3_gazebo//urdf/turtlebot3_waffle_pi.urdf
[5.286s] -- Up-to-date symlink: /home/tejaswi/autonomous_docking_ros2/install/turtlebot3_gazebo/share/turtlebot3_gazebo//worlds/empty_world.world
[5.288s] -- Up-to-date symlink: /home/tejaswi/autonomous_docking_ros2/install/turtlebot3_gazebo/share/turtlebot3_gazebo//worlds/turtlebot3_autorace_2020.world
[5.290s] -- Up-to-date symlink: /home/tejaswi/autonomous_docking_ros2/install/turtlebot3_gazebo/share/turtlebot3_gazebo//worlds/turtlebot3_dqn_stage1.world
[5.295s] -- Up-to-date symlink: /home/tejaswi/autonomous_docking_ros2/install/turtlebot3_gazebo/share/turtlebot3_gazebo//worlds/turtlebot3_dqn_stage2.world
[5.298s] -- Up-to-date symlink: /home/tejaswi/autonomous_docking_ros2/install/turtlebot3_gazebo/share/turtlebot3_gazebo//worlds/turtlebot3_dqn_stage3.world
[5.301s] -- Up-to-date symlink: /home/tejaswi/autonomous_docking_ros2/install/turtlebot3_gazebo/share/turtlebot3_gazebo//worlds/turtlebot3_dqn_stage4.world
[5.302s] -- Up-to-date symlink: /home/tejaswi/autonomous_docking_ros2/install/turtlebot3_gazebo/share/turtlebot3_gazebo//worlds/turtlebot3_house.world
[5.306s] -- Up-to-date symlink: /home/tejaswi/autonomous_docking_ros2/install/turtlebot3_gazebo/share/turtlebot3_gazebo//worlds/turtlebot3_world.world
[5.310s] -- Up-to-date symlink: /home/tejaswi/autonomous_docking_ros2/install/turtlebot3_gazebo/include//turtlebot3_gazebo/obstacle1.hpp
[5.310s] -- Up-to-date symlink: /home/tejaswi/autonomous_docking_ros2/install/turtlebot3_gazebo/include//turtlebot3_gazebo/obstacle2.hpp
[5.311s] -- Up-to-date symlink: /home/tejaswi/autonomous_docking_ros2/install/turtlebot3_gazebo/include//turtlebot3_gazebo/obstacles.hpp
[5.311s] -- Up-to-date symlink: /home/tejaswi/autonomous_docking_ros2/install/turtlebot3_gazebo/include//turtlebot3_gazebo/traffic_bar_plugin.hpp
[5.316s] -- Up-to-date symlink: /home/tejaswi/autonomous_docking_ros2/install/turtlebot3_gazebo/include//turtlebot3_gazebo/traffic_light_plugin.hpp
[5.321s] -- Up-to-date symlink: /home/tejaswi/autonomous_docking_ros2/install/turtlebot3_gazebo/include//turtlebot3_gazebo/turtlebot3_drive.hpp
[5.321s] -- Up-to-date symlink: /home/tejaswi/autonomous_docking_ros2/install/turtlebot3_gazebo/share/ament_index/resource_index/package_run_dependencies/turtlebot3_gazebo
[5.322s] -- Up-to-date symlink: /home/tejaswi/autonomous_docking_ros2/install/turtlebot3_gazebo/share/ament_index/resource_index/parent_prefix_path/turtlebot3_gazebo
[5.322s] -- Up-to-date symlink: /home/tejaswi/autonomous_docking_ros2/install/turtlebot3_gazebo/share/turtlebot3_gazebo/environment/ament_prefix_path.sh
[5.322s] -- Up-to-date symlink: /home/tejaswi/autonomous_docking_ros2/install/turtlebot3_gazebo/share/turtlebot3_gazebo/environment/ament_prefix_path.dsv
[5.323s] -- Up-to-date symlink: /home/tejaswi/autonomous_docking_ros2/install/turtlebot3_gazebo/share/turtlebot3_gazebo/environment/path.sh
[5.323s] -- Up-to-date symlink: /home/tejaswi/autonomous_docking_ros2/install/turtlebot3_gazebo/share/turtlebot3_gazebo/environment/path.dsv
[5.330s] -- Up-to-date symlink: /home/tejaswi/autonomous_docking_ros2/install/turtlebot3_gazebo/share/turtlebot3_gazebo/local_setup.bash
[5.331s] -- Up-to-date symlink: /home/tejaswi/autonomous_docking_ros2/install/turtlebot3_gazebo/share/turtlebot3_gazebo/local_setup.sh
[5.331s] -- Up-to-date symlink: /home/tejaswi/autonomous_docking_ros2/install/turtlebot3_gazebo/share/turtlebot3_gazebo/local_setup.zsh
[5.332s] -- Up-to-date symlink: /home/tejaswi/autonomous_docking_ros2/install/turtlebot3_gazebo/share/turtlebot3_gazebo/local_setup.dsv
[5.332s] -- Symlinking: /home/tejaswi/autonomous_docking_ros2/install/turtlebot3_gazebo/share/turtlebot3_gazebo/package.dsv
[5.380s] -- Up-to-date symlink: /home/tejaswi/autonomous_docking_ros2/install/turtlebot3_gazebo/share/ament_index/resource_index/packages/turtlebot3_gazebo
[5.393s] -- Up-to-date symlink: /home/tejaswi/autonomous_docking_ros2/install/turtlebot3_gazebo/share/turtlebot3_gazebo/cmake/ament_cmake_export_include_directories-extras.cmake
[5.393s] -- Up-to-date symlink: /home/tejaswi/autonomous_docking_ros2/install/turtlebot3_gazebo/share/turtlebot3_gazebo/cmake/ament_cmake_export_dependencies-extras.cmake
[5.394s] -- Up-to-date symlink: /home/tejaswi/autonomous_docking_ros2/install/turtlebot3_gazebo/share/turtlebot3_gazebo/cmake/turtlebot3_gazeboConfig.cmake
[5.410s] -- Up-to-date symlink: /home/tejaswi/autonomous_docking_ros2/install/turtlebot3_gazebo/share/turtlebot3_gazebo/cmake/turtlebot3_gazeboConfig-version.cmake
[5.411s] -- Up-to-date symlink: /home/tejaswi/autonomous_docking_ros2/install/turtlebot3_gazebo/share/turtlebot3_gazebo/package.xml
[5.412s] Invoked command in '/home/tejaswi/autonomous_docking_ros2/build/turtlebot3_gazebo' returned '0': CMAKE_PREFIX_PATH=${CMAKE_PREFIX_PATH}:/home/tejaswi/ros2_ws/install/crazylidar:/home/tejaswi/ros2_ws/install/crazyflie_py:/opt/ros/humble /usr/bin/cmake --install /home/tejaswi/autonomous_docking_ros2/build/turtlebot3_gazebo
