[0.485s] Invoking command in '/home/tejaswi/autonomous_docking_ros2/build/turtlebot3_gazebo': CMAKE_PREFIX_PATH=${CMAKE_PREFIX_PATH}:/home/tejaswi/ros2_ws/install/crazylidar:/home/tejaswi/ros2_ws/install/crazyflie_py:/opt/ros/humble /usr/bin/cmake --build /home/tejaswi/autonomous_docking_ros2/build/turtlebot3_gazebo -- -j8 -l8
[0.546s] [ 16%] Built target turtlebot3_drive
[0.563s] [ 33%] Built target obstacles
[0.564s] [ 50%] Built target traffic_light_plugin
[0.567s] [ 66%] Built target obstacle1
[0.570s] [ 83%] Built target obstacle2
[0.570s] [100%] Built target traffic_bar_plugin
[0.582s] Invoked command in '/home/tejaswi/autonomous_docking_ros2/build/turtlebot3_gazebo' returned '0': CMAKE_PREFIX_PATH=${CMAKE_PREFIX_PATH}:/home/tejaswi/ros2_ws/install/crazylidar:/home/tejaswi/ros2_ws/install/crazyflie_py:/opt/ros/humble /usr/bin/cmake --build /home/tejaswi/autonomous_docking_ros2/build/turtlebot3_gazebo -- -j8 -l8
[0.630s] Invoking command in '/home/tejaswi/autonomous_docking_ros2/build/turtlebot3_gazebo': CMAKE_PREFIX_PATH=${CMAKE_PREFIX_PATH}:/home/tejaswi/ros2_ws/install/crazylidar:/home/tejaswi/ros2_ws/install/crazyflie_py:/opt/ros/humble /usr/bin/cmake --install /home/tejaswi/autonomous_docking_ros2/build/turtlebot3_gazebo
[0.638s] -- Install configuration: ""
[0.638s] -- Execute custom install script
[0.639s] -- Up-to-date symlink: /home/tejaswi/autonomous_docking_ros2/install/turtlebot3_gazebo/lib/turtlebot3_gazebo/turtlebot3_drive
[0.639s] -- Up-to-date symlink: /home/tejaswi/autonomous_docking_ros2/install/turtlebot3_gazebo/share/turtlebot3_gazebo//launch/empty_world.launch.py
[0.639s] -- Up-to-date symlink: /home/tejaswi/autonomous_docking_ros2/install/turtlebot3_gazebo/share/turtlebot3_gazebo//launch/multi_robot.launch.py
[0.639s] -- Up-to-date symlink: /home/tejaswi/autonomous_docking_ros2/install/turtlebot3_gazebo/share/turtlebot3_gazebo//launch/multi_spawn_turtlebot3.launch.py
[0.639s] -- Up-to-date symlink: /home/tejaswi/autonomous_docking_ros2/install/turtlebot3_gazebo/share/turtlebot3_gazebo//launch/robot_state_publisher.launch.py
[0.639s] -- Up-to-date symlink: /home/tejaswi/autonomous_docking_ros2/install/turtlebot3_gazebo/share/turtlebot3_gazebo//launch/spawn_turtlebot3.launch.py
[0.639s] -- Up-to-date symlink: /home/tejaswi/autonomous_docking_ros2/install/turtlebot3_gazebo/share/turtlebot3_gazebo//launch/turtlebot3_autorace_2020.launch.py
[0.640s] -- Up-to-date symlink: /home/tejaswi/autonomous_docking_ros2/install/turtlebot3_gazebo/share/turtlebot3_gazebo//launch/turtlebot3_dqn_stage1.launch.py
[0.640s] -- Up-to-date symlink: /home/tejaswi/autonomous_docking_ros2/install/turtlebot3_gazebo/share/turtlebot3_gazebo//launch/turtlebot3_dqn_stage2.launch.py
[0.640s] -- Up-to-date symlink: /home/tejaswi/autonomous_docking_ros2/install/turtlebot3_gazebo/share/turtlebot3_gazebo//launch/turtlebot3_dqn_stage3.launch.py
[0.640s] -- Up-to-date symlink: /home/tejaswi/autonomous_docking_ros2/install/turtlebot3_gazebo/share/turtlebot3_gazebo//launch/turtlebot3_dqn_stage4.launch.py
[0.640s] -- Up-to-date symlink: /home/tejaswi/autonomous_docking_ros2/install/turtlebot3_gazebo/share/turtlebot3_gazebo//launch/turtlebot3_house.launch.py
[0.640s] -- Up-to-date symlink: /home/tejaswi/autonomous_docking_ros2/install/turtlebot3_gazebo/share/turtlebot3_gazebo//launch/turtlebot3_world.launch.py
[0.642s] -- Up-to-date symlink: /home/tejaswi/autonomous_docking_ros2/install/turtlebot3_gazebo/share/turtlebot3_gazebo//models/aruco_box_id_20/materials/scripts/aruco.material
[0.642s] -- Up-to-date symlink: /home/tejaswi/autonomous_docking_ros2/install/turtlebot3_gazebo/share/turtlebot3_gazebo//models/aruco_box_id_20/materials/textures/aruco_20.png
[0.642s] -- Up-to-date symlink: /home/tejaswi/autonomous_docking_ros2/install/turtlebot3_gazebo/share/turtlebot3_gazebo//models/aruco_box_id_20/materials/textures/aruco_gen.py
[0.642s] -- Up-to-date symlink: /home/tejaswi/autonomous_docking_ros2/install/turtlebot3_gazebo/share/turtlebot3_gazebo//models/aruco_box_id_20/model.config
[0.642s] -- Up-to-date symlink: /home/tejaswi/autonomous_docking_ros2/install/turtlebot3_gazebo/share/turtlebot3_gazebo//models/aruco_box_id_20/model.sdf
[0.643s] -- Up-to-date symlink: /home/tejaswi/autonomous_docking_ros2/install/turtlebot3_gazebo/share/turtlebot3_gazebo//models/aruco_box_id_25/materials/scripts/aruco.material
[0.643s] -- Up-to-date symlink: /home/tejaswi/autonomous_docking_ros2/install/turtlebot3_gazebo/share/turtlebot3_gazebo//models/aruco_box_id_25/materials/textures/aruco_25.png
[0.643s] -- Up-to-date symlink: /home/tejaswi/autonomous_docking_ros2/install/turtlebot3_gazebo/share/turtlebot3_gazebo//models/aruco_box_id_25/materials/textures/aruco_gen.py
[0.643s] -- Up-to-date symlink: /home/tejaswi/autonomous_docking_ros2/install/turtlebot3_gazebo/share/turtlebot3_gazebo//models/aruco_box_id_25/model.config
[0.643s] -- Up-to-date symlink: /home/tejaswi/autonomous_docking_ros2/install/turtlebot3_gazebo/share/turtlebot3_gazebo//models/aruco_box_id_25/model.sdf
[0.643s] -- Up-to-date symlink: /home/tejaswi/autonomous_docking_ros2/install/turtlebot3_gazebo/share/turtlebot3_gazebo//models/turtlebot3_autorace_2020/checker/materials/checker.png
[0.643s] -- Up-to-date symlink: /home/tejaswi/autonomous_docking_ros2/install/turtlebot3_gazebo/share/turtlebot3_gazebo//models/turtlebot3_autorace_2020/checker/materials/scripts/checker.material
[0.643s] -- Up-to-date symlink: /home/tejaswi/autonomous_docking_ros2/install/turtlebot3_gazebo/share/turtlebot3_gazebo//models/turtlebot3_autorace_2020/checker/materials/textures/checker.png
[0.643s] -- Up-to-date symlink: /home/tejaswi/autonomous_docking_ros2/install/turtlebot3_gazebo/share/turtlebot3_gazebo//models/turtlebot3_autorace_2020/checker/model.config
[0.644s] -- Up-to-date symlink: /home/tejaswi/autonomous_docking_ros2/install/turtlebot3_gazebo/share/turtlebot3_gazebo//models/turtlebot3_autorace_2020/checker/model.sdf
[0.644s] -- Up-to-date symlink: /home/tejaswi/autonomous_docking_ros2/install/turtlebot3_gazebo/share/turtlebot3_gazebo//models/turtlebot3_autorace_2020/course/materials/scripts/course.material
[0.644s] -- Up-to-date symlink: /home/tejaswi/autonomous_docking_ros2/install/turtlebot3_gazebo/share/turtlebot3_gazebo//models/turtlebot3_autorace_2020/course/materials/textures/course.png
[0.644s] -- Up-to-date symlink: /home/tejaswi/autonomous_docking_ros2/install/turtlebot3_gazebo/share/turtlebot3_gazebo//models/turtlebot3_autorace_2020/course/model.config
[0.644s] -- Up-to-date symlink: /home/tejaswi/autonomous_docking_ros2/install/turtlebot3_gazebo/share/turtlebot3_gazebo//models/turtlebot3_autorace_2020/course/model.sdf
[0.644s] -- Up-to-date symlink: /home/tejaswi/autonomous_docking_ros2/install/turtlebot3_gazebo/share/turtlebot3_gazebo//models/turtlebot3_autorace_2020/traffic_bar/materials/scripts/traffic_bar.material
[0.644s] -- Up-to-date symlink: /home/tejaswi/autonomous_docking_ros2/install/turtlebot3_gazebo/share/turtlebot3_gazebo//models/turtlebot3_autorace_2020/traffic_bar/materials/textures/traffic_bar.png
[0.644s] -- Up-to-date symlink: /home/tejaswi/autonomous_docking_ros2/install/turtlebot3_gazebo/share/turtlebot3_gazebo//models/turtlebot3_autorace_2020/traffic_bar/model.config
[0.644s] -- Up-to-date symlink: /home/tejaswi/autonomous_docking_ros2/install/turtlebot3_gazebo/share/turtlebot3_gazebo//models/turtlebot3_autorace_2020/traffic_bar/model.sdf
[0.644s] -- Up-to-date symlink: /home/tejaswi/autonomous_docking_ros2/install/turtlebot3_gazebo/share/turtlebot3_gazebo//models/turtlebot3_autorace_2020/traffic_construction/materials/scripts/traffic_construction.material
[0.644s] -- Up-to-date symlink: /home/tejaswi/autonomous_docking_ros2/install/turtlebot3_gazebo/share/turtlebot3_gazebo//models/turtlebot3_autorace_2020/traffic_construction/materials/textures/traffic_construction.png
[0.644s] -- Up-to-date symlink: /home/tejaswi/autonomous_docking_ros2/install/turtlebot3_gazebo/share/turtlebot3_gazebo//models/turtlebot3_autorace_2020/traffic_construction/model.config
[0.645s] -- Up-to-date symlink: /home/tejaswi/autonomous_docking_ros2/install/turtlebot3_gazebo/share/turtlebot3_gazebo//models/turtlebot3_autorace_2020/traffic_construction/model.sdf
[0.645s] -- Up-to-date symlink: /home/tejaswi/autonomous_docking_ros2/install/turtlebot3_gazebo/share/turtlebot3_gazebo//models/turtlebot3_autorace_2020/traffic_intersection/materials/scripts/traffic_intersection.material
[0.645s] -- Up-to-date symlink: /home/tejaswi/autonomous_docking_ros2/install/turtlebot3_gazebo/share/turtlebot3_gazebo//models/turtlebot3_autorace_2020/traffic_intersection/materials/textures/traffic_intersection.png
[0.645s] -- Up-to-date symlink: /home/tejaswi/autonomous_docking_ros2/install/turtlebot3_gazebo/share/turtlebot3_gazebo//models/turtlebot3_autorace_2020/traffic_intersection/model.config
[0.645s] -- Up-to-date symlink: /home/tejaswi/autonomous_docking_ros2/install/turtlebot3_gazebo/share/turtlebot3_gazebo//models/turtlebot3_autorace_2020/traffic_intersection/model.sdf
[0.645s] -- Up-to-date symlink: /home/tejaswi/autonomous_docking_ros2/install/turtlebot3_gazebo/share/turtlebot3_gazebo//models/turtlebot3_autorace_2020/traffic_left/materials/scripts/traffic_is_left.material
[0.645s] -- Up-to-date symlink: /home/tejaswi/autonomous_docking_ros2/install/turtlebot3_gazebo/share/turtlebot3_gazebo//models/turtlebot3_autorace_2020/traffic_left/materials/textures/traffic_left.png
[0.646s] -- Up-to-date symlink: /home/tejaswi/autonomous_docking_ros2/install/turtlebot3_gazebo/share/turtlebot3_gazebo//models/turtlebot3_autorace_2020/traffic_left/model.config
[0.646s] -- Up-to-date symlink: /home/tejaswi/autonomous_docking_ros2/install/turtlebot3_gazebo/share/turtlebot3_gazebo//models/turtlebot3_autorace_2020/traffic_left/model.sdf
[0.646s] -- Up-to-date symlink: /home/tejaswi/autonomous_docking_ros2/install/turtlebot3_gazebo/share/turtlebot3_gazebo//models/turtlebot3_autorace_2020/traffic_light/materials/scripts/traffic_light.material
[0.646s] -- Up-to-date symlink: /home/tejaswi/autonomous_docking_ros2/install/turtlebot3_gazebo/share/turtlebot3_gazebo//models/turtlebot3_autorace_2020/traffic_light/materials/textures/traffic_light.png
[0.646s] -- Up-to-date symlink: /home/tejaswi/autonomous_docking_ros2/install/turtlebot3_gazebo/share/turtlebot3_gazebo//models/turtlebot3_autorace_2020/traffic_light/materials/textures/traffic_light_green.png
[0.646s] -- Up-to-date symlink: /home/tejaswi/autonomous_docking_ros2/install/turtlebot3_gazebo/share/turtlebot3_gazebo//models/turtlebot3_autorace_2020/traffic_light/materials/textures/traffic_light_red.png
[0.646s] -- Up-to-date symlink: /home/tejaswi/autonomous_docking_ros2/install/turtlebot3_gazebo/share/turtlebot3_gazebo//models/turtlebot3_autorace_2020/traffic_light/materials/textures/traffic_light_yellow.png
[0.646s] -- Up-to-date symlink: /home/tejaswi/autonomous_docking_ros2/install/turtlebot3_gazebo/share/turtlebot3_gazebo//models/turtlebot3_autorace_2020/traffic_light/model.config
[0.646s] -- Up-to-date symlink: /home/tejaswi/autonomous_docking_ros2/install/turtlebot3_gazebo/share/turtlebot3_gazebo//models/turtlebot3_autorace_2020/traffic_light/model.sdf
[0.647s] -- Up-to-date symlink: /home/tejaswi/autonomous_docking_ros2/install/turtlebot3_gazebo/share/turtlebot3_gazebo//models/turtlebot3_autorace_2020/traffic_noentry/materials/scripts/traffic_noentry.material
[0.647s] -- Up-to-date symlink: /home/tejaswi/autonomous_docking_ros2/install/turtlebot3_gazebo/share/turtlebot3_gazebo//models/turtlebot3_autorace_2020/traffic_noentry/materials/textures/traffic_noentry.png
[0.647s] -- Up-to-date symlink: /home/tejaswi/autonomous_docking_ros2/install/turtlebot3_gazebo/share/turtlebot3_gazebo//models/turtlebot3_autorace_2020/traffic_noentry/model.config
[0.647s] -- Up-to-date symlink: /home/tejaswi/autonomous_docking_ros2/install/turtlebot3_gazebo/share/turtlebot3_gazebo//models/turtlebot3_autorace_2020/traffic_noentry/model.sdf
[0.647s] -- Up-to-date symlink: /home/tejaswi/autonomous_docking_ros2/install/turtlebot3_gazebo/share/turtlebot3_gazebo//models/turtlebot3_autorace_2020/traffic_parking/materials/scripts/traffic_parking.material
[0.647s] -- Up-to-date symlink: /home/tejaswi/autonomous_docking_ros2/install/turtlebot3_gazebo/share/turtlebot3_gazebo//models/turtlebot3_autorace_2020/traffic_parking/materials/textures/traffic_parking.png
[0.647s] -- Up-to-date symlink: /home/tejaswi/autonomous_docking_ros2/install/turtlebot3_gazebo/share/turtlebot3_gazebo//models/turtlebot3_autorace_2020/traffic_parking/model.config
[0.648s] -- Up-to-date symlink: /home/tejaswi/autonomous_docking_ros2/install/turtlebot3_gazebo/share/turtlebot3_gazebo//models/turtlebot3_autorace_2020/traffic_parking/model.sdf
[0.648s] -- Up-to-date symlink: /home/tejaswi/autonomous_docking_ros2/install/turtlebot3_gazebo/share/turtlebot3_gazebo//models/turtlebot3_autorace_2020/traffic_pl_left/materials/scripts/traffic_pl_left.material
[0.648s] -- Up-to-date symlink: /home/tejaswi/autonomous_docking_ros2/install/turtlebot3_gazebo/share/turtlebot3_gazebo//models/turtlebot3_autorace_2020/traffic_pl_left/materials/textures/traffic_pl_left.png
[0.648s] -- Up-to-date symlink: /home/tejaswi/autonomous_docking_ros2/install/turtlebot3_gazebo/share/turtlebot3_gazebo//models/turtlebot3_autorace_2020/traffic_pl_left/model.config
[0.648s] -- Up-to-date symlink: /home/tejaswi/autonomous_docking_ros2/install/turtlebot3_gazebo/share/turtlebot3_gazebo//models/turtlebot3_autorace_2020/traffic_pl_left/model.sdf
[0.648s] -- Up-to-date symlink: /home/tejaswi/autonomous_docking_ros2/install/turtlebot3_gazebo/share/turtlebot3_gazebo//models/turtlebot3_autorace_2020/traffic_right/materials/scripts/traffic_right.material
[0.649s] -- Up-to-date symlink: /home/tejaswi/autonomous_docking_ros2/install/turtlebot3_gazebo/share/turtlebot3_gazebo//models/turtlebot3_autorace_2020/traffic_right/materials/textures/traffic_right.png
[0.649s] -- Up-to-date symlink: /home/tejaswi/autonomous_docking_ros2/install/turtlebot3_gazebo/share/turtlebot3_gazebo//models/turtlebot3_autorace_2020/traffic_right/model.config
[0.649s] -- Up-to-date symlink: /home/tejaswi/autonomous_docking_ros2/install/turtlebot3_gazebo/share/turtlebot3_gazebo//models/turtlebot3_autorace_2020/traffic_right/model.sdf
[0.649s] -- Up-to-date symlink: /home/tejaswi/autonomous_docking_ros2/install/turtlebot3_gazebo/share/turtlebot3_gazebo//models/turtlebot3_autorace_2020/traffic_stop/materials/scripts/traffic_stop.material
[0.649s] -- Up-to-date symlink: /home/tejaswi/autonomous_docking_ros2/install/turtlebot3_gazebo/share/turtlebot3_gazebo//models/turtlebot3_autorace_2020/traffic_stop/materials/textures/traffic_stop.png
[0.649s] -- Up-to-date symlink: /home/tejaswi/autonomous_docking_ros2/install/turtlebot3_gazebo/share/turtlebot3_gazebo//models/turtlebot3_autorace_2020/traffic_stop/model.config
[0.649s] -- Up-to-date symlink: /home/tejaswi/autonomous_docking_ros2/install/turtlebot3_gazebo/share/turtlebot3_gazebo//models/turtlebot3_autorace_2020/traffic_stop/model.sdf
[0.649s] -- Up-to-date symlink: /home/tejaswi/autonomous_docking_ros2/install/turtlebot3_gazebo/share/turtlebot3_gazebo//models/turtlebot3_autorace_2020/traffic_tunnel/materials/scripts/tunnel.material
[0.649s] -- Up-to-date symlink: /home/tejaswi/autonomous_docking_ros2/install/turtlebot3_gazebo/share/turtlebot3_gazebo//models/turtlebot3_autorace_2020/traffic_tunnel/materials/textures/tunnel.png
[0.649s] -- Up-to-date symlink: /home/tejaswi/autonomous_docking_ros2/install/turtlebot3_gazebo/share/turtlebot3_gazebo//models/turtlebot3_autorace_2020/traffic_tunnel/model.config
[0.650s] -- Up-to-date symlink: /home/tejaswi/autonomous_docking_ros2/install/turtlebot3_gazebo/share/turtlebot3_gazebo//models/turtlebot3_autorace_2020/traffic_tunnel/model.sdf
[0.650s] -- Up-to-date symlink: /home/tejaswi/autonomous_docking_ros2/install/turtlebot3_gazebo/share/turtlebot3_gazebo//models/turtlebot3_burger/model-1_4.sdf
[0.650s] -- Up-to-date symlink: /home/tejaswi/autonomous_docking_ros2/install/turtlebot3_gazebo/share/turtlebot3_gazebo//models/turtlebot3_burger/model.config
[0.650s] -- Up-to-date symlink: /home/tejaswi/autonomous_docking_ros2/install/turtlebot3_gazebo/share/turtlebot3_gazebo//models/turtlebot3_burger/model.sdf
[0.650s] -- Up-to-date symlink: /home/tejaswi/autonomous_docking_ros2/install/turtlebot3_gazebo/share/turtlebot3_gazebo//models/turtlebot3_burger_cam/model-1_4.sdf
[0.650s] -- Up-to-date symlink: /home/tejaswi/autonomous_docking_ros2/install/turtlebot3_gazebo/share/turtlebot3_gazebo//models/turtlebot3_burger_cam/model.config
[0.650s] -- Up-to-date symlink: /home/tejaswi/autonomous_docking_ros2/install/turtlebot3_gazebo/share/turtlebot3_gazebo//models/turtlebot3_burger_cam/model.sdf
[0.650s] -- Up-to-date symlink: /home/tejaswi/autonomous_docking_ros2/install/turtlebot3_gazebo/share/turtlebot3_gazebo//models/turtlebot3_common/meshes/bases/burger_base.stl
[0.650s] -- Up-to-date symlink: /home/tejaswi/autonomous_docking_ros2/install/turtlebot3_gazebo/share/turtlebot3_gazebo//models/turtlebot3_common/meshes/bases/waffle_base.stl
[0.650s] -- Up-to-date symlink: /home/tejaswi/autonomous_docking_ros2/install/turtlebot3_gazebo/share/turtlebot3_gazebo//models/turtlebot3_common/meshes/bases/waffle_pi_base.stl
[0.650s] -- Up-to-date symlink: /home/tejaswi/autonomous_docking_ros2/install/turtlebot3_gazebo/share/turtlebot3_gazebo//models/turtlebot3_common/meshes/burger_base.dae
[0.651s] -- Up-to-date symlink: /home/tejaswi/autonomous_docking_ros2/install/turtlebot3_gazebo/share/turtlebot3_gazebo//models/turtlebot3_common/meshes/lds.dae
[0.651s] -- Up-to-date symlink: /home/tejaswi/autonomous_docking_ros2/install/turtlebot3_gazebo/share/turtlebot3_gazebo//models/turtlebot3_common/meshes/r200.dae
[0.651s] -- Up-to-date symlink: /home/tejaswi/autonomous_docking_ros2/install/turtlebot3_gazebo/share/turtlebot3_gazebo//models/turtlebot3_common/meshes/sensors/astra.dae
[0.651s] -- Up-to-date symlink: /home/tejaswi/autonomous_docking_ros2/install/turtlebot3_gazebo/share/turtlebot3_gazebo//models/turtlebot3_common/meshes/sensors/astra.jpg
[0.651s] -- Up-to-date symlink: /home/tejaswi/autonomous_docking_ros2/install/turtlebot3_gazebo/share/turtlebot3_gazebo//models/turtlebot3_common/meshes/sensors/lds.stl
[0.651s] -- Up-to-date symlink: /home/tejaswi/autonomous_docking_ros2/install/turtlebot3_gazebo/share/turtlebot3_gazebo//models/turtlebot3_common/meshes/sensors/r200.dae
[0.651s] -- Up-to-date symlink: /home/tejaswi/autonomous_docking_ros2/install/turtlebot3_gazebo/share/turtlebot3_gazebo//models/turtlebot3_common/meshes/sensors/r200.jpg
[0.651s] -- Up-to-date symlink: /home/tejaswi/autonomous_docking_ros2/install/turtlebot3_gazebo/share/turtlebot3_gazebo//models/turtlebot3_common/meshes/tire.dae
[0.651s] -- Up-to-date symlink: /home/tejaswi/autonomous_docking_ros2/install/turtlebot3_gazebo/share/turtlebot3_gazebo//models/turtlebot3_common/meshes/waffle_base.dae
[0.651s] -- Up-to-date symlink: /home/tejaswi/autonomous_docking_ros2/install/turtlebot3_gazebo/share/turtlebot3_gazebo//models/turtlebot3_common/meshes/waffle_pi_base.dae
[0.652s] -- Up-to-date symlink: /home/tejaswi/autonomous_docking_ros2/install/turtlebot3_gazebo/share/turtlebot3_gazebo//models/turtlebot3_common/meshes/wheels/left_tire.stl
[0.652s] -- Up-to-date symlink: /home/tejaswi/autonomous_docking_ros2/install/turtlebot3_gazebo/share/turtlebot3_gazebo//models/turtlebot3_common/meshes/wheels/right_tire.stl
[0.652s] -- Up-to-date symlink: /home/tejaswi/autonomous_docking_ros2/install/turtlebot3_gazebo/share/turtlebot3_gazebo//models/turtlebot3_common/model.config
[0.652s] -- Up-to-date symlink: /home/tejaswi/autonomous_docking_ros2/install/turtlebot3_gazebo/share/turtlebot3_gazebo//models/turtlebot3_dqn_world/goal_box/model.config
[0.652s] -- Up-to-date symlink: /home/tejaswi/autonomous_docking_ros2/install/turtlebot3_gazebo/share/turtlebot3_gazebo//models/turtlebot3_dqn_world/goal_box/model.sdf
[0.652s] -- Up-to-date symlink: /home/tejaswi/autonomous_docking_ros2/install/turtlebot3_gazebo/share/turtlebot3_gazebo//models/turtlebot3_dqn_world/inner_walls/model.config
[0.652s] -- Up-to-date symlink: /home/tejaswi/autonomous_docking_ros2/install/turtlebot3_gazebo/share/turtlebot3_gazebo//models/turtlebot3_dqn_world/inner_walls/model.sdf
[0.652s] -- Up-to-date symlink: /home/tejaswi/autonomous_docking_ros2/install/turtlebot3_gazebo/share/turtlebot3_gazebo//models/turtlebot3_dqn_world/model.config
[0.652s] -- Up-to-date symlink: /home/tejaswi/autonomous_docking_ros2/install/turtlebot3_gazebo/share/turtlebot3_gazebo//models/turtlebot3_dqn_world/model.sdf
[0.652s] -- Up-to-date symlink: /home/tejaswi/autonomous_docking_ros2/install/turtlebot3_gazebo/share/turtlebot3_gazebo//models/turtlebot3_dqn_world/obstacle1/model.config
[0.652s] -- Up-to-date symlink: /home/tejaswi/autonomous_docking_ros2/install/turtlebot3_gazebo/share/turtlebot3_gazebo//models/turtlebot3_dqn_world/obstacle1/model.sdf
[0.653s] -- Up-to-date symlink: /home/tejaswi/autonomous_docking_ros2/install/turtlebot3_gazebo/share/turtlebot3_gazebo//models/turtlebot3_dqn_world/obstacle2/model.config
[0.653s] -- Up-to-date symlink: /home/tejaswi/autonomous_docking_ros2/install/turtlebot3_gazebo/share/turtlebot3_gazebo//models/turtlebot3_dqn_world/obstacle2/model.sdf
[0.653s] -- Up-to-date symlink: /home/tejaswi/autonomous_docking_ros2/install/turtlebot3_gazebo/share/turtlebot3_gazebo//models/turtlebot3_dqn_world/obstacles/model.config
[0.653s] -- Up-to-date symlink: /home/tejaswi/autonomous_docking_ros2/install/turtlebot3_gazebo/share/turtlebot3_gazebo//models/turtlebot3_dqn_world/obstacles/model.sdf
[0.653s] -- Up-to-date symlink: /home/tejaswi/autonomous_docking_ros2/install/turtlebot3_gazebo/share/turtlebot3_gazebo//models/turtlebot3_house/model.config
[0.653s] -- Up-to-date symlink: /home/tejaswi/autonomous_docking_ros2/install/turtlebot3_gazebo/share/turtlebot3_gazebo//models/turtlebot3_house/model.sdf
[0.653s] -- Up-to-date symlink: /home/tejaswi/autonomous_docking_ros2/install/turtlebot3_gazebo/share/turtlebot3_gazebo//models/turtlebot3_waffle/model-1_4.sdf
[0.653s] -- Up-to-date symlink: /home/tejaswi/autonomous_docking_ros2/install/turtlebot3_gazebo/share/turtlebot3_gazebo//models/turtlebot3_waffle/model.config
[0.653s] -- Up-to-date symlink: /home/tejaswi/autonomous_docking_ros2/install/turtlebot3_gazebo/share/turtlebot3_gazebo//models/turtlebot3_waffle/model.sdf
[0.654s] -- Up-to-date symlink: /home/tejaswi/autonomous_docking_ros2/install/turtlebot3_gazebo/share/turtlebot3_gazebo//models/turtlebot3_waffle_pi/model-1_4_.sdf
[0.654s] -- Up-to-date symlink: /home/tejaswi/autonomous_docking_ros2/install/turtlebot3_gazebo/share/turtlebot3_gazebo//models/turtlebot3_waffle_pi/model.config
[0.654s] -- Up-to-date symlink: /home/tejaswi/autonomous_docking_ros2/install/turtlebot3_gazebo/share/turtlebot3_gazebo//models/turtlebot3_waffle_pi/model.sdf
[0.654s] -- Up-to-date symlink: /home/tejaswi/autonomous_docking_ros2/install/turtlebot3_gazebo/share/turtlebot3_gazebo//models/turtlebot3_world/meshes/hexagon.dae
[0.654s] -- Up-to-date symlink: /home/tejaswi/autonomous_docking_ros2/install/turtlebot3_gazebo/share/turtlebot3_gazebo//models/turtlebot3_world/meshes/wall.dae
[0.654s] -- Up-to-date symlink: /home/tejaswi/autonomous_docking_ros2/install/turtlebot3_gazebo/share/turtlebot3_gazebo//models/turtlebot3_world/model-1_4.sdf
[0.654s] -- Up-to-date symlink: /home/tejaswi/autonomous_docking_ros2/install/turtlebot3_gazebo/share/turtlebot3_gazebo//models/turtlebot3_world/model.config
[0.655s] -- Up-to-date symlink: /home/tejaswi/autonomous_docking_ros2/install/turtlebot3_gazebo/share/turtlebot3_gazebo//models/turtlebot3_world/model.sdf
[0.657s] -- Up-to-date symlink: /home/tejaswi/autonomous_docking_ros2/install/turtlebot3_gazebo/share/turtlebot3_gazebo//rviz/config.rviz
[0.658s] -- Up-to-date symlink: /home/tejaswi/autonomous_docking_ros2/install/turtlebot3_gazebo/share/turtlebot3_gazebo//rviz/tb3_gazebo.rviz
[0.658s] -- Up-to-date symlink: /home/tejaswi/autonomous_docking_ros2/install/turtlebot3_gazebo/share/turtlebot3_gazebo//urdf/common_properties.urdf
[0.658s] -- Up-to-date symlink: /home/tejaswi/autonomous_docking_ros2/install/turtlebot3_gazebo/share/turtlebot3_gazebo//urdf/turtlebot3_burger.urdf
[0.658s] -- Up-to-date symlink: /home/tejaswi/autonomous_docking_ros2/install/turtlebot3_gazebo/share/turtlebot3_gazebo//urdf/turtlebot3_burger_cam.urdf
[0.658s] -- Up-to-date symlink: /home/tejaswi/autonomous_docking_ros2/install/turtlebot3_gazebo/share/turtlebot3_gazebo//urdf/turtlebot3_waffle.urdf
[0.658s] -- Up-to-date symlink: /home/tejaswi/autonomous_docking_ros2/install/turtlebot3_gazebo/share/turtlebot3_gazebo//urdf/turtlebot3_waffle_pi.urdf
[0.658s] -- Up-to-date symlink: /home/tejaswi/autonomous_docking_ros2/install/turtlebot3_gazebo/share/turtlebot3_gazebo//worlds/empty_world.world
[0.658s] -- Up-to-date symlink: /home/tejaswi/autonomous_docking_ros2/install/turtlebot3_gazebo/share/turtlebot3_gazebo//worlds/turtlebot3_autorace_2020.world
[0.658s] -- Up-to-date symlink: /home/tejaswi/autonomous_docking_ros2/install/turtlebot3_gazebo/share/turtlebot3_gazebo//worlds/turtlebot3_dqn_stage1.world
[0.658s] -- Up-to-date symlink: /home/tejaswi/autonomous_docking_ros2/install/turtlebot3_gazebo/share/turtlebot3_gazebo//worlds/turtlebot3_dqn_stage2.world
[0.659s] -- Up-to-date symlink: /home/tejaswi/autonomous_docking_ros2/install/turtlebot3_gazebo/share/turtlebot3_gazebo//worlds/turtlebot3_dqn_stage3.world
[0.659s] -- Up-to-date symlink: /home/tejaswi/autonomous_docking_ros2/install/turtlebot3_gazebo/share/turtlebot3_gazebo//worlds/turtlebot3_dqn_stage4.world
[0.659s] -- Up-to-date symlink: /home/tejaswi/autonomous_docking_ros2/install/turtlebot3_gazebo/share/turtlebot3_gazebo//worlds/turtlebot3_house.world
[0.659s] -- Up-to-date symlink: /home/tejaswi/autonomous_docking_ros2/install/turtlebot3_gazebo/share/turtlebot3_gazebo//worlds/turtlebot3_world.world
[0.659s] -- Up-to-date symlink: /home/tejaswi/autonomous_docking_ros2/install/turtlebot3_gazebo/include//turtlebot3_gazebo/obstacle1.hpp
[0.659s] -- Up-to-date symlink: /home/tejaswi/autonomous_docking_ros2/install/turtlebot3_gazebo/include//turtlebot3_gazebo/obstacle2.hpp
[0.659s] -- Up-to-date symlink: /home/tejaswi/autonomous_docking_ros2/install/turtlebot3_gazebo/include//turtlebot3_gazebo/obstacles.hpp
[0.659s] -- Up-to-date symlink: /home/tejaswi/autonomous_docking_ros2/install/turtlebot3_gazebo/include//turtlebot3_gazebo/traffic_bar_plugin.hpp
[0.659s] -- Up-to-date symlink: /home/tejaswi/autonomous_docking_ros2/install/turtlebot3_gazebo/include//turtlebot3_gazebo/traffic_light_plugin.hpp
[0.659s] -- Up-to-date symlink: /home/tejaswi/autonomous_docking_ros2/install/turtlebot3_gazebo/include//turtlebot3_gazebo/turtlebot3_drive.hpp
[0.659s] -- Up-to-date symlink: /home/tejaswi/autonomous_docking_ros2/install/turtlebot3_gazebo/share/ament_index/resource_index/package_run_dependencies/turtlebot3_gazebo
[0.659s] -- Up-to-date symlink: /home/tejaswi/autonomous_docking_ros2/install/turtlebot3_gazebo/share/ament_index/resource_index/parent_prefix_path/turtlebot3_gazebo
[0.659s] -- Up-to-date symlink: /home/tejaswi/autonomous_docking_ros2/install/turtlebot3_gazebo/share/turtlebot3_gazebo/environment/ament_prefix_path.sh
[0.659s] -- Up-to-date symlink: /home/tejaswi/autonomous_docking_ros2/install/turtlebot3_gazebo/share/turtlebot3_gazebo/environment/ament_prefix_path.dsv
[0.659s] -- Up-to-date symlink: /home/tejaswi/autonomous_docking_ros2/install/turtlebot3_gazebo/share/turtlebot3_gazebo/environment/path.sh
[0.659s] -- Up-to-date symlink: /home/tejaswi/autonomous_docking_ros2/install/turtlebot3_gazebo/share/turtlebot3_gazebo/environment/path.dsv
[0.659s] -- Up-to-date symlink: /home/tejaswi/autonomous_docking_ros2/install/turtlebot3_gazebo/share/turtlebot3_gazebo/local_setup.bash
[0.659s] -- Up-to-date symlink: /home/tejaswi/autonomous_docking_ros2/install/turtlebot3_gazebo/share/turtlebot3_gazebo/local_setup.sh
[0.659s] -- Up-to-date symlink: /home/tejaswi/autonomous_docking_ros2/install/turtlebot3_gazebo/share/turtlebot3_gazebo/local_setup.zsh
[0.659s] -- Up-to-date symlink: /home/tejaswi/autonomous_docking_ros2/install/turtlebot3_gazebo/share/turtlebot3_gazebo/local_setup.dsv
[0.660s] -- Symlinking: /home/tejaswi/autonomous_docking_ros2/install/turtlebot3_gazebo/share/turtlebot3_gazebo/package.dsv
[0.669s] -- Up-to-date symlink: /home/tejaswi/autonomous_docking_ros2/install/turtlebot3_gazebo/share/ament_index/resource_index/packages/turtlebot3_gazebo
[0.670s] -- Up-to-date symlink: /home/tejaswi/autonomous_docking_ros2/install/turtlebot3_gazebo/share/turtlebot3_gazebo/cmake/ament_cmake_export_include_directories-extras.cmake
[0.670s] -- Up-to-date symlink: /home/tejaswi/autonomous_docking_ros2/install/turtlebot3_gazebo/share/turtlebot3_gazebo/cmake/ament_cmake_export_dependencies-extras.cmake
[0.670s] -- Up-to-date symlink: /home/tejaswi/autonomous_docking_ros2/install/turtlebot3_gazebo/share/turtlebot3_gazebo/cmake/turtlebot3_gazeboConfig.cmake
[0.670s] -- Up-to-date symlink: /home/tejaswi/autonomous_docking_ros2/install/turtlebot3_gazebo/share/turtlebot3_gazebo/cmake/turtlebot3_gazeboConfig-version.cmake
[0.670s] -- Up-to-date symlink: /home/tejaswi/autonomous_docking_ros2/install/turtlebot3_gazebo/share/turtlebot3_gazebo/package.xml
[0.673s] Invoked command in '/home/tejaswi/autonomous_docking_ros2/build/turtlebot3_gazebo' returned '0': CMAKE_PREFIX_PATH=${CMAKE_PREFIX_PATH}:/home/tejaswi/ros2_ws/install/crazylidar:/home/tejaswi/ros2_ws/install/crazyflie_py:/opt/ros/humble /usr/bin/cmake --install /home/tejaswi/autonomous_docking_ros2/build/turtlebot3_gazebo
