[0.453s] Invoking command in '/home/tejaswi/autonomous_docking_ros2/build/turtlebot3_docking_sim': CMAKE_PREFIX_PATH=${CMAKE_PREFIX_PATH}:/home/tejaswi/ros2_ws/install/crazylidar:/home/tejaswi/ros2_ws/install/crazyflie_py:/opt/ros/humble /usr/bin/cmake /home/tejaswi/autonomous_docking_ros2/src/turtlebot3_docking_sim -DCMAKE_INSTALL_PREFIX=/home/tejaswi/autonomous_docking_ros2/install/turtlebot3_docking_sim
[0.554s] -- The C compiler identification is GNU 11.4.0
[0.624s] -- The CXX compiler identification is GNU 11.4.0
[0.632s] -- Detecting C compiler ABI info
[0.694s] -- Detecting C compiler ABI info - done
[0.703s] -- Check for working C compiler: /usr/bin/cc - skipped
[0.703s] -- Detecting C compile features
[0.704s] -- Detecting C compile features - done
[0.707s] -- Detecting CXX compiler ABI info
[0.778s] -- Detecting CXX compiler ABI info - done
[0.787s] -- Check for working CXX compiler: /usr/bin/c++ - skipped
[0.788s] -- Detecting CXX compile features
[0.788s] -- Detecting CXX compile features - done
[0.792s] -- Found ament_cmake: 1.3.11 (/opt/ros/humble/share/ament_cmake/cmake)
[0.970s] -- Found Python3: /usr/bin/python3 (found version "3.10.12") found components: Interpreter 
[1.077s] -- Found gazebo_ros: 3.9.0 (/opt/ros/humble/share/gazebo_ros/cmake)
[1.135s] -- Found rosidl_generator_c: 3.1.6 (/opt/ros/humble/share/rosidl_generator_c/cmake)
[1.141s] -- Found rosidl_adapter: 3.1.6 (/opt/ros/humble/share/rosidl_adapter/cmake)
[1.153s] -- Found rosidl_generator_cpp: 3.1.6 (/opt/ros/humble/share/rosidl_generator_cpp/cmake)
[1.169s] -- Using all available rosidl_typesupport_c: rosidl_typesupport_fastrtps_c;rosidl_typesupport_introspection_c
[1.190s] -- Using all available rosidl_typesupport_cpp: rosidl_typesupport_fastrtps_cpp;rosidl_typesupport_introspection_cpp
[1.236s] -- Found rmw_implementation_cmake: 6.1.2 (/opt/ros/humble/share/rmw_implementation_cmake/cmake)
[1.239s] -- Found rmw_cyclonedds_cpp: 1.3.4 (/opt/ros/humble/share/rmw_cyclonedds_cpp/cmake)
[1.264s] -- Using RMW implementation 'rmw_cyclonedds_cpp' as default
[1.277s] -- Looking for pthread.h
[1.343s] -- Looking for pthread.h - found
[1.343s] -- Performing Test CMAKE_HAVE_LIBC_PTHREAD
[1.408s] -- Performing Test CMAKE_HAVE_LIBC_PTHREAD - Success
[1.409s] -- Found Threads: TRUE  
[1.476s] -- Found PkgConfig: /usr/bin/pkg-config (found version "0.29.2") 
[1.477s] -- Checking for module 'bullet>=2.82'
[1.487s] --   Found bullet, version 3.05
[1.581s] -- Found fcl: /usr/include (found suitable version "0.7.0", minimum required is "0.5.0") 
[1.632s] -- Found assimp: /usr/include (found version "5.2.0") 
[1.652s] -- Found DART: /usr/include (Required is at least version "6.6") found components: dart 
[1.681s] -- Found Boost: /usr/lib/x86_64-linux-gnu/cmake/Boost-1.74.0/BoostConfig.cmake (found suitable version "1.74.0", minimum required is "1.40.0") found components: thread system filesystem program_options regex iostreams date_time 
[1.700s] -- Found Protobuf: /usr/lib/x86_64-linux-gnu/libprotobuf.so (found version "3.12.4") 
[1.706s] -- Looking for ignition-math6 -- found version 6.15.1
[1.713s] -- Searching for dependencies of ignition-math6
[1.714s] -- Looking for OGRE...
[1.715s] -- OGRE_PREFIX_WATCH changed.
[1.720s] -- Checking for module 'OGRE'
[1.729s] --   Found OGRE, version 1.9.0
[1.757s] -- Found Ogre Ghadamon (1.9.0)
[1.767s] -- Found OGRE: optimized;/usr/lib/x86_64-linux-gnu/libOgreMain.so;debug;/usr/lib/x86_64-linux-gnu/libOgreMain.so
[1.774s] -- Looking for OGRE_Paging...
[1.779s] -- Found OGRE_Paging: optimized;/usr/lib/x86_64-linux-gnu/libOgrePaging.so;debug;/usr/lib/x86_64-linux-gnu/libOgrePaging.so
[1.779s] -- Looking for OGRE_Terrain...
[1.784s] -- Found OGRE_Terrain: optimized;/usr/lib/x86_64-linux-gnu/libOgreTerrain.so;debug;/usr/lib/x86_64-linux-gnu/libOgreTerrain.so
[1.784s] -- Looking for OGRE_Property...
[1.788s] -- Found OGRE_Property: optimized;/usr/lib/x86_64-linux-gnu/libOgreProperty.so;debug;/usr/lib/x86_64-linux-gnu/libOgreProperty.so
[1.788s] -- Looking for OGRE_RTShaderSystem...
[1.793s] -- Found OGRE_RTShaderSystem: optimized;/usr/lib/x86_64-linux-gnu/libOgreRTShaderSystem.so;debug;/usr/lib/x86_64-linux-gnu/libOgreRTShaderSystem.so
[1.793s] -- Looking for OGRE_Volume...
[1.797s] -- Found OGRE_Volume: optimized;/usr/lib/x86_64-linux-gnu/libOgreVolume.so;debug;/usr/lib/x86_64-linux-gnu/libOgreVolume.so
[1.797s] -- Looking for OGRE_Overlay...
[1.802s] -- Found OGRE_Overlay: optimized;/usr/lib/x86_64-linux-gnu/libOgreOverlay.so;debug;/usr/lib/x86_64-linux-gnu/libOgreOverlay.so
[1.902s] -- Looking for ignition-math6 -- found version 6.15.1
[1.905s] -- Looking for ignition-transport8 -- found version 8.2.1
[1.905s] -- Searching for dependencies of ignition-transport8
[1.921s] -- Found Protobuf: /usr/lib/x86_64-linux-gnu/libprotobuf.so (found suitable version "3.12.4", minimum required is "3") 
[1.931s] -- Config-file not installed for ZeroMQ -- checking for pkg-config
[1.936s] -- Checking for module 'libzmq >= 4'
[1.947s] --   Found libzmq , version 4.3.4
[1.978s] -- Found ZeroMQ: TRUE (Required is at least version "4") 
[1.984s] -- Checking for module 'uuid'
[1.995s] --   Found uuid, version 2.37.2
[2.040s] -- Found UUID: TRUE  
[2.044s] -- Looking for ignition-msgs5 -- found version 5.8.1
[2.045s] -- Searching for dependencies of ignition-msgs5
[2.062s] -- Looking for ignition-math6 -- found version 6.15.1
[2.066s] -- Checking for module 'tinyxml2'
[2.078s] --   Found tinyxml2, version 9.0.0
[2.107s] -- Looking for ignition-msgs5 -- found version 5.8.1
[2.111s] -- Looking for ignition-common3 -- found version 3.14.0
[2.111s] -- Searching for dependencies of ignition-common3
[2.111s] -- Looking for dlfcn.h - found
[2.112s] -- Looking for libdl - found
[2.113s] -- Found DL: TRUE  
[2.124s] -- Found tinyobjloader: /usr/lib/x86_64-linux-gnu/cmake/tinyobjloader/tinyobjloader-config.cmake (found version "2.0.0") 
[2.125s] -- Searching for <ignition-common3> component [graphics]
[2.127s] -- Looking for ignition-common3-graphics -- found version 3.14.0
[2.127s] -- Searching for dependencies of ignition-common3-graphics
[2.128s] -- Looking for ignition-math6 -- found version 6.15.1
[2.131s] -- Looking for ignition-fuel_tools4 -- found version 4.4.0
[2.131s] -- Searching for dependencies of ignition-fuel_tools4
[2.196s] -- Found CURL: /usr/lib/x86_64-linux-gnu/libcurl.so (found version "7.81.0")  
[2.204s] -- Checking for module 'jsoncpp'
[2.214s] --   Found jsoncpp, version 1.9.5
[2.246s] -- Found JSONCPP: TRUE  
[2.252s] -- Checking for module 'libzip'
[2.263s] --   Found libzip, version 1.7.3
[2.303s] -- Found ZIP: TRUE  
[2.304s] -- Looking for ignition-common3 -- found version 3.14.0
[2.305s] -- Looking for ignition-math6 -- found version 6.15.1
[2.305s] -- Looking for ignition-msgs5 -- found version 5.8.1
[2.311s] -- Gazebo version: 11.14
[2.311s] -- Checking for module 'tbb'
[2.323s] --   Found tbb, version 2021.5.0
[2.365s] -- Found ament_lint_auto: 0.12.12 (/opt/ros/humble/share/ament_lint_auto/cmake)
[2.441s] -- Added test 'flake8' to check Python code syntax and style conventions
[2.441s] -- Added test 'lint_cmake' to check CMake code style
[2.442s] -- Added test 'pep257' to check Python code against some of the docstring style conventions in PEP 257
[2.443s] -- Added test 'xmllint' to check XML markup files
[2.444s] -- Configuring done
[2.448s] -- Generating done
[2.450s] -- Build files have been written to: /home/tejaswi/autonomous_docking_ros2/build/turtlebot3_docking_sim
[2.460s] Invoked command in '/home/tejaswi/autonomous_docking_ros2/build/turtlebot3_docking_sim' returned '0': CMAKE_PREFIX_PATH=${CMAKE_PREFIX_PATH}:/home/tejaswi/ros2_ws/install/crazylidar:/home/tejaswi/ros2_ws/install/crazyflie_py:/opt/ros/humble /usr/bin/cmake /home/tejaswi/autonomous_docking_ros2/src/turtlebot3_docking_sim -DCMAKE_INSTALL_PREFIX=/home/tejaswi/autonomous_docking_ros2/install/turtlebot3_docking_sim
[2.461s] Invoking command in '/home/tejaswi/autonomous_docking_ros2/build/turtlebot3_docking_sim': CMAKE_PREFIX_PATH=${CMAKE_PREFIX_PATH}:/home/tejaswi/ros2_ws/install/crazylidar:/home/tejaswi/ros2_ws/install/crazyflie_py:/opt/ros/humble /usr/bin/cmake --build /home/tejaswi/autonomous_docking_ros2/build/turtlebot3_docking_sim -- -j8 -l8
[2.494s] Invoked command in '/home/tejaswi/autonomous_docking_ros2/build/turtlebot3_docking_sim' returned '0': CMAKE_PREFIX_PATH=${CMAKE_PREFIX_PATH}:/home/tejaswi/ros2_ws/install/crazylidar:/home/tejaswi/ros2_ws/install/crazyflie_py:/opt/ros/humble /usr/bin/cmake --build /home/tejaswi/autonomous_docking_ros2/build/turtlebot3_docking_sim -- -j8 -l8
[2.530s] Invoking command in '/home/tejaswi/autonomous_docking_ros2/build/turtlebot3_docking_sim': CMAKE_PREFIX_PATH=${CMAKE_PREFIX_PATH}:/home/tejaswi/ros2_ws/install/crazylidar:/home/tejaswi/ros2_ws/install/crazyflie_py:/opt/ros/humble /usr/bin/cmake --install /home/tejaswi/autonomous_docking_ros2/build/turtlebot3_docking_sim
[2.536s] -- Install configuration: ""
[2.536s] -- Installing: /home/tejaswi/autonomous_docking_ros2/install/turtlebot3_docking_sim/share/turtlebot3_docking_sim//launch
[2.536s] -- Installing: /home/tejaswi/autonomous_docking_ros2/install/turtlebot3_docking_sim/share/turtlebot3_docking_sim//launch/turtlebot3_docking.launch.py
[2.536s] -- Installing: /home/tejaswi/autonomous_docking_ros2/install/turtlebot3_docking_sim/share/turtlebot3_docking_sim//worlds
[2.536s] -- Installing: /home/tejaswi/autonomous_docking_ros2/install/turtlebot3_docking_sim/share/turtlebot3_docking_sim//worlds/aruco_docking_world.world
[2.537s] -- Installing: /home/tejaswi/autonomous_docking_ros2/install/turtlebot3_docking_sim/share/turtlebot3_docking_sim//models
[2.537s] -- Installing: /home/tejaswi/autonomous_docking_ros2/install/turtlebot3_docking_sim/share/turtlebot3_docking_sim//models/aruco_box
[2.537s] -- Installing: /home/tejaswi/autonomous_docking_ros2/install/turtlebot3_docking_sim/share/turtlebot3_docking_sim//models/aruco_box/model.config
[2.537s] -- Installing: /home/tejaswi/autonomous_docking_ros2/install/turtlebot3_docking_sim/share/turtlebot3_docking_sim//models/aruco_box/model.sdf
[2.537s] -- Installing: /home/tejaswi/autonomous_docking_ros2/install/turtlebot3_docking_sim/share/ament_index/resource_index/package_run_dependencies/turtlebot3_docking_sim
[2.537s] -- Installing: /home/tejaswi/autonomous_docking_ros2/install/turtlebot3_docking_sim/share/ament_index/resource_index/parent_prefix_path/turtlebot3_docking_sim
[2.537s] -- Installing: /home/tejaswi/autonomous_docking_ros2/install/turtlebot3_docking_sim/share/turtlebot3_docking_sim/environment/ament_prefix_path.sh
[2.537s] -- Installing: /home/tejaswi/autonomous_docking_ros2/install/turtlebot3_docking_sim/share/turtlebot3_docking_sim/environment/ament_prefix_path.dsv
[2.537s] -- Installing: /home/tejaswi/autonomous_docking_ros2/install/turtlebot3_docking_sim/share/turtlebot3_docking_sim/environment/path.sh
[2.537s] -- Installing: /home/tejaswi/autonomous_docking_ros2/install/turtlebot3_docking_sim/share/turtlebot3_docking_sim/environment/path.dsv
[2.537s] -- Installing: /home/tejaswi/autonomous_docking_ros2/install/turtlebot3_docking_sim/share/turtlebot3_docking_sim/local_setup.bash
[2.537s] -- Installing: /home/tejaswi/autonomous_docking_ros2/install/turtlebot3_docking_sim/share/turtlebot3_docking_sim/local_setup.sh
[2.537s] -- Installing: /home/tejaswi/autonomous_docking_ros2/install/turtlebot3_docking_sim/share/turtlebot3_docking_sim/local_setup.zsh
[2.538s] -- Installing: /home/tejaswi/autonomous_docking_ros2/install/turtlebot3_docking_sim/share/turtlebot3_docking_sim/local_setup.dsv
[2.538s] -- Installing: /home/tejaswi/autonomous_docking_ros2/install/turtlebot3_docking_sim/share/turtlebot3_docking_sim/package.dsv
[2.538s] -- Installing: /home/tejaswi/autonomous_docking_ros2/install/turtlebot3_docking_sim/share/ament_index/resource_index/packages/turtlebot3_docking_sim
[2.538s] -- Installing: /home/tejaswi/autonomous_docking_ros2/install/turtlebot3_docking_sim/share/turtlebot3_docking_sim/cmake/turtlebot3_docking_simConfig.cmake
[2.538s] -- Installing: /home/tejaswi/autonomous_docking_ros2/install/turtlebot3_docking_sim/share/turtlebot3_docking_sim/cmake/turtlebot3_docking_simConfig-version.cmake
[2.538s] -- Installing: /home/tejaswi/autonomous_docking_ros2/install/turtlebot3_docking_sim/share/turtlebot3_docking_sim/package.xml
[2.540s] Invoked command in '/home/tejaswi/autonomous_docking_ros2/build/turtlebot3_docking_sim' returned '0': CMAKE_PREFIX_PATH=${CMAKE_PREFIX_PATH}:/home/tejaswi/ros2_ws/install/crazylidar:/home/tejaswi/ros2_ws/install/crazyflie_py:/opt/ros/humble /usr/bin/cmake --install /home/tejaswi/autonomous_docking_ros2/build/turtlebot3_docking_sim
