[0.870s] Invoking command in '/home/tejaswi/autonomous_docking_ros2/src/docking_controller': PYTHONPATH=/home/tejaswi/autonomous_docking_ros2/build/docking_controller/prefix_override:/usr/lib/python3/dist-packages/colcon_core/task/python/colcon_distutils_commands:/home/tejaswi/autonomous_docking_ros2/install/docking_controller/lib/python3.10/site-packages:${PYTHONPATH} /usr/bin/python3 -W ignore:setup.py install is deprecated setup.py egg_info --egg-base ../../build/docking_controller build --build-base /home/tejaswi/autonomous_docking_ros2/build/docking_controller/build install --record /home/tejaswi/autonomous_docking_ros2/build/docking_controller/install.log --single-version-externally-managed install_data
[1.103s] running egg_info
[1.104s] writing ../../build/docking_controller/docking_controller.egg-info/PKG-INFO
[1.104s] writing dependency_links to ../../build/docking_controller/docking_controller.egg-info/dependency_links.txt
[1.104s] writing entry points to ../../build/docking_controller/docking_controller.egg-info/entry_points.txt
[1.104s] writing requirements to ../../build/docking_controller/docking_controller.egg-info/requires.txt
[1.104s] writing top-level names to ../../build/docking_controller/docking_controller.egg-info/top_level.txt
[1.106s] reading manifest file '../../build/docking_controller/docking_controller.egg-info/SOURCES.txt'
[1.107s] writing manifest file '../../build/docking_controller/docking_controller.egg-info/SOURCES.txt'
[1.107s] running build
[1.107s] running build_py
[1.107s] running install
[1.108s] running install_lib
[1.109s] running install_data
[1.109s] running install_egg_info
[1.111s] removing '/home/tejaswi/autonomous_docking_ros2/install/docking_controller/lib/python3.10/site-packages/docking_controller-0.0.0-py3.10.egg-info' (and everything under it)
[1.111s] Copying ../../build/docking_controller/docking_controller.egg-info to /home/tejaswi/autonomous_docking_ros2/install/docking_controller/lib/python3.10/site-packages/docking_controller-0.0.0-py3.10.egg-info
[1.111s] running install_scripts
[1.131s] writing list of installed files to '/home/tejaswi/autonomous_docking_ros2/build/docking_controller/install.log'
[1.161s] Invoked command in '/home/tejaswi/autonomous_docking_ros2/src/docking_controller' returned '0': PYTHONPATH=/home/tejaswi/autonomous_docking_ros2/build/docking_controller/prefix_override:/usr/lib/python3/dist-packages/colcon_core/task/python/colcon_distutils_commands:/home/tejaswi/autonomous_docking_ros2/install/docking_controller/lib/python3.10/site-packages:${PYTHONPATH} /usr/bin/python3 -W ignore:setup.py install is deprecated setup.py egg_info --egg-base ../../build/docking_controller build --build-base /home/tejaswi/autonomous_docking_ros2/build/docking_controller/build install --record /home/tejaswi/autonomous_docking_ros2/build/docking_controller/install.log --single-version-externally-managed install_data
