running egg_info
creating ../../build/docking_controller/docking_controller.egg-info
writing ../../build/docking_controller/docking_controller.egg-info/PKG-INFO
writing dependency_links to ../../build/docking_controller/docking_controller.egg-info/dependency_links.txt
writing entry points to ../../build/docking_controller/docking_controller.egg-info/entry_points.txt
writing requirements to ../../build/docking_controller/docking_controller.egg-info/requires.txt
writing top-level names to ../../build/docking_controller/docking_controller.egg-info/top_level.txt
writing manifest file '../../build/docking_controller/docking_controller.egg-info/SOURCES.txt'
reading manifest file '../../build/docking_controller/docking_controller.egg-info/SOURCES.txt'
writing manifest file '../../build/docking_controller/docking_controller.egg-info/SOURCES.txt'
running build
running build_py
creating /home/tejaswi/autonomous_docking_ros2/build/docking_controller/build
creating /home/tejaswi/autonomous_docking_ros2/build/docking_controller/build/lib
creating /home/tejaswi/autonomous_docking_ros2/build/docking_controller/build/lib/docking_controller
copying docking_controller/__init__.py -> /home/tejaswi/autonomous_docking_ros2/build/docking_controller/build/lib/docking_controller
copying docking_controller/controller_node.py -> /home/tejaswi/autonomous_docking_ros2/build/docking_controller/build/lib/docking_controller
running install
running install_lib
creating /home/tejaswi/autonomous_docking_ros2/install/docking_controller/lib/python3.10/site-packages/docking_controller
copying /home/tejaswi/autonomous_docking_ros2/build/docking_controller/build/lib/docking_controller/__init__.py -> /home/tejaswi/autonomous_docking_ros2/install/docking_controller/lib/python3.10/site-packages/docking_controller
copying /home/tejaswi/autonomous_docking_ros2/build/docking_controller/build/lib/docking_controller/controller_node.py -> /home/tejaswi/autonomous_docking_ros2/install/docking_controller/lib/python3.10/site-packages/docking_controller
byte-compiling /home/tejaswi/autonomous_docking_ros2/install/docking_controller/lib/python3.10/site-packages/docking_controller/__init__.py to __init__.cpython-310.pyc
byte-compiling /home/tejaswi/autonomous_docking_ros2/install/docking_controller/lib/python3.10/site-packages/docking_controller/controller_node.py to controller_node.cpython-310.pyc
running install_data
creating /home/tejaswi/autonomous_docking_ros2/install/docking_controller/share/ament_index
creating /home/tejaswi/autonomous_docking_ros2/install/docking_controller/share/ament_index/resource_index
creating /home/tejaswi/autonomous_docking_ros2/install/docking_controller/share/ament_index/resource_index/packages
copying resource/docking_controller -> /home/tejaswi/autonomous_docking_ros2/install/docking_controller/share/ament_index/resource_index/packages
copying package.xml -> /home/tejaswi/autonomous_docking_ros2/install/docking_controller/share/docking_controller
running install_egg_info
Copying ../../build/docking_controller/docking_controller.egg-info to /home/tejaswi/autonomous_docking_ros2/install/docking_controller/lib/python3.10/site-packages/docking_controller-0.0.0-py3.10.egg-info
running install_scripts
writing list of installed files to '/home/tejaswi/autonomous_docking_ros2/build/docking_controller/install.log'
