[1.103s] Invoking command in '/home/tejaswi/autonomous_docking_ros2/src/docking_controller': PYTHONPATH=/home/tejaswi/autonomous_docking_ros2/build/docking_controller/prefix_override:/usr/lib/python3/dist-packages/colcon_core/task/python/colcon_distutils_commands:/home/tejaswi/autonomous_docking_ros2/install/docking_controller/lib/python3.10/site-packages:${PYTHONPATH} /usr/bin/python3 -W ignore:setup.py install is deprecated setup.py egg_info --egg-base ../../build/docking_controller build --build-base /home/tejaswi/autonomous_docking_ros2/build/docking_controller/build install --record /home/tejaswi/autonomous_docking_ros2/build/docking_controller/install.log --single-version-externally-managed install_data
[1.374s] running egg_info
[1.375s] creating ../../build/docking_controller/docking_controller.egg-info
[1.375s] writing ../../build/docking_controller/docking_controller.egg-info/PKG-INFO
[1.376s] writing dependency_links to ../../build/docking_controller/docking_controller.egg-info/dependency_links.txt
[1.376s] writing entry points to ../../build/docking_controller/docking_controller.egg-info/entry_points.txt
[1.376s] writing requirements to ../../build/docking_controller/docking_controller.egg-info/requires.txt
[1.376s] writing top-level names to ../../build/docking_controller/docking_controller.egg-info/top_level.txt
[1.377s] writing manifest file '../../build/docking_controller/docking_controller.egg-info/SOURCES.txt'
[1.378s] reading manifest file '../../build/docking_controller/docking_controller.egg-info/SOURCES.txt'
[1.380s] writing manifest file '../../build/docking_controller/docking_controller.egg-info/SOURCES.txt'
[1.380s] running build
[1.380s] running build_py
[1.380s] creating /home/tejaswi/autonomous_docking_ros2/build/docking_controller/build
[1.381s] creating /home/tejaswi/autonomous_docking_ros2/build/docking_controller/build/lib
[1.381s] creating /home/tejaswi/autonomous_docking_ros2/build/docking_controller/build/lib/docking_controller
[1.381s] copying docking_controller/__init__.py -> /home/tejaswi/autonomous_docking_ros2/build/docking_controller/build/lib/docking_controller
[1.381s] copying docking_controller/controller_node.py -> /home/tejaswi/autonomous_docking_ros2/build/docking_controller/build/lib/docking_controller
[1.381s] running install
[1.382s] running install_lib
[1.383s] creating /home/tejaswi/autonomous_docking_ros2/install/docking_controller/lib/python3.10/site-packages/docking_controller
[1.383s] copying /home/tejaswi/autonomous_docking_ros2/build/docking_controller/build/lib/docking_controller/__init__.py -> /home/tejaswi/autonomous_docking_ros2/install/docking_controller/lib/python3.10/site-packages/docking_controller
[1.383s] copying /home/tejaswi/autonomous_docking_ros2/build/docking_controller/build/lib/docking_controller/controller_node.py -> /home/tejaswi/autonomous_docking_ros2/install/docking_controller/lib/python3.10/site-packages/docking_controller
[1.385s] byte-compiling /home/tejaswi/autonomous_docking_ros2/install/docking_controller/lib/python3.10/site-packages/docking_controller/__init__.py to __init__.cpython-310.pyc
[1.385s] byte-compiling /home/tejaswi/autonomous_docking_ros2/install/docking_controller/lib/python3.10/site-packages/docking_controller/controller_node.py to controller_node.cpython-310.pyc
[1.385s] running install_data
[1.385s] creating /home/tejaswi/autonomous_docking_ros2/install/docking_controller/share/ament_index
[1.385s] creating /home/tejaswi/autonomous_docking_ros2/install/docking_controller/share/ament_index/resource_index
[1.385s] creating /home/tejaswi/autonomous_docking_ros2/install/docking_controller/share/ament_index/resource_index/packages
[1.385s] copying resource/docking_controller -> /home/tejaswi/autonomous_docking_ros2/install/docking_controller/share/ament_index/resource_index/packages
[1.385s] copying package.xml -> /home/tejaswi/autonomous_docking_ros2/install/docking_controller/share/docking_controller
[1.385s] running install_egg_info
[1.388s] Copying ../../build/docking_controller/docking_controller.egg-info to /home/tejaswi/autonomous_docking_ros2/install/docking_controller/lib/python3.10/site-packages/docking_controller-0.0.0-py3.10.egg-info
[1.388s] running install_scripts
[1.413s] writing list of installed files to '/home/tejaswi/autonomous_docking_ros2/build/docking_controller/install.log'
[1.470s] Invoked command in '/home/tejaswi/autonomous_docking_ros2/src/docking_controller' returned '0': PYTHONPATH=/home/tejaswi/autonomous_docking_ros2/build/docking_controller/prefix_override:/usr/lib/python3/dist-packages/colcon_core/task/python/colcon_distutils_commands:/home/tejaswi/autonomous_docking_ros2/install/docking_controller/lib/python3.10/site-packages:${PYTHONPATH} /usr/bin/python3 -W ignore:setup.py install is deprecated setup.py egg_info --egg-base ../../build/docking_controller build --build-base /home/tejaswi/autonomous_docking_ros2/build/docking_controller/build install --record /home/tejaswi/autonomous_docking_ros2/build/docking_controller/install.log --single-version-externally-managed install_data
