[2.421s] Invoking command in '/home/tejaswi/autonomous_docking_ros2/build/docking_controller': PYTHONPATH=/home/tejaswi/autonomous_docking_ros2/build/docking_controller/prefix_override:/usr/lib/python3/dist-packages/colcon_core/task/python/colcon_distutils_commands:/home/tejaswi/autonomous_docking_ros2/install/docking_controller/lib/python3.10/site-packages:${PYTHONPATH} /usr/bin/python3 -W ignore:setup.py install is deprecated setup.py develop --editable --build-directory /home/tejaswi/autonomous_docking_ros2/build/docking_controller/build --no-deps symlink_data
[3.078s] running develop
[3.080s] /usr/lib/python3/dist-packages/setuptools/command/easy_install.py:158: EasyInstallDeprecationWarning: easy_install command is deprecated. Use build and pip and other standards-based tools.
[3.080s]   warnings.warn(
[3.538s] running egg_info
[3.539s] writing docking_controller.egg-info/PKG-INFO
[3.540s] writing dependency_links to docking_controller.egg-info/dependency_links.txt
[3.540s] writing entry points to docking_controller.egg-info/entry_points.txt
[3.541s] writing requirements to docking_controller.egg-info/requires.txt
[3.541s] writing top-level names to docking_controller.egg-info/top_level.txt
[3.549s] reading manifest file 'docking_controller.egg-info/SOURCES.txt'
[3.553s] writing manifest file 'docking_controller.egg-info/SOURCES.txt'
[3.646s] running build_ext
[3.646s] Creating /home/tejaswi/autonomous_docking_ros2/install/docking_controller/lib/python3.10/site-packages/docking-controller.egg-link (link to .)
[3.648s] Installing controller_node script to /home/tejaswi/autonomous_docking_ros2/install/docking_controller/lib/docking_controller
[3.648s] Installing pose_estimator_node script to /home/tejaswi/autonomous_docking_ros2/install/docking_controller/lib/docking_controller
[3.648s] 
[3.649s] Installed /home/tejaswi/autonomous_docking_ros2/build/docking_controller
[3.649s] running symlink_data
[3.833s] Invoked command in '/home/tejaswi/autonomous_docking_ros2/build/docking_controller' returned '0': PYTHONPATH=/home/tejaswi/autonomous_docking_ros2/build/docking_controller/prefix_override:/usr/lib/python3/dist-packages/colcon_core/task/python/colcon_distutils_commands:/home/tejaswi/autonomous_docking_ros2/install/docking_controller/lib/python3.10/site-packages:${PYTHONPATH} /usr/bin/python3 -W ignore:setup.py install is deprecated setup.py develop --editable --build-directory /home/tejaswi/autonomous_docking_ros2/build/docking_controller/build --no-deps symlink_data
