[1.147s] Invoking command in '/home/tejaswi/autonomous_docking_ros2/build/aruco_detector': PYTHONPATH=/home/tejaswi/autonomous_docking_ros2/build/aruco_detector/prefix_override:/usr/lib/python3/dist-packages/colcon_core/task/python/colcon_distutils_commands:/home/tejaswi/autonomous_docking_ros2/install/aruco_detector/lib/python3.10/site-packages:${PYTHONPATH} /usr/bin/python3 -W ignore:setup.py install is deprecated setup.py develop --editable --build-directory /home/tejaswi/autonomous_docking_ros2/build/aruco_detector/build --no-deps symlink_data
[1.550s] running develop
[1.550s] /usr/lib/python3/dist-packages/setuptools/command/easy_install.py:158: EasyInstallDeprecationWarning: easy_install command is deprecated. Use build and pip and other standards-based tools.
[1.550s]   warnings.warn(
[1.818s] running egg_info
[1.818s] creating aruco_detector.egg-info
[1.818s] writing aruco_detector.egg-info/PKG-INFO
[1.818s] writing dependency_links to aruco_detector.egg-info/dependency_links.txt
[1.818s] writing entry points to aruco_detector.egg-info/entry_points.txt
[1.818s] writing requirements to aruco_detector.egg-info/requires.txt
[1.818s] writing top-level names to aruco_detector.egg-info/top_level.txt
[1.819s] writing manifest file 'aruco_detector.egg-info/SOURCES.txt'
[1.819s] reading manifest file 'aruco_detector.egg-info/SOURCES.txt'
[1.820s] writing manifest file 'aruco_detector.egg-info/SOURCES.txt'
[1.883s] running build_ext
[1.883s] Creating /home/tejaswi/autonomous_docking_ros2/install/aruco_detector/lib/python3.10/site-packages/aruco-detector.egg-link (link to .)
[1.884s] Installing aruco_node script to /home/tejaswi/autonomous_docking_ros2/install/aruco_detector/lib/aruco_detector
[1.885s] 
[1.885s] Installed /home/tejaswi/autonomous_docking_ros2/build/aruco_detector
[1.885s] running symlink_data
[1.885s] creating /home/tejaswi/autonomous_docking_ros2/install/aruco_detector/share/ament_index
[1.885s] creating /home/tejaswi/autonomous_docking_ros2/install/aruco_detector/share/ament_index/resource_index
[1.885s] creating /home/tejaswi/autonomous_docking_ros2/install/aruco_detector/share/ament_index/resource_index/packages
[1.885s] symbolically linking /home/tejaswi/autonomous_docking_ros2/build/aruco_detector/resource/aruco_detector -> /home/tejaswi/autonomous_docking_ros2/install/aruco_detector/share/ament_index/resource_index/packages
[1.885s] symbolically linking /home/tejaswi/autonomous_docking_ros2/build/aruco_detector/package.xml -> /home/tejaswi/autonomous_docking_ros2/install/aruco_detector/share/aruco_detector
[1.937s] Invoked command in '/home/tejaswi/autonomous_docking_ros2/build/aruco_detector' returned '0': PYTHONPATH=/home/tejaswi/autonomous_docking_ros2/build/aruco_detector/prefix_override:/usr/lib/python3/dist-packages/colcon_core/task/python/colcon_distutils_commands:/home/tejaswi/autonomous_docking_ros2/install/aruco_detector/lib/python3.10/site-packages:${PYTHONPATH} /usr/bin/python3 -W ignore:setup.py install is deprecated setup.py develop --editable --build-directory /home/tejaswi/autonomous_docking_ros2/build/aruco_detector/build --no-deps symlink_data
