running egg_info
creating ../../build/aruco_detector/aruco_detector.egg-info
writing ../../build/aruco_detector/aruco_detector.egg-info/PKG-INFO
writing dependency_links to ../../build/aruco_detector/aruco_detector.egg-info/dependency_links.txt
writing entry points to ../../build/aruco_detector/aruco_detector.egg-info/entry_points.txt
writing requirements to ../../build/aruco_detector/aruco_detector.egg-info/requires.txt
writing top-level names to ../../build/aruco_detector/aruco_detector.egg-info/top_level.txt
writing manifest file '../../build/aruco_detector/aruco_detector.egg-info/SOURCES.txt'
reading manifest file '../../build/aruco_detector/aruco_detector.egg-info/SOURCES.txt'
writing manifest file '../../build/aruco_detector/aruco_detector.egg-info/SOURCES.txt'
running build
running build_py
creating /home/tejaswi/autonomous_docking_ros2/build/aruco_detector/build
creating /home/tejaswi/autonomous_docking_ros2/build/aruco_detector/build/lib
creating /home/tejaswi/autonomous_docking_ros2/build/aruco_detector/build/lib/aruco_detector
copying aruco_detector/aruco_node.py -> /home/tejaswi/autonomous_docking_ros2/build/aruco_detector/build/lib/aruco_detector
copying aruco_detector/__init__.py -> /home/tejaswi/autonomous_docking_ros2/build/aruco_detector/build/lib/aruco_detector
running install
running install_lib
creating /home/tejaswi/autonomous_docking_ros2/install/aruco_detector/lib/python3.10/site-packages/aruco_detector
copying /home/tejaswi/autonomous_docking_ros2/build/aruco_detector/build/lib/aruco_detector/aruco_node.py -> /home/tejaswi/autonomous_docking_ros2/install/aruco_detector/lib/python3.10/site-packages/aruco_detector
copying /home/tejaswi/autonomous_docking_ros2/build/aruco_detector/build/lib/aruco_detector/__init__.py -> /home/tejaswi/autonomous_docking_ros2/install/aruco_detector/lib/python3.10/site-packages/aruco_detector
byte-compiling /home/tejaswi/autonomous_docking_ros2/install/aruco_detector/lib/python3.10/site-packages/aruco_detector/aruco_node.py to aruco_node.cpython-310.pyc
byte-compiling /home/tejaswi/autonomous_docking_ros2/install/aruco_detector/lib/python3.10/site-packages/aruco_detector/__init__.py to __init__.cpython-310.pyc
running install_data
creating /home/tejaswi/autonomous_docking_ros2/install/aruco_detector/share/ament_index
creating /home/tejaswi/autonomous_docking_ros2/install/aruco_detector/share/ament_index/resource_index
creating /home/tejaswi/autonomous_docking_ros2/install/aruco_detector/share/ament_index/resource_index/packages
copying resource/aruco_detector -> /home/tejaswi/autonomous_docking_ros2/install/aruco_detector/share/ament_index/resource_index/packages
copying package.xml -> /home/tejaswi/autonomous_docking_ros2/install/aruco_detector/share/aruco_detector
running install_egg_info
Copying ../../build/aruco_detector/aruco_detector.egg-info to /home/tejaswi/autonomous_docking_ros2/install/aruco_detector/lib/python3.10/site-packages/aruco_detector-0.0.0-py3.10.egg-info
running install_scripts
Installing aruco_node script to /home/tejaswi/autonomous_docking_ros2/install/aruco_detector/lib/aruco_detector
writing list of installed files to '/home/tejaswi/autonomous_docking_ros2/build/aruco_detector/install.log'
