[1.109s] Invoking command in '/home/tejaswi/autonomous_docking_ros2/src/aruco_detector': PYTHONPATH=/home/tejaswi/autonomous_docking_ros2/build/aruco_detector/prefix_override:/usr/lib/python3/dist-packages/colcon_core/task/python/colcon_distutils_commands:/home/tejaswi/autonomous_docking_ros2/install/aruco_detector/lib/python3.10/site-packages:${PYTHONPATH} /usr/bin/python3 -W ignore:setup.py install is deprecated setup.py egg_info --egg-base ../../build/aruco_detector build --build-base /home/tejaswi/autonomous_docking_ros2/build/aruco_detector/build install --record /home/tejaswi/autonomous_docking_ros2/build/aruco_detector/install.log --single-version-externally-managed install_data
[1.385s] running egg_info
[1.385s] creating ../../build/aruco_detector/aruco_detector.egg-info
[1.386s] writing ../../build/aruco_detector/aruco_detector.egg-info/PKG-INFO
[1.386s] writing dependency_links to ../../build/aruco_detector/aruco_detector.egg-info/dependency_links.txt
[1.387s] writing entry points to ../../build/aruco_detector/aruco_detector.egg-info/entry_points.txt
[1.387s] writing requirements to ../../build/aruco_detector/aruco_detector.egg-info/requires.txt
[1.387s] writing top-level names to ../../build/aruco_detector/aruco_detector.egg-info/top_level.txt
[1.387s] writing manifest file '../../build/aruco_detector/aruco_detector.egg-info/SOURCES.txt'
[1.388s] reading manifest file '../../build/aruco_detector/aruco_detector.egg-info/SOURCES.txt'
[1.389s] writing manifest file '../../build/aruco_detector/aruco_detector.egg-info/SOURCES.txt'
[1.389s] running build
[1.390s] running build_py
[1.390s] creating /home/tejaswi/autonomous_docking_ros2/build/aruco_detector/build
[1.390s] creating /home/tejaswi/autonomous_docking_ros2/build/aruco_detector/build/lib
[1.390s] creating /home/tejaswi/autonomous_docking_ros2/build/aruco_detector/build/lib/aruco_detector
[1.390s] copying aruco_detector/aruco_node.py -> /home/tejaswi/autonomous_docking_ros2/build/aruco_detector/build/lib/aruco_detector
[1.390s] copying aruco_detector/__init__.py -> /home/tejaswi/autonomous_docking_ros2/build/aruco_detector/build/lib/aruco_detector
[1.390s] running install
[1.391s] running install_lib
[1.392s] creating /home/tejaswi/autonomous_docking_ros2/install/aruco_detector/lib/python3.10/site-packages/aruco_detector
[1.392s] copying /home/tejaswi/autonomous_docking_ros2/build/aruco_detector/build/lib/aruco_detector/aruco_node.py -> /home/tejaswi/autonomous_docking_ros2/install/aruco_detector/lib/python3.10/site-packages/aruco_detector
[1.392s] copying /home/tejaswi/autonomous_docking_ros2/build/aruco_detector/build/lib/aruco_detector/__init__.py -> /home/tejaswi/autonomous_docking_ros2/install/aruco_detector/lib/python3.10/site-packages/aruco_detector
[1.392s] byte-compiling /home/tejaswi/autonomous_docking_ros2/install/aruco_detector/lib/python3.10/site-packages/aruco_detector/aruco_node.py to aruco_node.cpython-310.pyc
[1.394s] byte-compiling /home/tejaswi/autonomous_docking_ros2/install/aruco_detector/lib/python3.10/site-packages/aruco_detector/__init__.py to __init__.cpython-310.pyc
[1.394s] running install_data
[1.394s] creating /home/tejaswi/autonomous_docking_ros2/install/aruco_detector/share/ament_index
[1.395s] creating /home/tejaswi/autonomous_docking_ros2/install/aruco_detector/share/ament_index/resource_index
[1.395s] creating /home/tejaswi/autonomous_docking_ros2/install/aruco_detector/share/ament_index/resource_index/packages
[1.395s] copying resource/aruco_detector -> /home/tejaswi/autonomous_docking_ros2/install/aruco_detector/share/ament_index/resource_index/packages
[1.395s] copying package.xml -> /home/tejaswi/autonomous_docking_ros2/install/aruco_detector/share/aruco_detector
[1.395s] running install_egg_info
[1.396s] Copying ../../build/aruco_detector/aruco_detector.egg-info to /home/tejaswi/autonomous_docking_ros2/install/aruco_detector/lib/python3.10/site-packages/aruco_detector-0.0.0-py3.10.egg-info
[1.397s] running install_scripts
[1.421s] Installing aruco_node script to /home/tejaswi/autonomous_docking_ros2/install/aruco_detector/lib/aruco_detector
[1.421s] writing list of installed files to '/home/tejaswi/autonomous_docking_ros2/build/aruco_detector/install.log'
[1.464s] Invoked command in '/home/tejaswi/autonomous_docking_ros2/src/aruco_detector' returned '0': PYTHONPATH=/home/tejaswi/autonomous_docking_ros2/build/aruco_detector/prefix_override:/usr/lib/python3/dist-packages/colcon_core/task/python/colcon_distutils_commands:/home/tejaswi/autonomous_docking_ros2/install/aruco_detector/lib/python3.10/site-packages:${PYTHONPATH} /usr/bin/python3 -W ignore:setup.py install is deprecated setup.py egg_info --egg-base ../../build/aruco_detector build --build-base /home/tejaswi/autonomous_docking_ros2/build/aruco_detector/build install --record /home/tejaswi/autonomous_docking_ros2/build/aruco_detector/install.log --single-version-externally-managed install_data
