[1.112s] Invoking command in '/home/tejaswi/autonomous_docking_ros2/build/turtlebot3_gazebo': CMAKE_PREFIX_PATH=${CMAKE_PREFIX_PATH}:/home/tejaswi/ros2_ws/install/crazylidar:/home/tejaswi/ros2_ws/install/crazyflie_py:/opt/ros/humble /usr/bin/cmake --build /home/tejaswi/autonomous_docking_ros2/build/turtlebot3_gazebo -- -j8 -l8
[1.302s] [ 16%] Built target turtlebot3_drive
[1.336s] [ 33%] Built target obstacle2
[1.339s] [ 50%] Built target obstacles
[1.350s] [ 66%] Built target obstacle1
[1.361s] [100%] Built target traffic_light_plugin
[1.364s] [100%] Built target traffic_bar_plugin
[1.399s] Invoked command in '/home/tejaswi/autonomous_docking_ros2/build/turtlebot3_gazebo' returned '0': CMAKE_PREFIX_PATH=${CMAKE_PREFIX_PATH}:/home/tejaswi/ros2_ws/install/crazylidar:/home/tejaswi/ros2_ws/install/crazyflie_py:/opt/ros/humble /usr/bin/cmake --build /home/tejaswi/autonomous_docking_ros2/build/turtlebot3_gazebo -- -j8 -l8
[1.533s] Invoking command in '/home/tejaswi/autonomous_docking_ros2/build/turtlebot3_gazebo': CMAKE_PREFIX_PATH=${CMAKE_PREFIX_PATH}:/home/tejaswi/ros2_ws/install/crazylidar:/home/tejaswi/ros2_ws/install/crazyflie_py:/opt/ros/humble /usr/bin/cmake --install /home/tejaswi/autonomous_docking_ros2/build/turtlebot3_gazebo
[1.552s] -- Install configuration: ""
[1.553s] -- Execute custom install script
[1.554s] -- Up-to-date symlink: /home/tejaswi/autonomous_docking_ros2/install/turtlebot3_gazebo/lib/turtlebot3_gazebo/turtlebot3_drive
[1.556s] -- Up-to-date symlink: /home/tejaswi/autonomous_docking_ros2/install/turtlebot3_gazebo/share/turtlebot3_gazebo//launch/empty_world.launch.py
[1.556s] -- Up-to-date symlink: /home/tejaswi/autonomous_docking_ros2/install/turtlebot3_gazebo/share/turtlebot3_gazebo//launch/multi_robot.launch.py
[1.557s] -- Up-to-date symlink: /home/tejaswi/autonomous_docking_ros2/install/turtlebot3_gazebo/share/turtlebot3_gazebo//launch/multi_spawn_turtlebot3.launch.py
[1.577s] -- Up-to-date symlink: /home/tejaswi/autonomous_docking_ros2/install/turtlebot3_gazebo/share/turtlebot3_gazebo//launch/robot_state_publisher.launch.py
[1.578s] -- Up-to-date symlink: /home/tejaswi/autonomous_docking_ros2/install/turtlebot3_gazebo/share/turtlebot3_gazebo//launch/spawn_turtlebot3.launch.py
[1.578s] -- Up-to-date symlink: /home/tejaswi/autonomous_docking_ros2/install/turtlebot3_gazebo/share/turtlebot3_gazebo//launch/turtlebot3_autorace_2020.launch.py
[1.578s] -- Up-to-date symlink: /home/tejaswi/autonomous_docking_ros2/install/turtlebot3_gazebo/share/turtlebot3_gazebo//launch/turtlebot3_dqn_stage1.launch.py
[1.578s] -- Up-to-date symlink: /home/tejaswi/autonomous_docking_ros2/install/turtlebot3_gazebo/share/turtlebot3_gazebo//launch/turtlebot3_dqn_stage2.launch.py
[1.579s] -- Up-to-date symlink: /home/tejaswi/autonomous_docking_ros2/install/turtlebot3_gazebo/share/turtlebot3_gazebo//launch/turtlebot3_dqn_stage3.launch.py
[1.579s] -- Up-to-date symlink: /home/tejaswi/autonomous_docking_ros2/install/turtlebot3_gazebo/share/turtlebot3_gazebo//launch/turtlebot3_dqn_stage4.launch.py
[1.579s] -- Up-to-date symlink: /home/tejaswi/autonomous_docking_ros2/install/turtlebot3_gazebo/share/turtlebot3_gazebo//launch/turtlebot3_house.launch.py
[1.580s] -- Up-to-date symlink: /home/tejaswi/autonomous_docking_ros2/install/turtlebot3_gazebo/share/turtlebot3_gazebo//launch/turtlebot3_world.launch.py
[1.582s] -- Up-to-date symlink: /home/tejaswi/autonomous_docking_ros2/install/turtlebot3_gazebo/share/turtlebot3_gazebo//models/aruco_box_id_20/materials/scripts/aruco.material
[1.582s] -- Up-to-date symlink: /home/tejaswi/autonomous_docking_ros2/install/turtlebot3_gazebo/share/turtlebot3_gazebo//models/aruco_box_id_20/materials/textures/aruco_20.png
[1.582s] -- Up-to-date symlink: /home/tejaswi/autonomous_docking_ros2/install/turtlebot3_gazebo/share/turtlebot3_gazebo//models/aruco_box_id_20/materials/textures/aruco_gen.py
[1.582s] -- Up-to-date symlink: /home/tejaswi/autonomous_docking_ros2/install/turtlebot3_gazebo/share/turtlebot3_gazebo//models/aruco_box_id_20/model.config
[1.584s] -- Up-to-date symlink: /home/tejaswi/autonomous_docking_ros2/install/turtlebot3_gazebo/share/turtlebot3_gazebo//models/aruco_box_id_20/model.sdf
[1.585s] -- Up-to-date symlink: /home/tejaswi/autonomous_docking_ros2/install/turtlebot3_gazebo/share/turtlebot3_gazebo//models/aruco_box_id_25/materials/scripts/aruco.material
[1.585s] -- Up-to-date symlink: /home/tejaswi/autonomous_docking_ros2/install/turtlebot3_gazebo/share/turtlebot3_gazebo//models/aruco_box_id_25/materials/textures/aruco_25.png
[1.586s] -- Up-to-date symlink: /home/tejaswi/autonomous_docking_ros2/install/turtlebot3_gazebo/share/turtlebot3_gazebo//models/aruco_box_id_25/materials/textures/aruco_gen.py
[1.586s] -- Up-to-date symlink: /home/tejaswi/autonomous_docking_ros2/install/turtlebot3_gazebo/share/turtlebot3_gazebo//models/aruco_box_id_25/model.config
[1.586s] -- Up-to-date symlink: /home/tejaswi/autonomous_docking_ros2/install/turtlebot3_gazebo/share/turtlebot3_gazebo//models/aruco_box_id_25/model.sdf
[1.586s] -- Up-to-date symlink: /home/tejaswi/autonomous_docking_ros2/install/turtlebot3_gazebo/share/turtlebot3_gazebo//models/turtlebot3_autorace_2020/checker/materials/checker.png
[1.586s] -- Up-to-date symlink: /home/tejaswi/autonomous_docking_ros2/install/turtlebot3_gazebo/share/turtlebot3_gazebo//models/turtlebot3_autorace_2020/checker/materials/scripts/checker.material
[1.586s] -- Up-to-date symlink: /home/tejaswi/autonomous_docking_ros2/install/turtlebot3_gazebo/share/turtlebot3_gazebo//models/turtlebot3_autorace_2020/checker/materials/textures/checker.png
[1.587s] -- Up-to-date symlink: /home/tejaswi/autonomous_docking_ros2/install/turtlebot3_gazebo/share/turtlebot3_gazebo//models/turtlebot3_autorace_2020/checker/model.config
[1.587s] -- Up-to-date symlink: /home/tejaswi/autonomous_docking_ros2/install/turtlebot3_gazebo/share/turtlebot3_gazebo//models/turtlebot3_autorace_2020/checker/model.sdf
[1.587s] -- Up-to-date symlink: /home/tejaswi/autonomous_docking_ros2/install/turtlebot3_gazebo/share/turtlebot3_gazebo//models/turtlebot3_autorace_2020/course/materials/scripts/course.material
[1.587s] -- Up-to-date symlink: /home/tejaswi/autonomous_docking_ros2/install/turtlebot3_gazebo/share/turtlebot3_gazebo//models/turtlebot3_autorace_2020/course/materials/textures/course.png
[1.587s] -- Up-to-date symlink: /home/tejaswi/autonomous_docking_ros2/install/turtlebot3_gazebo/share/turtlebot3_gazebo//models/turtlebot3_autorace_2020/course/model.config
[1.587s] -- Up-to-date symlink: /home/tejaswi/autonomous_docking_ros2/install/turtlebot3_gazebo/share/turtlebot3_gazebo//models/turtlebot3_autorace_2020/course/model.sdf
[1.587s] -- Up-to-date symlink: /home/tejaswi/autonomous_docking_ros2/install/turtlebot3_gazebo/share/turtlebot3_gazebo//models/turtlebot3_autorace_2020/traffic_bar/materials/scripts/traffic_bar.material
[1.588s] -- Up-to-date symlink: /home/tejaswi/autonomous_docking_ros2/install/turtlebot3_gazebo/share/turtlebot3_gazebo//models/turtlebot3_autorace_2020/traffic_bar/materials/textures/traffic_bar.png
[1.591s] -- Up-to-date symlink: /home/tejaswi/autonomous_docking_ros2/install/turtlebot3_gazebo/share/turtlebot3_gazebo//models/turtlebot3_autorace_2020/traffic_bar/model.config
[1.591s] -- Up-to-date symlink: /home/tejaswi/autonomous_docking_ros2/install/turtlebot3_gazebo/share/turtlebot3_gazebo//models/turtlebot3_autorace_2020/traffic_bar/model.sdf
[1.591s] -- Up-to-date symlink: /home/tejaswi/autonomous_docking_ros2/install/turtlebot3_gazebo/share/turtlebot3_gazebo//models/turtlebot3_autorace_2020/traffic_construction/materials/scripts/traffic_construction.material
[1.592s] -- Up-to-date symlink: /home/tejaswi/autonomous_docking_ros2/install/turtlebot3_gazebo/share/turtlebot3_gazebo//models/turtlebot3_autorace_2020/traffic_construction/materials/textures/traffic_construction.png
[1.592s] -- Up-to-date symlink: /home/tejaswi/autonomous_docking_ros2/install/turtlebot3_gazebo/share/turtlebot3_gazebo//models/turtlebot3_autorace_2020/traffic_construction/model.config
[1.592s] -- Up-to-date symlink: /home/tejaswi/autonomous_docking_ros2/install/turtlebot3_gazebo/share/turtlebot3_gazebo//models/turtlebot3_autorace_2020/traffic_construction/model.sdf
[1.593s] -- Up-to-date symlink: /home/tejaswi/autonomous_docking_ros2/install/turtlebot3_gazebo/share/turtlebot3_gazebo//models/turtlebot3_autorace_2020/traffic_intersection/materials/scripts/traffic_intersection.material
[1.594s] -- Up-to-date symlink: /home/tejaswi/autonomous_docking_ros2/install/turtlebot3_gazebo/share/turtlebot3_gazebo//models/turtlebot3_autorace_2020/traffic_intersection/materials/textures/traffic_intersection.png
[1.594s] -- Up-to-date symlink: /home/tejaswi/autonomous_docking_ros2/install/turtlebot3_gazebo/share/turtlebot3_gazebo//models/turtlebot3_autorace_2020/traffic_intersection/model.config
[1.594s] -- Up-to-date symlink: /home/tejaswi/autonomous_docking_ros2/install/turtlebot3_gazebo/share/turtlebot3_gazebo//models/turtlebot3_autorace_2020/traffic_intersection/model.sdf
[1.594s] -- Up-to-date symlink: /home/tejaswi/autonomous_docking_ros2/install/turtlebot3_gazebo/share/turtlebot3_gazebo//models/turtlebot3_autorace_2020/traffic_left/materials/scripts/traffic_is_left.material
[1.595s] -- Up-to-date symlink: /home/tejaswi/autonomous_docking_ros2/install/turtlebot3_gazebo/share/turtlebot3_gazebo//models/turtlebot3_autorace_2020/traffic_left/materials/textures/traffic_left.png
[1.595s] -- Up-to-date symlink: /home/tejaswi/autonomous_docking_ros2/install/turtlebot3_gazebo/share/turtlebot3_gazebo//models/turtlebot3_autorace_2020/traffic_left/model.config
[1.596s] -- Up-to-date symlink: /home/tejaswi/autonomous_docking_ros2/install/turtlebot3_gazebo/share/turtlebot3_gazebo//models/turtlebot3_autorace_2020/traffic_left/model.sdf
[1.597s] -- Up-to-date symlink: /home/tejaswi/autonomous_docking_ros2/install/turtlebot3_gazebo/share/turtlebot3_gazebo//models/turtlebot3_autorace_2020/traffic_light/materials/scripts/traffic_light.material
[1.597s] -- Up-to-date symlink: /home/tejaswi/autonomous_docking_ros2/install/turtlebot3_gazebo/share/turtlebot3_gazebo//models/turtlebot3_autorace_2020/traffic_light/materials/textures/traffic_light.png
[1.597s] -- Up-to-date symlink: /home/tejaswi/autonomous_docking_ros2/install/turtlebot3_gazebo/share/turtlebot3_gazebo//models/turtlebot3_autorace_2020/traffic_light/materials/textures/traffic_light_green.png
[1.598s] -- Up-to-date symlink: /home/tejaswi/autonomous_docking_ros2/install/turtlebot3_gazebo/share/turtlebot3_gazebo//models/turtlebot3_autorace_2020/traffic_light/materials/textures/traffic_light_red.png
[1.598s] -- Up-to-date symlink: /home/tejaswi/autonomous_docking_ros2/install/turtlebot3_gazebo/share/turtlebot3_gazebo//models/turtlebot3_autorace_2020/traffic_light/materials/textures/traffic_light_yellow.png
[1.598s] -- Up-to-date symlink: /home/tejaswi/autonomous_docking_ros2/install/turtlebot3_gazebo/share/turtlebot3_gazebo//models/turtlebot3_autorace_2020/traffic_light/model.config
[1.601s] -- Up-to-date symlink: /home/tejaswi/autonomous_docking_ros2/install/turtlebot3_gazebo/share/turtlebot3_gazebo//models/turtlebot3_autorace_2020/traffic_light/model.sdf
[1.601s] -- Up-to-date symlink: /home/tejaswi/autonomous_docking_ros2/install/turtlebot3_gazebo/share/turtlebot3_gazebo//models/turtlebot3_autorace_2020/traffic_noentry/materials/scripts/traffic_noentry.material
[1.601s] -- Up-to-date symlink: /home/tejaswi/autonomous_docking_ros2/install/turtlebot3_gazebo/share/turtlebot3_gazebo//models/turtlebot3_autorace_2020/traffic_noentry/materials/textures/traffic_noentry.png
[1.602s] -- Up-to-date symlink: /home/tejaswi/autonomous_docking_ros2/install/turtlebot3_gazebo/share/turtlebot3_gazebo//models/turtlebot3_autorace_2020/traffic_noentry/model.config
[1.602s] -- Up-to-date symlink: /home/tejaswi/autonomous_docking_ros2/install/turtlebot3_gazebo/share/turtlebot3_gazebo//models/turtlebot3_autorace_2020/traffic_noentry/model.sdf
[1.602s] -- Up-to-date symlink: /home/tejaswi/autonomous_docking_ros2/install/turtlebot3_gazebo/share/turtlebot3_gazebo//models/turtlebot3_autorace_2020/traffic_parking/materials/scripts/traffic_parking.material
[1.604s] -- Up-to-date symlink: /home/tejaswi/autonomous_docking_ros2/install/turtlebot3_gazebo/share/turtlebot3_gazebo//models/turtlebot3_autorace_2020/traffic_parking/materials/textures/traffic_parking.png
[1.605s] -- Up-to-date symlink: /home/tejaswi/autonomous_docking_ros2/install/turtlebot3_gazebo/share/turtlebot3_gazebo//models/turtlebot3_autorace_2020/traffic_parking/model.config
[1.605s] -- Up-to-date symlink: /home/tejaswi/autonomous_docking_ros2/install/turtlebot3_gazebo/share/turtlebot3_gazebo//models/turtlebot3_autorace_2020/traffic_parking/model.sdf
[1.605s] -- Up-to-date symlink: /home/tejaswi/autonomous_docking_ros2/install/turtlebot3_gazebo/share/turtlebot3_gazebo//models/turtlebot3_autorace_2020/traffic_pl_left/materials/scripts/traffic_pl_left.material
[1.607s] -- Up-to-date symlink: /home/tejaswi/autonomous_docking_ros2/install/turtlebot3_gazebo/share/turtlebot3_gazebo//models/turtlebot3_autorace_2020/traffic_pl_left/materials/textures/traffic_pl_left.png
[1.608s] -- Up-to-date symlink: /home/tejaswi/autonomous_docking_ros2/install/turtlebot3_gazebo/share/turtlebot3_gazebo//models/turtlebot3_autorace_2020/traffic_pl_left/model.config
[1.609s] -- Up-to-date symlink: /home/tejaswi/autonomous_docking_ros2/install/turtlebot3_gazebo/share/turtlebot3_gazebo//models/turtlebot3_autorace_2020/traffic_pl_left/model.sdf
[1.609s] -- Up-to-date symlink: /home/tejaswi/autonomous_docking_ros2/install/turtlebot3_gazebo/share/turtlebot3_gazebo//models/turtlebot3_autorace_2020/traffic_right/materials/scripts/traffic_right.material
[1.614s] -- Up-to-date symlink: /home/tejaswi/autonomous_docking_ros2/install/turtlebot3_gazebo/share/turtlebot3_gazebo//models/turtlebot3_autorace_2020/traffic_right/materials/textures/traffic_right.png
[1.614s] -- Up-to-date symlink: /home/tejaswi/autonomous_docking_ros2/install/turtlebot3_gazebo/share/turtlebot3_gazebo//models/turtlebot3_autorace_2020/traffic_right/model.config
[1.614s] -- Up-to-date symlink: /home/tejaswi/autonomous_docking_ros2/install/turtlebot3_gazebo/share/turtlebot3_gazebo//models/turtlebot3_autorace_2020/traffic_right/model.sdf
[1.614s] -- Up-to-date symlink: /home/tejaswi/autonomous_docking_ros2/install/turtlebot3_gazebo/share/turtlebot3_gazebo//models/turtlebot3_autorace_2020/traffic_stop/materials/scripts/traffic_stop.material
[1.616s] -- Up-to-date symlink: /home/tejaswi/autonomous_docking_ros2/install/turtlebot3_gazebo/share/turtlebot3_gazebo//models/turtlebot3_autorace_2020/traffic_stop/materials/textures/traffic_stop.png
[1.616s] -- Up-to-date symlink: /home/tejaswi/autonomous_docking_ros2/install/turtlebot3_gazebo/share/turtlebot3_gazebo//models/turtlebot3_autorace_2020/traffic_stop/model.config
[1.616s] -- Up-to-date symlink: /home/tejaswi/autonomous_docking_ros2/install/turtlebot3_gazebo/share/turtlebot3_gazebo//models/turtlebot3_autorace_2020/traffic_stop/model.sdf
[1.616s] -- Up-to-date symlink: /home/tejaswi/autonomous_docking_ros2/install/turtlebot3_gazebo/share/turtlebot3_gazebo//models/turtlebot3_autorace_2020/traffic_tunnel/materials/scripts/tunnel.material
[1.616s] -- Up-to-date symlink: /home/tejaswi/autonomous_docking_ros2/install/turtlebot3_gazebo/share/turtlebot3_gazebo//models/turtlebot3_autorace_2020/traffic_tunnel/materials/textures/tunnel.png
[1.616s] -- Up-to-date symlink: /home/tejaswi/autonomous_docking_ros2/install/turtlebot3_gazebo/share/turtlebot3_gazebo//models/turtlebot3_autorace_2020/traffic_tunnel/model.config
[1.617s] -- Up-to-date symlink: /home/tejaswi/autonomous_docking_ros2/install/turtlebot3_gazebo/share/turtlebot3_gazebo//models/turtlebot3_autorace_2020/traffic_tunnel/model.sdf
[1.617s] -- Up-to-date symlink: /home/tejaswi/autonomous_docking_ros2/install/turtlebot3_gazebo/share/turtlebot3_gazebo//models/turtlebot3_burger/model-1_4.sdf
[1.618s] -- Up-to-date symlink: /home/tejaswi/autonomous_docking_ros2/install/turtlebot3_gazebo/share/turtlebot3_gazebo//models/turtlebot3_burger/model.config
[1.618s] -- Up-to-date symlink: /home/tejaswi/autonomous_docking_ros2/install/turtlebot3_gazebo/share/turtlebot3_gazebo//models/turtlebot3_burger/model.sdf
[1.618s] -- Up-to-date symlink: /home/tejaswi/autonomous_docking_ros2/install/turtlebot3_gazebo/share/turtlebot3_gazebo//models/turtlebot3_burger_cam/model-1_4.sdf
[1.618s] -- Up-to-date symlink: /home/tejaswi/autonomous_docking_ros2/install/turtlebot3_gazebo/share/turtlebot3_gazebo//models/turtlebot3_burger_cam/model.config
[1.618s] -- Up-to-date symlink: /home/tejaswi/autonomous_docking_ros2/install/turtlebot3_gazebo/share/turtlebot3_gazebo//models/turtlebot3_burger_cam/model.sdf
[1.619s] -- Up-to-date symlink: /home/tejaswi/autonomous_docking_ros2/install/turtlebot3_gazebo/share/turtlebot3_gazebo//models/turtlebot3_common/meshes/bases/burger_base.stl
[1.619s] -- Up-to-date symlink: /home/tejaswi/autonomous_docking_ros2/install/turtlebot3_gazebo/share/turtlebot3_gazebo//models/turtlebot3_common/meshes/bases/waffle_base.stl
[1.620s] -- Up-to-date symlink: /home/tejaswi/autonomous_docking_ros2/install/turtlebot3_gazebo/share/turtlebot3_gazebo//models/turtlebot3_common/meshes/bases/waffle_pi_base.stl
[1.621s] -- Up-to-date symlink: /home/tejaswi/autonomous_docking_ros2/install/turtlebot3_gazebo/share/turtlebot3_gazebo//models/turtlebot3_common/meshes/burger_base.dae
[1.621s] -- Up-to-date symlink: /home/tejaswi/autonomous_docking_ros2/install/turtlebot3_gazebo/share/turtlebot3_gazebo//models/turtlebot3_common/meshes/lds.dae
[1.622s] -- Up-to-date symlink: /home/tejaswi/autonomous_docking_ros2/install/turtlebot3_gazebo/share/turtlebot3_gazebo//models/turtlebot3_common/meshes/r200.dae
[1.622s] -- Up-to-date symlink: /home/tejaswi/autonomous_docking_ros2/install/turtlebot3_gazebo/share/turtlebot3_gazebo//models/turtlebot3_common/meshes/sensors/astra.dae
[1.622s] -- Up-to-date symlink: /home/tejaswi/autonomous_docking_ros2/install/turtlebot3_gazebo/share/turtlebot3_gazebo//models/turtlebot3_common/meshes/sensors/astra.jpg
[1.623s] -- Up-to-date symlink: /home/tejaswi/autonomous_docking_ros2/install/turtlebot3_gazebo/share/turtlebot3_gazebo//models/turtlebot3_common/meshes/sensors/lds.stl
[1.624s] -- Up-to-date symlink: /home/tejaswi/autonomous_docking_ros2/install/turtlebot3_gazebo/share/turtlebot3_gazebo//models/turtlebot3_common/meshes/sensors/r200.dae
[1.624s] -- Up-to-date symlink: /home/tejaswi/autonomous_docking_ros2/install/turtlebot3_gazebo/share/turtlebot3_gazebo//models/turtlebot3_common/meshes/sensors/r200.jpg
[1.625s] -- Up-to-date symlink: /home/tejaswi/autonomous_docking_ros2/install/turtlebot3_gazebo/share/turtlebot3_gazebo//models/turtlebot3_common/meshes/tire.dae
[1.626s] -- Up-to-date symlink: /home/tejaswi/autonomous_docking_ros2/install/turtlebot3_gazebo/share/turtlebot3_gazebo//models/turtlebot3_common/meshes/waffle_base.dae
[1.626s] -- Up-to-date symlink: /home/tejaswi/autonomous_docking_ros2/install/turtlebot3_gazebo/share/turtlebot3_gazebo//models/turtlebot3_common/meshes/waffle_pi_base.dae
[1.627s] -- Up-to-date symlink: /home/tejaswi/autonomous_docking_ros2/install/turtlebot3_gazebo/share/turtlebot3_gazebo//models/turtlebot3_common/meshes/wheels/left_tire.stl
[1.627s] -- Up-to-date symlink: /home/tejaswi/autonomous_docking_ros2/install/turtlebot3_gazebo/share/turtlebot3_gazebo//models/turtlebot3_common/meshes/wheels/right_tire.stl
[1.627s] -- Up-to-date symlink: /home/tejaswi/autonomous_docking_ros2/install/turtlebot3_gazebo/share/turtlebot3_gazebo//models/turtlebot3_common/model.config
[1.627s] -- Up-to-date symlink: /home/tejaswi/autonomous_docking_ros2/install/turtlebot3_gazebo/share/turtlebot3_gazebo//models/turtlebot3_dqn_world/goal_box/model.config
[1.628s] -- Up-to-date symlink: /home/tejaswi/autonomous_docking_ros2/install/turtlebot3_gazebo/share/turtlebot3_gazebo//models/turtlebot3_dqn_world/goal_box/model.sdf
[1.628s] -- Up-to-date symlink: /home/tejaswi/autonomous_docking_ros2/install/turtlebot3_gazebo/share/turtlebot3_gazebo//models/turtlebot3_dqn_world/inner_walls/model.config
[1.628s] -- Up-to-date symlink: /home/tejaswi/autonomous_docking_ros2/install/turtlebot3_gazebo/share/turtlebot3_gazebo//models/turtlebot3_dqn_world/inner_walls/model.sdf
[1.628s] -- Up-to-date symlink: /home/tejaswi/autonomous_docking_ros2/install/turtlebot3_gazebo/share/turtlebot3_gazebo//models/turtlebot3_dqn_world/model.config
[1.629s] -- Up-to-date symlink: /home/tejaswi/autonomous_docking_ros2/install/turtlebot3_gazebo/share/turtlebot3_gazebo//models/turtlebot3_dqn_world/model.sdf
[1.629s] -- Up-to-date symlink: /home/tejaswi/autonomous_docking_ros2/install/turtlebot3_gazebo/share/turtlebot3_gazebo//models/turtlebot3_dqn_world/obstacle1/model.config
[1.629s] -- Up-to-date symlink: /home/tejaswi/autonomous_docking_ros2/install/turtlebot3_gazebo/share/turtlebot3_gazebo//models/turtlebot3_dqn_world/obstacle1/model.sdf
[1.629s] -- Up-to-date symlink: /home/tejaswi/autonomous_docking_ros2/install/turtlebot3_gazebo/share/turtlebot3_gazebo//models/turtlebot3_dqn_world/obstacle2/model.config
[1.630s] -- Up-to-date symlink: /home/tejaswi/autonomous_docking_ros2/install/turtlebot3_gazebo/share/turtlebot3_gazebo//models/turtlebot3_dqn_world/obstacle2/model.sdf
[1.630s] -- Up-to-date symlink: /home/tejaswi/autonomous_docking_ros2/install/turtlebot3_gazebo/share/turtlebot3_gazebo//models/turtlebot3_dqn_world/obstacles/model.config
[1.630s] -- Up-to-date symlink: /home/tejaswi/autonomous_docking_ros2/install/turtlebot3_gazebo/share/turtlebot3_gazebo//models/turtlebot3_dqn_world/obstacles/model.sdf
[1.630s] -- Up-to-date symlink: /home/tejaswi/autonomous_docking_ros2/install/turtlebot3_gazebo/share/turtlebot3_gazebo//models/turtlebot3_house/model.config
[1.631s] -- Up-to-date symlink: /home/tejaswi/autonomous_docking_ros2/install/turtlebot3_gazebo/share/turtlebot3_gazebo//models/turtlebot3_house/model.sdf
[1.631s] -- Up-to-date symlink: /home/tejaswi/autonomous_docking_ros2/install/turtlebot3_gazebo/share/turtlebot3_gazebo//models/turtlebot3_waffle/model-1_4.sdf
[1.631s] -- Up-to-date symlink: /home/tejaswi/autonomous_docking_ros2/install/turtlebot3_gazebo/share/turtlebot3_gazebo//models/turtlebot3_waffle/model.config
[1.632s] -- Up-to-date symlink: /home/tejaswi/autonomous_docking_ros2/install/turtlebot3_gazebo/share/turtlebot3_gazebo//models/turtlebot3_waffle/model.sdf
[1.633s] -- Up-to-date symlink: /home/tejaswi/autonomous_docking_ros2/install/turtlebot3_gazebo/share/turtlebot3_gazebo//models/turtlebot3_waffle_pi/model-1_4_.sdf
[1.634s] -- Up-to-date symlink: /home/tejaswi/autonomous_docking_ros2/install/turtlebot3_gazebo/share/turtlebot3_gazebo//models/turtlebot3_waffle_pi/model.config
[1.636s] -- Up-to-date symlink: /home/tejaswi/autonomous_docking_ros2/install/turtlebot3_gazebo/share/turtlebot3_gazebo//models/turtlebot3_waffle_pi/model.sdf
[1.636s] -- Up-to-date symlink: /home/tejaswi/autonomous_docking_ros2/install/turtlebot3_gazebo/share/turtlebot3_gazebo//models/turtlebot3_world/meshes/hexagon.dae
[1.636s] -- Up-to-date symlink: /home/tejaswi/autonomous_docking_ros2/install/turtlebot3_gazebo/share/turtlebot3_gazebo//models/turtlebot3_world/meshes/wall.dae
[1.637s] -- Up-to-date symlink: /home/tejaswi/autonomous_docking_ros2/install/turtlebot3_gazebo/share/turtlebot3_gazebo//models/turtlebot3_world/model-1_4.sdf
[1.637s] -- Up-to-date symlink: /home/tejaswi/autonomous_docking_ros2/install/turtlebot3_gazebo/share/turtlebot3_gazebo//models/turtlebot3_world/model.config
[1.637s] -- Up-to-date symlink: /home/tejaswi/autonomous_docking_ros2/install/turtlebot3_gazebo/share/turtlebot3_gazebo//models/turtlebot3_world/model.sdf
[1.637s] -- Up-to-date symlink: /home/tejaswi/autonomous_docking_ros2/install/turtlebot3_gazebo/share/turtlebot3_gazebo//rviz/config.rviz
[1.637s] -- Up-to-date symlink: /home/tejaswi/autonomous_docking_ros2/install/turtlebot3_gazebo/share/turtlebot3_gazebo//rviz/tb3_gazebo.rviz
[1.638s] -- Up-to-date symlink: /home/tejaswi/autonomous_docking_ros2/install/turtlebot3_gazebo/share/turtlebot3_gazebo//urdf/common_properties.urdf
[1.639s] -- Up-to-date symlink: /home/tejaswi/autonomous_docking_ros2/install/turtlebot3_gazebo/share/turtlebot3_gazebo//urdf/turtlebot3_burger.urdf
[1.639s] -- Up-to-date symlink: /home/tejaswi/autonomous_docking_ros2/install/turtlebot3_gazebo/share/turtlebot3_gazebo//urdf/turtlebot3_burger_cam.urdf
[1.639s] -- Up-to-date symlink: /home/tejaswi/autonomous_docking_ros2/install/turtlebot3_gazebo/share/turtlebot3_gazebo//urdf/turtlebot3_waffle.urdf
[1.640s] -- Up-to-date symlink: /home/tejaswi/autonomous_docking_ros2/install/turtlebot3_gazebo/share/turtlebot3_gazebo//urdf/turtlebot3_waffle_pi.urdf
[1.640s] -- Up-to-date symlink: /home/tejaswi/autonomous_docking_ros2/install/turtlebot3_gazebo/share/turtlebot3_gazebo//worlds/empty_world.world
[1.641s] -- Up-to-date symlink: /home/tejaswi/autonomous_docking_ros2/install/turtlebot3_gazebo/share/turtlebot3_gazebo//worlds/turtlebot3_autorace_2020.world
[1.641s] -- Up-to-date symlink: /home/tejaswi/autonomous_docking_ros2/install/turtlebot3_gazebo/share/turtlebot3_gazebo//worlds/turtlebot3_dqn_stage1.world
[1.641s] -- Up-to-date symlink: /home/tejaswi/autonomous_docking_ros2/install/turtlebot3_gazebo/share/turtlebot3_gazebo//worlds/turtlebot3_dqn_stage2.world
[1.642s] -- Up-to-date symlink: /home/tejaswi/autonomous_docking_ros2/install/turtlebot3_gazebo/share/turtlebot3_gazebo//worlds/turtlebot3_dqn_stage3.world
[1.642s] -- Up-to-date symlink: /home/tejaswi/autonomous_docking_ros2/install/turtlebot3_gazebo/share/turtlebot3_gazebo//worlds/turtlebot3_dqn_stage4.world
[1.642s] -- Up-to-date symlink: /home/tejaswi/autonomous_docking_ros2/install/turtlebot3_gazebo/share/turtlebot3_gazebo//worlds/turtlebot3_house.world
[1.642s] -- Up-to-date symlink: /home/tejaswi/autonomous_docking_ros2/install/turtlebot3_gazebo/share/turtlebot3_gazebo//worlds/turtlebot3_world.world
[1.643s] -- Up-to-date symlink: /home/tejaswi/autonomous_docking_ros2/install/turtlebot3_gazebo/include//turtlebot3_gazebo/obstacle1.hpp
[1.643s] -- Up-to-date symlink: /home/tejaswi/autonomous_docking_ros2/install/turtlebot3_gazebo/include//turtlebot3_gazebo/obstacle2.hpp
[1.644s] -- Up-to-date symlink: /home/tejaswi/autonomous_docking_ros2/install/turtlebot3_gazebo/include//turtlebot3_gazebo/obstacles.hpp
[1.644s] -- Up-to-date symlink: /home/tejaswi/autonomous_docking_ros2/install/turtlebot3_gazebo/include//turtlebot3_gazebo/traffic_bar_plugin.hpp
[1.644s] -- Up-to-date symlink: /home/tejaswi/autonomous_docking_ros2/install/turtlebot3_gazebo/include//turtlebot3_gazebo/traffic_light_plugin.hpp
[1.644s] -- Up-to-date symlink: /home/tejaswi/autonomous_docking_ros2/install/turtlebot3_gazebo/include//turtlebot3_gazebo/turtlebot3_drive.hpp
[1.645s] -- Up-to-date symlink: /home/tejaswi/autonomous_docking_ros2/install/turtlebot3_gazebo/share/ament_index/resource_index/package_run_dependencies/turtlebot3_gazebo
[1.645s] -- Up-to-date symlink: /home/tejaswi/autonomous_docking_ros2/install/turtlebot3_gazebo/share/ament_index/resource_index/parent_prefix_path/turtlebot3_gazebo
[1.646s] -- Up-to-date symlink: /home/tejaswi/autonomous_docking_ros2/install/turtlebot3_gazebo/share/turtlebot3_gazebo/environment/ament_prefix_path.sh
[1.646s] -- Up-to-date symlink: /home/tejaswi/autonomous_docking_ros2/install/turtlebot3_gazebo/share/turtlebot3_gazebo/environment/ament_prefix_path.dsv
[1.647s] -- Up-to-date symlink: /home/tejaswi/autonomous_docking_ros2/install/turtlebot3_gazebo/share/turtlebot3_gazebo/environment/path.sh
[1.647s] -- Up-to-date symlink: /home/tejaswi/autonomous_docking_ros2/install/turtlebot3_gazebo/share/turtlebot3_gazebo/environment/path.dsv
[1.648s] -- Up-to-date symlink: /home/tejaswi/autonomous_docking_ros2/install/turtlebot3_gazebo/share/turtlebot3_gazebo/local_setup.bash
[1.648s] -- Up-to-date symlink: /home/tejaswi/autonomous_docking_ros2/install/turtlebot3_gazebo/share/turtlebot3_gazebo/local_setup.sh
[1.648s] -- Up-to-date symlink: /home/tejaswi/autonomous_docking_ros2/install/turtlebot3_gazebo/share/turtlebot3_gazebo/local_setup.zsh
[1.649s] -- Up-to-date symlink: /home/tejaswi/autonomous_docking_ros2/install/turtlebot3_gazebo/share/turtlebot3_gazebo/local_setup.dsv
[1.649s] -- Symlinking: /home/tejaswi/autonomous_docking_ros2/install/turtlebot3_gazebo/share/turtlebot3_gazebo/package.dsv
[1.675s] -- Up-to-date symlink: /home/tejaswi/autonomous_docking_ros2/install/turtlebot3_gazebo/share/ament_index/resource_index/packages/turtlebot3_gazebo
[1.675s] -- Up-to-date symlink: /home/tejaswi/autonomous_docking_ros2/install/turtlebot3_gazebo/share/turtlebot3_gazebo/cmake/ament_cmake_export_include_directories-extras.cmake
[1.675s] -- Up-to-date symlink: /home/tejaswi/autonomous_docking_ros2/install/turtlebot3_gazebo/share/turtlebot3_gazebo/cmake/ament_cmake_export_dependencies-extras.cmake
[1.678s] -- Up-to-date symlink: /home/tejaswi/autonomous_docking_ros2/install/turtlebot3_gazebo/share/turtlebot3_gazebo/cmake/turtlebot3_gazeboConfig.cmake
[1.678s] -- Up-to-date symlink: /home/tejaswi/autonomous_docking_ros2/install/turtlebot3_gazebo/share/turtlebot3_gazebo/cmake/turtlebot3_gazeboConfig-version.cmake
[1.678s] -- Up-to-date symlink: /home/tejaswi/autonomous_docking_ros2/install/turtlebot3_gazebo/share/turtlebot3_gazebo/package.xml
[1.689s] Invoked command in '/home/tejaswi/autonomous_docking_ros2/build/turtlebot3_gazebo' returned '0': CMAKE_PREFIX_PATH=${CMAKE_PREFIX_PATH}:/home/tejaswi/ros2_ws/install/crazylidar:/home/tejaswi/ros2_ws/install/crazyflie_py:/opt/ros/humble /usr/bin/cmake --install /home/tejaswi/autonomous_docking_ros2/build/turtlebot3_gazebo
