[0.197s] DEBUG:colcon:Command line arguments: ['/usr/bin/colcon', 'list', '-p', '--base-paths', '/home/tejaswi/autonomous_docking_ros2']
[0.198s] DEBUG:colcon:Parsed command line arguments: Namespace(log_base=None, log_level=None, verb_name='list', build_base='build', ignore_user_meta=False, metas=['./colcon.meta'], base_paths=['/home/tejaswi/autonomous_docking_ros2'], packages_ignore=None, packages_ignore_regex=None, paths=None, packages_up_to=None, packages_up_to_regex=None, packages_above=None, packages_above_and_dependencies=None, packages_above_depth=None, packages_select_by_dep=None, packages_skip_by_dep=None, packages_skip_up_to=None, packages_select_build_failed=False, packages_skip_build_finished=False, packages_select_test_failures=False, packages_skip_test_passed=False, packages_select=None, packages_skip=None, packages_select_regex=None, packages_skip_regex=None, packages_start=None, packages_end=None, allow_overriding=[], topological_order=False, names_only=False, paths_only=True, topological_graph=False, topological_graph_dot=False, topological_graph_density=False, topological_graph_legend=False, topological_graph_dot_cluster=False, topological_graph_dot_include_skipped=False, verb_parser=<colcon_defaults.argument_parser.defaults.DefaultArgumentsDecorator object at 0x71d0896a4970>, verb_extension=<colcon_package_information.verb.list.ListVerb object at 0x71d0897a5180>, main=<bound method ListVerb.main of <colcon_package_information.verb.list.ListVerb object at 0x71d0897a5180>>)
[0.562s] Level 1:colcon.colcon_core.package_discovery:discover_packages(colcon_meta) check parameters
[0.562s] Level 1:colcon.colcon_core.package_discovery:discover_packages(recursive) check parameters
[0.562s] Level 1:colcon.colcon_core.package_discovery:discover_packages(ignore) check parameters
[0.562s] Level 1:colcon.colcon_core.package_discovery:discover_packages(path) check parameters
[0.562s] Level 1:colcon.colcon_core.package_discovery:discover_packages(recursive) discover
[0.562s] INFO:colcon.colcon_core.package_discovery:Crawling recursively for packages in '/home/tejaswi/autonomous_docking_ros2'
[0.562s] Level 1:colcon.colcon_core.package_identification:_identify(/home/tejaswi/autonomous_docking_ros2) by extensions ['ignore', 'ignore_ament_install']
[0.563s] Level 1:colcon.colcon_core.package_identification:_identify(/home/tejaswi/autonomous_docking_ros2) by extension 'ignore'
[0.563s] Level 1:colcon.colcon_core.package_identification:_identify(/home/tejaswi/autonomous_docking_ros2) by extension 'ignore_ament_install'
[0.563s] Level 1:colcon.colcon_core.package_identification:_identify(/home/tejaswi/autonomous_docking_ros2) by extensions ['colcon_pkg']
[0.563s] Level 1:colcon.colcon_core.package_identification:_identify(/home/tejaswi/autonomous_docking_ros2) by extension 'colcon_pkg'
[0.563s] Level 1:colcon.colcon_core.package_identification:_identify(/home/tejaswi/autonomous_docking_ros2) by extensions ['colcon_meta']
[0.563s] Level 1:colcon.colcon_core.package_identification:_identify(/home/tejaswi/autonomous_docking_ros2) by extension 'colcon_meta'
[0.563s] Level 1:colcon.colcon_core.package_identification:_identify(/home/tejaswi/autonomous_docking_ros2) by extensions ['ros']
[0.563s] Level 1:colcon.colcon_core.package_identification:_identify(/home/tejaswi/autonomous_docking_ros2) by extension 'ros'
[0.583s] Level 1:colcon.colcon_core.package_identification:_identify(/home/tejaswi/autonomous_docking_ros2) by extensions ['cmake', 'python']
[0.583s] Level 1:colcon.colcon_core.package_identification:_identify(/home/tejaswi/autonomous_docking_ros2) by extension 'cmake'
[0.583s] Level 1:colcon.colcon_core.package_identification:_identify(/home/tejaswi/autonomous_docking_ros2) by extension 'python'
[0.583s] Level 1:colcon.colcon_core.package_identification:_identify(/home/tejaswi/autonomous_docking_ros2) by extensions ['python_setup_py']
[0.583s] Level 1:colcon.colcon_core.package_identification:_identify(/home/tejaswi/autonomous_docking_ros2) by extension 'python_setup_py'
[0.583s] Level 1:colcon.colcon_core.package_identification:_identify(/home/tejaswi/autonomous_docking_ros2/log) by extensions ['ignore', 'ignore_ament_install']
[0.583s] Level 1:colcon.colcon_core.package_identification:_identify(/home/tejaswi/autonomous_docking_ros2/log) by extension 'ignore'
[0.583s] Level 1:colcon.colcon_core.package_identification:_identify(/home/tejaswi/autonomous_docking_ros2/log) ignored
[0.583s] Level 1:colcon.colcon_core.package_identification:_identify(/home/tejaswi/autonomous_docking_ros2/src) by extensions ['ignore', 'ignore_ament_install']
[0.584s] Level 1:colcon.colcon_core.package_identification:_identify(/home/tejaswi/autonomous_docking_ros2/src) by extension 'ignore'
[0.584s] Level 1:colcon.colcon_core.package_identification:_identify(/home/tejaswi/autonomous_docking_ros2/src) by extension 'ignore_ament_install'
[0.584s] Level 1:colcon.colcon_core.package_identification:_identify(/home/tejaswi/autonomous_docking_ros2/src) by extensions ['colcon_pkg']
[0.584s] Level 1:colcon.colcon_core.package_identification:_identify(/home/tejaswi/autonomous_docking_ros2/src) by extension 'colcon_pkg'
[0.584s] Level 1:colcon.colcon_core.package_identification:_identify(/home/tejaswi/autonomous_docking_ros2/src) by extensions ['colcon_meta']
[0.584s] Level 1:colcon.colcon_core.package_identification:_identify(/home/tejaswi/autonomous_docking_ros2/src) by extension 'colcon_meta'
[0.584s] Level 1:colcon.colcon_core.package_identification:_identify(/home/tejaswi/autonomous_docking_ros2/src) by extensions ['ros']
[0.584s] Level 1:colcon.colcon_core.package_identification:_identify(/home/tejaswi/autonomous_docking_ros2/src) by extension 'ros'
[0.584s] Level 1:colcon.colcon_core.package_identification:_identify(/home/tejaswi/autonomous_docking_ros2/src) by extensions ['cmake', 'python']
[0.584s] Level 1:colcon.colcon_core.package_identification:_identify(/home/tejaswi/autonomous_docking_ros2/src) by extension 'cmake'
[0.584s] Level 1:colcon.colcon_core.package_identification:_identify(/home/tejaswi/autonomous_docking_ros2/src) by extension 'python'
[0.584s] Level 1:colcon.colcon_core.package_identification:_identify(/home/tejaswi/autonomous_docking_ros2/src) by extensions ['python_setup_py']
[0.584s] Level 1:colcon.colcon_core.package_identification:_identify(/home/tejaswi/autonomous_docking_ros2/src) by extension 'python_setup_py'
[0.584s] Level 1:colcon.colcon_core.package_identification:_identify(/home/tejaswi/autonomous_docking_ros2/src/aruco_detector) by extensions ['ignore', 'ignore_ament_install']
[0.584s] Level 1:colcon.colcon_core.package_identification:_identify(/home/tejaswi/autonomous_docking_ros2/src/aruco_detector) by extension 'ignore'
[0.584s] Level 1:colcon.colcon_core.package_identification:_identify(/home/tejaswi/autonomous_docking_ros2/src/aruco_detector) by extension 'ignore_ament_install'
[0.584s] Level 1:colcon.colcon_core.package_identification:_identify(/home/tejaswi/autonomous_docking_ros2/src/aruco_detector) by extensions ['colcon_pkg']
[0.584s] Level 1:colcon.colcon_core.package_identification:_identify(/home/tejaswi/autonomous_docking_ros2/src/aruco_detector) by extension 'colcon_pkg'
[0.584s] Level 1:colcon.colcon_core.package_identification:_identify(/home/tejaswi/autonomous_docking_ros2/src/aruco_detector) by extensions ['colcon_meta']
[0.585s] Level 1:colcon.colcon_core.package_identification:_identify(/home/tejaswi/autonomous_docking_ros2/src/aruco_detector) by extension 'colcon_meta'
[0.585s] Level 1:colcon.colcon_core.package_identification:_identify(/home/tejaswi/autonomous_docking_ros2/src/aruco_detector) by extensions ['ros']
[0.585s] Level 1:colcon.colcon_core.package_identification:_identify(/home/tejaswi/autonomous_docking_ros2/src/aruco_detector) by extension 'ros'
[0.588s] DEBUG:colcon.colcon_core.package_identification:Package '/home/tejaswi/autonomous_docking_ros2/src/aruco_detector' with type 'ros.ament_python' and name 'aruco_detector'
[0.589s] Level 1:colcon.colcon_core.package_identification:_identify(/home/tejaswi/autonomous_docking_ros2/src/docking_controller) by extensions ['ignore', 'ignore_ament_install']
[0.589s] Level 1:colcon.colcon_core.package_identification:_identify(/home/tejaswi/autonomous_docking_ros2/src/docking_controller) by extension 'ignore'
[0.589s] Level 1:colcon.colcon_core.package_identification:_identify(/home/tejaswi/autonomous_docking_ros2/src/docking_controller) by extension 'ignore_ament_install'
[0.589s] Level 1:colcon.colcon_core.package_identification:_identify(/home/tejaswi/autonomous_docking_ros2/src/docking_controller) by extensions ['colcon_pkg']
[0.589s] Level 1:colcon.colcon_core.package_identification:_identify(/home/tejaswi/autonomous_docking_ros2/src/docking_controller) by extension 'colcon_pkg'
[0.589s] Level 1:colcon.colcon_core.package_identification:_identify(/home/tejaswi/autonomous_docking_ros2/src/docking_controller) by extensions ['colcon_meta']
[0.589s] Level 1:colcon.colcon_core.package_identification:_identify(/home/tejaswi/autonomous_docking_ros2/src/docking_controller) by extension 'colcon_meta'
[0.589s] Level 1:colcon.colcon_core.package_identification:_identify(/home/tejaswi/autonomous_docking_ros2/src/docking_controller) by extensions ['ros']
[0.589s] Level 1:colcon.colcon_core.package_identification:_identify(/home/tejaswi/autonomous_docking_ros2/src/docking_controller) by extension 'ros'
[0.591s] DEBUG:colcon.colcon_core.package_identification:Package '/home/tejaswi/autonomous_docking_ros2/src/docking_controller' with type 'ros.ament_python' and name 'docking_controller'
[0.592s] Level 1:colcon.colcon_core.package_discovery:discover_packages(recursive) using defaults
