[0.125s] DEBUG:colcon:Command line arguments: ['/usr/bin/colcon', 'build']
[0.125s] DEBUG:colcon:Parsed command line arguments: Namespace(log_base=None, log_level=None, verb_name='build', build_base='build', install_base='install', merge_install=False, symlink_install=False, test_result_base=None, continue_on_error=False, executor='parallel', parallel_workers=8, event_handlers=None, ignore_user_meta=False, metas=['./colcon.meta'], base_paths=['.'], packages_ignore=None, packages_ignore_regex=None, paths=None, packages_up_to=None, packages_up_to_regex=None, packages_above=None, packages_above_and_dependencies=None, packages_above_depth=None, packages_select_by_dep=None, packages_skip_by_dep=None, packages_skip_up_to=None, packages_select_build_failed=False, packages_skip_build_finished=False, packages_select_test_failures=False, packages_skip_test_passed=False, packages_select=None, packages_skip=None, packages_select_regex=None, packages_skip_regex=None, packages_start=None, packages_end=None, allow_overriding=[], cmake_args=None, cmake_target=None, cmake_target_skip_unavailable=False, cmake_clean_cache=False, cmake_clean_first=False, cmake_force_configure=False, ament_cmake_args=None, catkin_cmake_args=None, catkin_skip_building_tests=False, verb_parser=<colcon_defaults.argument_parser.defaults.DefaultArgumentsDecorator object at 0x7028f7e579a0>, verb_extension=<colcon_core.verb.build.BuildVerb object at 0x7028f7e573d0>, main=<bound method BuildVerb.main of <colcon_core.verb.build.BuildVerb object at 0x7028f7e573d0>>)
[0.316s] Level 1:colcon.colcon_core.package_discovery:discover_packages(colcon_meta) check parameters
[0.317s] Level 1:colcon.colcon_core.package_discovery:discover_packages(recursive) check parameters
[0.317s] Level 1:colcon.colcon_core.package_discovery:discover_packages(ignore) check parameters
[0.317s] Level 1:colcon.colcon_core.package_discovery:discover_packages(path) check parameters
[0.317s] Level 1:colcon.colcon_core.package_discovery:discover_packages(colcon_meta) discover
[0.317s] Level 1:colcon.colcon_core.package_discovery:discover_packages(recursive) discover
[0.317s] INFO:colcon.colcon_core.package_discovery:Crawling recursively for packages in '/home/tejaswi/autonomous_docking_ros2'
[0.317s] Level 1:colcon.colcon_core.package_identification:_identify(.) by extensions ['ignore', 'ignore_ament_install']
[0.317s] Level 1:colcon.colcon_core.package_identification:_identify(.) by extension 'ignore'
[0.317s] Level 1:colcon.colcon_core.package_identification:_identify(.) by extension 'ignore_ament_install'
[0.317s] Level 1:colcon.colcon_core.package_identification:_identify(.) by extensions ['colcon_pkg']
[0.317s] Level 1:colcon.colcon_core.package_identification:_identify(.) by extension 'colcon_pkg'
[0.317s] Level 1:colcon.colcon_core.package_identification:_identify(.) by extensions ['colcon_meta']
[0.317s] Level 1:colcon.colcon_core.package_identification:_identify(.) by extension 'colcon_meta'
[0.317s] Level 1:colcon.colcon_core.package_identification:_identify(.) by extensions ['ros']
[0.317s] Level 1:colcon.colcon_core.package_identification:_identify(.) by extension 'ros'
[0.327s] Level 1:colcon.colcon_core.package_identification:_identify(.) by extensions ['cmake', 'python']
[0.327s] Level 1:colcon.colcon_core.package_identification:_identify(.) by extension 'cmake'
[0.327s] Level 1:colcon.colcon_core.package_identification:_identify(.) by extension 'python'
[0.327s] Level 1:colcon.colcon_core.package_identification:_identify(.) by extensions ['python_setup_py']
[0.327s] Level 1:colcon.colcon_core.package_identification:_identify(.) by extension 'python_setup_py'
[0.327s] Level 1:colcon.colcon_core.package_identification:_identify(build) by extensions ['ignore', 'ignore_ament_install']
[0.327s] Level 1:colcon.colcon_core.package_identification:_identify(build) by extension 'ignore'
[0.327s] Level 1:colcon.colcon_core.package_identification:_identify(build) ignored
[0.328s] Level 1:colcon.colcon_core.package_identification:_identify(install) by extensions ['ignore', 'ignore_ament_install']
[0.328s] Level 1:colcon.colcon_core.package_identification:_identify(install) by extension 'ignore'
[0.328s] Level 1:colcon.colcon_core.package_identification:_identify(install) ignored
[0.328s] Level 1:colcon.colcon_core.package_identification:_identify(log) by extensions ['ignore', 'ignore_ament_install']
[0.328s] Level 1:colcon.colcon_core.package_identification:_identify(log) by extension 'ignore'
[0.328s] Level 1:colcon.colcon_core.package_identification:_identify(log) ignored
[0.328s] Level 1:colcon.colcon_core.package_identification:_identify(src) by extensions ['ignore', 'ignore_ament_install']
[0.328s] Level 1:colcon.colcon_core.package_identification:_identify(src) by extension 'ignore'
[0.328s] Level 1:colcon.colcon_core.package_identification:_identify(src) by extension 'ignore_ament_install'
[0.328s] Level 1:colcon.colcon_core.package_identification:_identify(src) by extensions ['colcon_pkg']
[0.328s] Level 1:colcon.colcon_core.package_identification:_identify(src) by extension 'colcon_pkg'
[0.328s] Level 1:colcon.colcon_core.package_identification:_identify(src) by extensions ['colcon_meta']
[0.329s] Level 1:colcon.colcon_core.package_identification:_identify(src) by extension 'colcon_meta'
[0.329s] Level 1:colcon.colcon_core.package_identification:_identify(src) by extensions ['ros']
[0.329s] Level 1:colcon.colcon_core.package_identification:_identify(src) by extension 'ros'
[0.329s] Level 1:colcon.colcon_core.package_identification:_identify(src) by extensions ['cmake', 'python']
[0.329s] Level 1:colcon.colcon_core.package_identification:_identify(src) by extension 'cmake'
[0.329s] Level 1:colcon.colcon_core.package_identification:_identify(src) by extension 'python'
[0.329s] Level 1:colcon.colcon_core.package_identification:_identify(src) by extensions ['python_setup_py']
[0.329s] Level 1:colcon.colcon_core.package_identification:_identify(src) by extension 'python_setup_py'
[0.329s] Level 1:colcon.colcon_core.package_identification:_identify(src/aruco_detector) by extensions ['ignore', 'ignore_ament_install']
[0.329s] Level 1:colcon.colcon_core.package_identification:_identify(src/aruco_detector) by extension 'ignore'
[0.329s] Level 1:colcon.colcon_core.package_identification:_identify(src/aruco_detector) by extension 'ignore_ament_install'
[0.329s] Level 1:colcon.colcon_core.package_identification:_identify(src/aruco_detector) by extensions ['colcon_pkg']
[0.329s] Level 1:colcon.colcon_core.package_identification:_identify(src/aruco_detector) by extension 'colcon_pkg'
[0.329s] Level 1:colcon.colcon_core.package_identification:_identify(src/aruco_detector) by extensions ['colcon_meta']
[0.329s] Level 1:colcon.colcon_core.package_identification:_identify(src/aruco_detector) by extension 'colcon_meta'
[0.329s] Level 1:colcon.colcon_core.package_identification:_identify(src/aruco_detector) by extensions ['ros']
[0.329s] Level 1:colcon.colcon_core.package_identification:_identify(src/aruco_detector) by extension 'ros'
[0.340s] DEBUG:colcon.colcon_core.package_identification:Package 'src/aruco_detector' with type 'ros.ament_python' and name 'aruco_detector'
[0.340s] Level 1:colcon.colcon_core.package_identification:_identify(src/docking_controller) by extensions ['ignore', 'ignore_ament_install']
[0.340s] Level 1:colcon.colcon_core.package_identification:_identify(src/docking_controller) by extension 'ignore'
[0.340s] Level 1:colcon.colcon_core.package_identification:_identify(src/docking_controller) by extension 'ignore_ament_install'
[0.340s] Level 1:colcon.colcon_core.package_identification:_identify(src/docking_controller) by extensions ['colcon_pkg']
[0.340s] Level 1:colcon.colcon_core.package_identification:_identify(src/docking_controller) by extension 'colcon_pkg'
[0.340s] Level 1:colcon.colcon_core.package_identification:_identify(src/docking_controller) by extensions ['colcon_meta']
[0.340s] Level 1:colcon.colcon_core.package_identification:_identify(src/docking_controller) by extension 'colcon_meta'
[0.341s] Level 1:colcon.colcon_core.package_identification:_identify(src/docking_controller) by extensions ['ros']
[0.341s] Level 1:colcon.colcon_core.package_identification:_identify(src/docking_controller) by extension 'ros'
[0.341s] DEBUG:colcon.colcon_core.package_identification:Package 'src/docking_controller' with type 'ros.ament_python' and name 'docking_controller'
[0.341s] Level 1:colcon.colcon_core.package_discovery:discover_packages(recursive) using defaults
[0.341s] Level 1:colcon.colcon_core.package_discovery:discover_packages(ignore) discover
[0.341s] Level 1:colcon.colcon_core.package_discovery:discover_packages(ignore) using defaults
[0.342s] Level 1:colcon.colcon_core.package_discovery:discover_packages(path) discover
[0.342s] Level 1:colcon.colcon_core.package_discovery:discover_packages(path) using defaults
[0.360s] Level 1:colcon.colcon_core.package_discovery:discover_packages(prefix_path) check parameters
[0.361s] Level 1:colcon.colcon_core.package_discovery:discover_packages(prefix_path) discover
[0.368s] DEBUG:colcon.colcon_installed_package_information.package_discovery:Found 8 installed packages in /home/tejaswi/ros2_ws/install
[0.369s] DEBUG:colcon.colcon_installed_package_information.package_discovery:Found 425 installed packages in /opt/ros/humble
[0.371s] Level 1:colcon.colcon_core.package_discovery:discover_packages(prefix_path) using defaults
[0.451s] Level 5:colcon.colcon_core.verb:set package 'aruco_detector' build argument 'cmake_args' from command line to 'None'
[0.451s] Level 5:colcon.colcon_core.verb:set package 'aruco_detector' build argument 'cmake_target' from command line to 'None'
[0.451s] Level 5:colcon.colcon_core.verb:set package 'aruco_detector' build argument 'cmake_target_skip_unavailable' from command line to 'False'
[0.451s] Level 5:colcon.colcon_core.verb:set package 'aruco_detector' build argument 'cmake_clean_cache' from command line to 'False'
[0.452s] Level 5:colcon.colcon_core.verb:set package 'aruco_detector' build argument 'cmake_clean_first' from command line to 'False'
[0.452s] Level 5:colcon.colcon_core.verb:set package 'aruco_detector' build argument 'cmake_force_configure' from command line to 'False'
[0.452s] Level 5:colcon.colcon_core.verb:set package 'aruco_detector' build argument 'ament_cmake_args' from command line to 'None'
[0.452s] Level 5:colcon.colcon_core.verb:set package 'aruco_detector' build argument 'catkin_cmake_args' from command line to 'None'
[0.452s] Level 5:colcon.colcon_core.verb:set package 'aruco_detector' build argument 'catkin_skip_building_tests' from command line to 'False'
[0.452s] DEBUG:colcon.colcon_core.verb:Building package 'aruco_detector' with the following arguments: {'ament_cmake_args': None, 'build_base': '/home/tejaswi/autonomous_docking_ros2/build/aruco_detector', 'catkin_cmake_args': None, 'catkin_skip_building_tests': False, 'cmake_args': None, 'cmake_clean_cache': False, 'cmake_clean_first': False, 'cmake_force_configure': False, 'cmake_target': None, 'cmake_target_skip_unavailable': False, 'install_base': '/home/tejaswi/autonomous_docking_ros2/install/aruco_detector', 'merge_install': False, 'path': '/home/tejaswi/autonomous_docking_ros2/src/aruco_detector', 'symlink_install': False, 'test_result_base': None}
[0.452s] Level 5:colcon.colcon_core.verb:set package 'docking_controller' build argument 'cmake_args' from command line to 'None'
[0.452s] Level 5:colcon.colcon_core.verb:set package 'docking_controller' build argument 'cmake_target' from command line to 'None'
[0.452s] Level 5:colcon.colcon_core.verb:set package 'docking_controller' build argument 'cmake_target_skip_unavailable' from command line to 'False'
[0.452s] Level 5:colcon.colcon_core.verb:set package 'docking_controller' build argument 'cmake_clean_cache' from command line to 'False'
[0.452s] Level 5:colcon.colcon_core.verb:set package 'docking_controller' build argument 'cmake_clean_first' from command line to 'False'
[0.452s] Level 5:colcon.colcon_core.verb:set package 'docking_controller' build argument 'cmake_force_configure' from command line to 'False'
[0.452s] Level 5:colcon.colcon_core.verb:set package 'docking_controller' build argument 'ament_cmake_args' from command line to 'None'
[0.453s] Level 5:colcon.colcon_core.verb:set package 'docking_controller' build argument 'catkin_cmake_args' from command line to 'None'
[0.453s] Level 5:colcon.colcon_core.verb:set package 'docking_controller' build argument 'catkin_skip_building_tests' from command line to 'False'
[0.453s] DEBUG:colcon.colcon_core.verb:Building package 'docking_controller' with the following arguments: {'ament_cmake_args': None, 'build_base': '/home/tejaswi/autonomous_docking_ros2/build/docking_controller', 'catkin_cmake_args': None, 'catkin_skip_building_tests': False, 'cmake_args': None, 'cmake_clean_cache': False, 'cmake_clean_first': False, 'cmake_force_configure': False, 'cmake_target': None, 'cmake_target_skip_unavailable': False, 'install_base': '/home/tejaswi/autonomous_docking_ros2/install/docking_controller', 'merge_install': False, 'path': '/home/tejaswi/autonomous_docking_ros2/src/docking_controller', 'symlink_install': False, 'test_result_base': None}
[0.453s] INFO:colcon.colcon_core.executor:Executing jobs using 'parallel' executor
[0.454s] DEBUG:colcon.colcon_parallel_executor.executor.parallel:run_until_complete
[0.454s] INFO:colcon.colcon_ros.task.ament_python.build:Building ROS package in '/home/tejaswi/autonomous_docking_ros2/src/aruco_detector' with build type 'ament_python'
[0.454s] Level 1:colcon.colcon_core.shell:create_environment_hook('aruco_detector', 'ament_prefix_path')
[0.458s] INFO:colcon.colcon_core.plugin_system:Skipping extension 'colcon_core.shell.bat': Not used on non-Windows systems
[0.458s] INFO:colcon.colcon_core.shell:Creating environment hook '/home/tejaswi/autonomous_docking_ros2/install/aruco_detector/share/aruco_detector/hook/ament_prefix_path.ps1'
[0.459s] INFO:colcon.colcon_core.shell:Creating environment descriptor '/home/tejaswi/autonomous_docking_ros2/install/aruco_detector/share/aruco_detector/hook/ament_prefix_path.dsv'
[0.460s] INFO:colcon.colcon_core.shell:Creating environment hook '/home/tejaswi/autonomous_docking_ros2/install/aruco_detector/share/aruco_detector/hook/ament_prefix_path.sh'
[0.460s] INFO:colcon.colcon_core.shell:Skip shell extension 'powershell' for command environment: Not usable outside of PowerShell
[0.461s] DEBUG:colcon.colcon_core.shell:Skip shell extension 'dsv' for command environment
[0.464s] INFO:colcon.colcon_ros.task.ament_python.build:Building ROS package in '/home/tejaswi/autonomous_docking_ros2/src/docking_controller' with build type 'ament_python'
[0.465s] Level 1:colcon.colcon_core.shell:create_environment_hook('docking_controller', 'ament_prefix_path')
[0.465s] INFO:colcon.colcon_core.shell:Creating environment hook '/home/tejaswi/autonomous_docking_ros2/install/docking_controller/share/docking_controller/hook/ament_prefix_path.ps1'
[0.466s] INFO:colcon.colcon_core.shell:Creating environment descriptor '/home/tejaswi/autonomous_docking_ros2/install/docking_controller/share/docking_controller/hook/ament_prefix_path.dsv'
[0.466s] INFO:colcon.colcon_core.shell:Creating environment hook '/home/tejaswi/autonomous_docking_ros2/install/docking_controller/share/docking_controller/hook/ament_prefix_path.sh'
[0.467s] INFO:colcon.colcon_core.shell:Skip shell extension 'powershell' for command environment: Not usable outside of PowerShell
[0.467s] DEBUG:colcon.colcon_core.shell:Skip shell extension 'dsv' for command environment
[0.753s] INFO:colcon.colcon_core.task.python.build:Building Python package in '/home/tejaswi/autonomous_docking_ros2/src/aruco_detector'
[0.753s] INFO:colcon.colcon_core.shell:Skip shell extension 'powershell' for command environment: Not usable outside of PowerShell
[0.753s] DEBUG:colcon.colcon_core.shell:Skip shell extension 'dsv' for command environment
[1.027s] INFO:colcon.colcon_core.task.python.build:Building Python package in '/home/tejaswi/autonomous_docking_ros2/src/docking_controller'
[1.027s] INFO:colcon.colcon_core.shell:Skip shell extension 'powershell' for command environment: Not usable outside of PowerShell
[1.027s] DEBUG:colcon.colcon_core.shell:Skip shell extension 'dsv' for command environment
[1.563s] DEBUG:colcon.colcon_core.event_handler.log_command:Invoking command in '/home/tejaswi/autonomous_docking_ros2/src/aruco_detector': PYTHONPATH=/home/tejaswi/autonomous_docking_ros2/build/aruco_detector/prefix_override:/usr/lib/python3/dist-packages/colcon_core/task/python/colcon_distutils_commands:/home/tejaswi/autonomous_docking_ros2/install/aruco_detector/lib/python3.10/site-packages:${PYTHONPATH} /usr/bin/python3 -W ignore:setup.py install is deprecated setup.py egg_info --egg-base ../../build/aruco_detector build --build-base /home/tejaswi/autonomous_docking_ros2/build/aruco_detector/build install --record /home/tejaswi/autonomous_docking_ros2/build/aruco_detector/install.log --single-version-externally-managed install_data
[1.569s] DEBUG:colcon.colcon_core.event_handler.log_command:Invoking command in '/home/tejaswi/autonomous_docking_ros2/src/docking_controller': PYTHONPATH=/home/tejaswi/autonomous_docking_ros2/build/docking_controller/prefix_override:/usr/lib/python3/dist-packages/colcon_core/task/python/colcon_distutils_commands:/home/tejaswi/autonomous_docking_ros2/install/docking_controller/lib/python3.10/site-packages:${PYTHONPATH} /usr/bin/python3 -W ignore:setup.py install is deprecated setup.py egg_info --egg-base ../../build/docking_controller build --build-base /home/tejaswi/autonomous_docking_ros2/build/docking_controller/build install --record /home/tejaswi/autonomous_docking_ros2/build/docking_controller/install.log --single-version-externally-managed install_data
[1.919s] DEBUG:colcon.colcon_core.event_handler.log_command:Invoked command in '/home/tejaswi/autonomous_docking_ros2/src/aruco_detector' returned '0': PYTHONPATH=/home/tejaswi/autonomous_docking_ros2/build/aruco_detector/prefix_override:/usr/lib/python3/dist-packages/colcon_core/task/python/colcon_distutils_commands:/home/tejaswi/autonomous_docking_ros2/install/aruco_detector/lib/python3.10/site-packages:${PYTHONPATH} /usr/bin/python3 -W ignore:setup.py install is deprecated setup.py egg_info --egg-base ../../build/aruco_detector build --build-base /home/tejaswi/autonomous_docking_ros2/build/aruco_detector/build install --record /home/tejaswi/autonomous_docking_ros2/build/aruco_detector/install.log --single-version-externally-managed install_data
[1.924s] Level 1:colcon.colcon_core.environment:checking '/home/tejaswi/autonomous_docking_ros2/install/aruco_detector' for CMake module files
[1.924s] Level 1:colcon.colcon_core.environment:checking '/home/tejaswi/autonomous_docking_ros2/install/aruco_detector' for CMake config files
[1.925s] Level 1:colcon.colcon_core.environment:checking '/home/tejaswi/autonomous_docking_ros2/install/aruco_detector/lib'
[1.925s] Level 1:colcon.colcon_core.environment:checking '/home/tejaswi/autonomous_docking_ros2/install/aruco_detector/bin'
[1.925s] Level 1:colcon.colcon_core.environment:checking '/home/tejaswi/autonomous_docking_ros2/install/aruco_detector/lib/pkgconfig/aruco_detector.pc'
[1.925s] Level 1:colcon.colcon_core.environment:checking '/home/tejaswi/autonomous_docking_ros2/install/aruco_detector/lib/python3.10/site-packages'
[1.926s] Level 1:colcon.colcon_core.shell:create_environment_hook('aruco_detector', 'pythonpath')
[1.926s] INFO:colcon.colcon_core.shell:Creating environment hook '/home/tejaswi/autonomous_docking_ros2/install/aruco_detector/share/aruco_detector/hook/pythonpath.ps1'
[1.926s] INFO:colcon.colcon_core.shell:Creating environment descriptor '/home/tejaswi/autonomous_docking_ros2/install/aruco_detector/share/aruco_detector/hook/pythonpath.dsv'
[1.926s] INFO:colcon.colcon_core.shell:Creating environment hook '/home/tejaswi/autonomous_docking_ros2/install/aruco_detector/share/aruco_detector/hook/pythonpath.sh'
[1.927s] Level 1:colcon.colcon_core.environment:checking '/home/tejaswi/autonomous_docking_ros2/install/aruco_detector/bin'
[1.927s] Level 1:colcon.colcon_core.environment:create_environment_scripts_only(aruco_detector)
[1.927s] INFO:colcon.colcon_core.shell:Creating package script '/home/tejaswi/autonomous_docking_ros2/install/aruco_detector/share/aruco_detector/package.ps1'
[1.928s] INFO:colcon.colcon_core.shell:Creating package descriptor '/home/tejaswi/autonomous_docking_ros2/install/aruco_detector/share/aruco_detector/package.dsv'
[1.929s] INFO:colcon.colcon_core.shell:Creating package script '/home/tejaswi/autonomous_docking_ros2/install/aruco_detector/share/aruco_detector/package.sh'
[1.930s] INFO:colcon.colcon_core.shell:Creating package script '/home/tejaswi/autonomous_docking_ros2/install/aruco_detector/share/aruco_detector/package.bash'
[1.932s] INFO:colcon.colcon_core.shell:Creating package script '/home/tejaswi/autonomous_docking_ros2/install/aruco_detector/share/aruco_detector/package.zsh'
[1.933s] Level 1:colcon.colcon_core.environment:create_file_with_runtime_dependencies(/home/tejaswi/autonomous_docking_ros2/install/aruco_detector/share/colcon-core/packages/aruco_detector)
[1.934s] Level 1:colcon.colcon_core.environment:checking '/home/tejaswi/autonomous_docking_ros2/install/docking_controller' for CMake module files
[1.934s] Level 1:colcon.colcon_core.environment:checking '/home/tejaswi/autonomous_docking_ros2/install/docking_controller' for CMake config files
[1.935s] DEBUG:colcon.colcon_core.event_handler.log_command:Invoked command in '/home/tejaswi/autonomous_docking_ros2/src/docking_controller' returned '0': PYTHONPATH=/home/tejaswi/autonomous_docking_ros2/build/docking_controller/prefix_override:/usr/lib/python3/dist-packages/colcon_core/task/python/colcon_distutils_commands:/home/tejaswi/autonomous_docking_ros2/install/docking_controller/lib/python3.10/site-packages:${PYTHONPATH} /usr/bin/python3 -W ignore:setup.py install is deprecated setup.py egg_info --egg-base ../../build/docking_controller build --build-base /home/tejaswi/autonomous_docking_ros2/build/docking_controller/build install --record /home/tejaswi/autonomous_docking_ros2/build/docking_controller/install.log --single-version-externally-managed install_data
[1.935s] Level 1:colcon.colcon_core.environment:checking '/home/tejaswi/autonomous_docking_ros2/install/docking_controller/lib'
[1.935s] Level 1:colcon.colcon_core.environment:checking '/home/tejaswi/autonomous_docking_ros2/install/docking_controller/bin'
[1.936s] Level 1:colcon.colcon_core.environment:checking '/home/tejaswi/autonomous_docking_ros2/install/docking_controller/lib/pkgconfig/docking_controller.pc'
[1.936s] Level 1:colcon.colcon_core.environment:checking '/home/tejaswi/autonomous_docking_ros2/install/docking_controller/lib/python3.10/site-packages'
[1.936s] Level 1:colcon.colcon_core.shell:create_environment_hook('docking_controller', 'pythonpath')
[1.936s] INFO:colcon.colcon_core.shell:Creating environment hook '/home/tejaswi/autonomous_docking_ros2/install/docking_controller/share/docking_controller/hook/pythonpath.ps1'
[1.937s] INFO:colcon.colcon_core.shell:Creating environment descriptor '/home/tejaswi/autonomous_docking_ros2/install/docking_controller/share/docking_controller/hook/pythonpath.dsv'
[1.937s] INFO:colcon.colcon_core.shell:Creating environment hook '/home/tejaswi/autonomous_docking_ros2/install/docking_controller/share/docking_controller/hook/pythonpath.sh'
[1.937s] Level 1:colcon.colcon_core.environment:checking '/home/tejaswi/autonomous_docking_ros2/install/docking_controller/bin'
[1.937s] Level 1:colcon.colcon_core.environment:create_environment_scripts_only(docking_controller)
[1.938s] INFO:colcon.colcon_core.shell:Creating package script '/home/tejaswi/autonomous_docking_ros2/install/docking_controller/share/docking_controller/package.ps1'
[1.938s] INFO:colcon.colcon_core.shell:Creating package descriptor '/home/tejaswi/autonomous_docking_ros2/install/docking_controller/share/docking_controller/package.dsv'
[1.939s] INFO:colcon.colcon_core.shell:Creating package script '/home/tejaswi/autonomous_docking_ros2/install/docking_controller/share/docking_controller/package.sh'
[1.939s] INFO:colcon.colcon_core.shell:Creating package script '/home/tejaswi/autonomous_docking_ros2/install/docking_controller/share/docking_controller/package.bash'
[1.939s] INFO:colcon.colcon_core.shell:Creating package script '/home/tejaswi/autonomous_docking_ros2/install/docking_controller/share/docking_controller/package.zsh'
[1.939s] Level 1:colcon.colcon_core.environment:create_file_with_runtime_dependencies(/home/tejaswi/autonomous_docking_ros2/install/docking_controller/share/colcon-core/packages/docking_controller)
[1.940s] DEBUG:colcon.colcon_parallel_executor.executor.parallel:closing loop
[1.940s] DEBUG:colcon.colcon_parallel_executor.executor.parallel:loop closed
[1.940s] DEBUG:colcon.colcon_parallel_executor.executor.parallel:run_until_complete finished with '0'
[1.940s] DEBUG:colcon.colcon_core.event_reactor:joining thread
[1.950s] INFO:colcon.colcon_core.plugin_system:Skipping extension 'colcon_notification.desktop_notification.terminal_notifier': Not used on non-Darwin systems
[1.950s] INFO:colcon.colcon_core.plugin_system:Skipping extension 'colcon_notification.desktop_notification.win32': Not used on non-Windows systems
[1.950s] INFO:colcon.colcon_notification.desktop_notification:Sending desktop notification using 'notify2'
[1.971s] DEBUG:colcon.colcon_core.event_reactor:joined thread
[1.971s] INFO:colcon.colcon_core.shell:Creating prefix script '/home/tejaswi/autonomous_docking_ros2/install/local_setup.ps1'
[1.973s] INFO:colcon.colcon_core.shell:Creating prefix util module '/home/tejaswi/autonomous_docking_ros2/install/_local_setup_util_ps1.py'
[1.975s] INFO:colcon.colcon_core.shell:Creating prefix chain script '/home/tejaswi/autonomous_docking_ros2/install/setup.ps1'
[1.977s] INFO:colcon.colcon_core.shell:Creating prefix script '/home/tejaswi/autonomous_docking_ros2/install/local_setup.sh'
[1.978s] INFO:colcon.colcon_core.shell:Creating prefix util module '/home/tejaswi/autonomous_docking_ros2/install/_local_setup_util_sh.py'
[1.979s] INFO:colcon.colcon_core.shell:Creating prefix chain script '/home/tejaswi/autonomous_docking_ros2/install/setup.sh'
[1.980s] INFO:colcon.colcon_core.shell:Creating prefix script '/home/tejaswi/autonomous_docking_ros2/install/local_setup.bash'
[1.981s] INFO:colcon.colcon_core.shell:Creating prefix chain script '/home/tejaswi/autonomous_docking_ros2/install/setup.bash'
[1.983s] INFO:colcon.colcon_core.shell:Creating prefix script '/home/tejaswi/autonomous_docking_ros2/install/local_setup.zsh'
[1.983s] INFO:colcon.colcon_core.shell:Creating prefix chain script '/home/tejaswi/autonomous_docking_ros2/install/setup.zsh'
