[0.878s] Invoking command in '/home/tejaswi/autonomous_docking_ros2/src/aruco_detector': PYTHONPATH=/home/tejaswi/autonomous_docking_ros2/build/aruco_detector/prefix_override:/usr/lib/python3/dist-packages/colcon_core/task/python/colcon_distutils_commands:/home/tejaswi/autonomous_docking_ros2/install/aruco_detector/lib/python3.10/site-packages:${PYTHONPATH} /usr/bin/python3 -W ignore:setup.py install is deprecated setup.py egg_info --egg-base ../../build/aruco_detector build --build-base /home/tejaswi/autonomous_docking_ros2/build/aruco_detector/build install --record /home/tejaswi/autonomous_docking_ros2/build/aruco_detector/install.log --single-version-externally-managed install_data
[1.120s] running egg_info
[1.121s] writing ../../build/aruco_detector/aruco_detector.egg-info/PKG-INFO
[1.121s] writing dependency_links to ../../build/aruco_detector/aruco_detector.egg-info/dependency_links.txt
[1.121s] writing entry points to ../../build/aruco_detector/aruco_detector.egg-info/entry_points.txt
[1.121s] writing requirements to ../../build/aruco_detector/aruco_detector.egg-info/requires.txt
[1.121s] writing top-level names to ../../build/aruco_detector/aruco_detector.egg-info/top_level.txt
[1.123s] reading manifest file '../../build/aruco_detector/aruco_detector.egg-info/SOURCES.txt'
[1.123s] writing manifest file '../../build/aruco_detector/aruco_detector.egg-info/SOURCES.txt'
[1.124s] running build
[1.124s] running build_py
[1.124s] running install
[1.124s] running install_lib
[1.125s] running install_data
[1.125s] running install_egg_info
[1.127s] removing '/home/tejaswi/autonomous_docking_ros2/install/aruco_detector/lib/python3.10/site-packages/aruco_detector-0.0.0-py3.10.egg-info' (and everything under it)
[1.127s] Copying ../../build/aruco_detector/aruco_detector.egg-info to /home/tejaswi/autonomous_docking_ros2/install/aruco_detector/lib/python3.10/site-packages/aruco_detector-0.0.0-py3.10.egg-info
[1.128s] running install_scripts
[1.149s] Installing aruco_node script to /home/tejaswi/autonomous_docking_ros2/install/aruco_detector/lib/aruco_detector
[1.149s] writing list of installed files to '/home/tejaswi/autonomous_docking_ros2/build/aruco_detector/install.log'
[1.178s] Invoked command in '/home/tejaswi/autonomous_docking_ros2/src/aruco_detector' returned '0': PYTHONPATH=/home/tejaswi/autonomous_docking_ros2/build/aruco_detector/prefix_override:/usr/lib/python3/dist-packages/colcon_core/task/python/colcon_distutils_commands:/home/tejaswi/autonomous_docking_ros2/install/aruco_detector/lib/python3.10/site-packages:${PYTHONPATH} /usr/bin/python3 -W ignore:setup.py install is deprecated setup.py egg_info --egg-base ../../build/aruco_detector build --build-base /home/tejaswi/autonomous_docking_ros2/build/aruco_detector/build install --record /home/tejaswi/autonomous_docking_ros2/build/aruco_detector/install.log --single-version-externally-managed install_data
